Archive member included to satisfy reference by file (symbol)

/Users/johannes/Library/Application Support/Code/User/globalStorage/bmd.stm32-for-vscode/@xpack-dev-tools/arm-none-eabi-gcc/11.2.1-1.2.2/.content/bin/../lib/gcc/arm-none-eabi/11.2.1/../../../../arm-none-eabi/lib/thumb/v7e-m+fp/hard/libc_nano.a(lib_a-atexit.o)
                              /Users/johannes/Library/Application Support/Code/User/globalStorage/bmd.stm32-for-vscode/@xpack-dev-tools/arm-none-eabi-gcc/11.2.1-1.2.2/.content/bin/../lib/gcc/arm-none-eabi/11.2.1/../../../../arm-none-eabi/lib/thumb/v7e-m+fp/hard/crt0.o (atexit)
/Users/johannes/Library/Application Support/Code/User/globalStorage/bmd.stm32-for-vscode/@xpack-dev-tools/arm-none-eabi-gcc/11.2.1-1.2.2/.content/bin/../lib/gcc/arm-none-eabi/11.2.1/../../../../arm-none-eabi/lib/thumb/v7e-m+fp/hard/libc_nano.a(lib_a-exit.o)
                              /Users/johannes/Library/Application Support/Code/User/globalStorage/bmd.stm32-for-vscode/@xpack-dev-tools/arm-none-eabi-gcc/11.2.1-1.2.2/.content/bin/../lib/gcc/arm-none-eabi/11.2.1/../../../../arm-none-eabi/lib/thumb/v7e-m+fp/hard/crt0.o (exit)
/Users/johannes/Library/Application Support/Code/User/globalStorage/bmd.stm32-for-vscode/@xpack-dev-tools/arm-none-eabi-gcc/11.2.1-1.2.2/.content/bin/../lib/gcc/arm-none-eabi/11.2.1/../../../../arm-none-eabi/lib/thumb/v7e-m+fp/hard/libc_nano.a(lib_a-fini.o)
                              /Users/johannes/Library/Application Support/Code/User/globalStorage/bmd.stm32-for-vscode/@xpack-dev-tools/arm-none-eabi-gcc/11.2.1-1.2.2/.content/bin/../lib/gcc/arm-none-eabi/11.2.1/../../../../arm-none-eabi/lib/thumb/v7e-m+fp/hard/crt0.o (__libc_fini_array)
/Users/johannes/Library/Application Support/Code/User/globalStorage/bmd.stm32-for-vscode/@xpack-dev-tools/arm-none-eabi-gcc/11.2.1-1.2.2/.content/bin/../lib/gcc/arm-none-eabi/11.2.1/../../../../arm-none-eabi/lib/thumb/v7e-m+fp/hard/libc_nano.a(lib_a-impure.o)
                              /Users/johannes/Library/Application Support/Code/User/globalStorage/bmd.stm32-for-vscode/@xpack-dev-tools/arm-none-eabi-gcc/11.2.1-1.2.2/.content/bin/../lib/gcc/arm-none-eabi/11.2.1/../../../../arm-none-eabi/lib/thumb/v7e-m+fp/hard/libc_nano.a(lib_a-exit.o) (_global_impure_ptr)
/Users/johannes/Library/Application Support/Code/User/globalStorage/bmd.stm32-for-vscode/@xpack-dev-tools/arm-none-eabi-gcc/11.2.1-1.2.2/.content/bin/../lib/gcc/arm-none-eabi/11.2.1/../../../../arm-none-eabi/lib/thumb/v7e-m+fp/hard/libc_nano.a(lib_a-init.o)
                              /Users/johannes/Library/Application Support/Code/User/globalStorage/bmd.stm32-for-vscode/@xpack-dev-tools/arm-none-eabi-gcc/11.2.1-1.2.2/.content/bin/../lib/gcc/arm-none-eabi/11.2.1/../../../../arm-none-eabi/lib/thumb/v7e-m+fp/hard/crt0.o (__libc_init_array)
/Users/johannes/Library/Application Support/Code/User/globalStorage/bmd.stm32-for-vscode/@xpack-dev-tools/arm-none-eabi-gcc/11.2.1-1.2.2/.content/bin/../lib/gcc/arm-none-eabi/11.2.1/../../../../arm-none-eabi/lib/thumb/v7e-m+fp/hard/libc_nano.a(lib_a-memcmp.o)
                              build/lv_font_loader.o (memcmp)
/Users/johannes/Library/Application Support/Code/User/globalStorage/bmd.stm32-for-vscode/@xpack-dev-tools/arm-none-eabi-gcc/11.2.1-1.2.2/.content/bin/../lib/gcc/arm-none-eabi/11.2.1/../../../../arm-none-eabi/lib/thumb/v7e-m+fp/hard/libc_nano.a(lib_a-memcpy-stub.o)
                              build/qrcodegen.o (memcpy)
/Users/johannes/Library/Application Support/Code/User/globalStorage/bmd.stm32-for-vscode/@xpack-dev-tools/arm-none-eabi-gcc/11.2.1-1.2.2/.content/bin/../lib/gcc/arm-none-eabi/11.2.1/../../../../arm-none-eabi/lib/thumb/v7e-m+fp/hard/libc_nano.a(lib_a-memmove.o)
                              build/qrcodegen.o (memmove)
/Users/johannes/Library/Application Support/Code/User/globalStorage/bmd.stm32-for-vscode/@xpack-dev-tools/arm-none-eabi-gcc/11.2.1-1.2.2/.content/bin/../lib/gcc/arm-none-eabi/11.2.1/../../../../arm-none-eabi/lib/thumb/v7e-m+fp/hard/libc_nano.a(lib_a-memset.o)
                              /Users/johannes/Library/Application Support/Code/User/globalStorage/bmd.stm32-for-vscode/@xpack-dev-tools/arm-none-eabi-gcc/11.2.1-1.2.2/.content/bin/../lib/gcc/arm-none-eabi/11.2.1/../../../../arm-none-eabi/lib/thumb/v7e-m+fp/hard/crt0.o (memset)
/Users/johannes/Library/Application Support/Code/User/globalStorage/bmd.stm32-for-vscode/@xpack-dev-tools/arm-none-eabi-gcc/11.2.1-1.2.2/.content/bin/../lib/gcc/arm-none-eabi/11.2.1/../../../../arm-none-eabi/lib/thumb/v7e-m+fp/hard/libc_nano.a(lib_a-strchr.o)
                              build/qrcodegen.o (strchr)
/Users/johannes/Library/Application Support/Code/User/globalStorage/bmd.stm32-for-vscode/@xpack-dev-tools/arm-none-eabi-gcc/11.2.1-1.2.2/.content/bin/../lib/gcc/arm-none-eabi/11.2.1/../../../../arm-none-eabi/lib/thumb/v7e-m+fp/hard/libc_nano.a(lib_a-strcmp.o)
                              build/lv_img_decoder.o (strcmp)
[...]
Memory Configuration

Name             Origin             Length             Attributes
RAM              0x0000000020000000 0x0000000000020000 xrw
CCMRAM           0x0000000010000000 0x0000000000010000 xrw
FLASH            0x0000000008000000 0x0000000000100000 xr
*default*        0x0000000000000000 0xffffffffffffffff

Linker script and memory map

LOAD /Users/johannes/Library/Application Support/Code/User/globalStorage/bmd.stm32-for-vscode/@xpack-dev-tools/arm-none-eabi-gcc/11.2.1-1.2.2/.content/bin/../lib/gcc/arm-none-eabi/11.2.1/thumb/v7e-m+fp/hard/crti.o
LOAD /Users/johannes/Library/Application Support/Code/User/globalStorage/bmd.stm32-for-vscode/@xpack-dev-tools/arm-none-eabi-gcc/11.2.1-1.2.2/.content/bin/../lib/gcc/arm-none-eabi/11.2.1/thumb/v7e-m+fp/hard/crtbegin.o
LOAD /Users/johannes/Library/Application Support/Code/User/globalStorage/bmd.stm32-for-vscode/@xpack-dev-tools/arm-none-eabi-gcc/11.2.1-1.2.2/.content/bin/../lib/gcc/arm-none-eabi/11.2.1/../../../../arm-none-eabi/lib/thumb/v7e-m+fp/hard/crt0.o
LOAD build/LCDController.o
LOAD build/dma.o
LOAD build/gpio.o
LOAD build/i2s.o
LOAD build/main.o
LOAD build/spi.o
LOAD build/stm32f4xx_hal_msp.o
LOAD build/stm32f4xx_it.o
LOAD build/system_stm32f4xx.o
LOAD build/fonts.o
LOAD build/st7789v.o
LOAD build/stm32f4xx_hal.o
LOAD build/stm32f4xx_hal_cortex.o
LOAD build/stm32f4xx_hal_dma.o
LOAD build/stm32f4xx_hal_dma_ex.o
LOAD build/stm32f4xx_hal_exti.o
LOAD build/stm32f4xx_hal_flash.o
LOAD build/stm32f4xx_hal_flash_ex.o
LOAD build/stm32f4xx_hal_flash_ramfunc.o
LOAD build/stm32f4xx_hal_gpio.o
LOAD build/stm32f4xx_hal_i2s.o
LOAD build/stm32f4xx_hal_i2s_ex.o
LOAD build/stm32f4xx_hal_pwr.o
LOAD build/stm32f4xx_hal_pwr_ex.o
LOAD build/stm32f4xx_hal_rcc.o
LOAD build/stm32f4xx_hal_rcc_ex.o
LOAD build/stm32f4xx_hal_spi.o
LOAD build/stm32f4xx_hal_tim.o
LOAD build/stm32f4xx_hal_tim_ex.o
LOAD build/img_benchmark_cogwheel_alpha16.o
LOAD build/img_benchmark_cogwheel_argb.o
LOAD build/img_benchmark_cogwheel_chroma_keyed.o
LOAD build/img_benchmark_cogwheel_indexed16.o
LOAD build/img_benchmark_cogwheel_rgb.o
LOAD build/img_benchmark_cogwheel_rgb565a8.o
LOAD build/lv_font_bechmark_montserrat_12_compr_az.c.o
LOAD build/lv_font_bechmark_montserrat_16_compr_az.c.o
LOAD build/lv_font_bechmark_montserrat_28_compr_az.c.o
LOAD build/lv_demo_benchmark.o
LOAD build/lv_demo_keypad_encoder.o
LOAD build/img_lv_demo_music_btn_corner_large.o
LOAD build/img_lv_demo_music_btn_list_pause.o
LOAD build/img_lv_demo_music_btn_list_pause_large.o
LOAD build/img_lv_demo_music_btn_list_play.o
LOAD build/img_lv_demo_music_btn_list_play_large.o
LOAD build/img_lv_demo_music_btn_loop.o
LOAD build/img_lv_demo_music_btn_loop_large.o
LOAD build/img_lv_demo_music_btn_next.o
LOAD build/img_lv_demo_music_btn_next_large.o
LOAD build/img_lv_demo_music_btn_pause.o
LOAD build/img_lv_demo_music_btn_pause_large.o
LOAD build/img_lv_demo_music_btn_play.o
LOAD build/img_lv_demo_music_btn_play_large.o
LOAD build/img_lv_demo_music_btn_prev.o
LOAD build/img_lv_demo_music_btn_prev_large.o
LOAD build/img_lv_demo_music_btn_rnd.o
LOAD build/img_lv_demo_music_btn_rnd_large.o
LOAD build/img_lv_demo_music_corner_left.o
LOAD build/img_lv_demo_music_corner_left_large.o
LOAD build/img_lv_demo_music_corner_right.o
LOAD build/img_lv_demo_music_corner_right_large.o
LOAD build/img_lv_demo_music_cover_1.o
LOAD build/img_lv_demo_music_cover_1_large.o
LOAD build/img_lv_demo_music_cover_2.o
LOAD build/img_lv_demo_music_cover_2_large.o
LOAD build/img_lv_demo_music_cover_3.o
LOAD build/img_lv_demo_music_cover_3_large.o
LOAD build/img_lv_demo_music_icon_1.o
LOAD build/img_lv_demo_music_icon_1_large.o
LOAD build/img_lv_demo_music_icon_2.o
LOAD build/img_lv_demo_music_icon_2_large.o
LOAD build/img_lv_demo_music_icon_3.o
LOAD build/img_lv_demo_music_icon_3_large.o
LOAD build/img_lv_demo_music_icon_4.o
LOAD build/img_lv_demo_music_icon_4_large.o
LOAD build/img_lv_demo_music_list_border.o
LOAD build/img_lv_demo_music_list_border_large.o
LOAD build/img_lv_demo_music_logo.o
LOAD build/img_lv_demo_music_slider_knob.o
LOAD build/img_lv_demo_music_slider_knob_large.o
LOAD build/img_lv_demo_music_wave_bottom.o
LOAD build/img_lv_demo_music_wave_bottom_large.o
LOAD build/img_lv_demo_music_wave_top.o
LOAD build/img_lv_demo_music_wave_top_large.o
LOAD build/lv_demo_music.o
LOAD build/lv_demo_music_list.o
LOAD build/lv_demo_music_main.o
LOAD build/lv_demo_stress.o
LOAD build/img_clothes.o
LOAD build/img_demo_widgets_avatar.o
LOAD build/img_lvgl_logo.o
LOAD build/lv_demo_widgets.o
LOAD build/lv_rt_thread_port.o
LOAD build/lv_ui_entry.o
LOAD build/lv_disp.o
LOAD build/lv_event.o
LOAD build/lv_group.o
LOAD build/lv_indev.o
LOAD build/lv_indev_scroll.o
LOAD build/lv_obj.o
LOAD build/lv_obj_class.o
LOAD build/lv_obj_draw.o
LOAD build/lv_obj_pos.o
LOAD build/lv_obj_scroll.o
LOAD build/lv_obj_style.o
LOAD build/lv_obj_style_gen.o
LOAD build/lv_obj_tree.o
LOAD build/lv_refr.o
LOAD build/lv_theme.o
LOAD build/lv_gpu_arm2d.o
LOAD build/lv_draw.o
LOAD build/lv_draw_arc.o
LOAD build/lv_draw_img.o
LOAD build/lv_draw_label.o
LOAD build/lv_draw_layer.o
LOAD build/lv_draw_line.o
LOAD build/lv_draw_mask.o
LOAD build/lv_draw_rect.o
LOAD build/lv_draw_transform.o
LOAD build/lv_draw_triangle.o
LOAD build/lv_img_buf.o
LOAD build/lv_img_cache.o
LOAD build/lv_img_decoder.o
LOAD build/lv_draw_pxp.o
LOAD build/lv_draw_pxp_blend.o
LOAD build/lv_gpu_nxp_pxp.o
LOAD build/lv_gpu_nxp_pxp_osa.o
LOAD build/lv_draw_vglite.o
LOAD build/lv_draw_vglite_arc.o
LOAD build/lv_draw_vglite_blend.o
LOAD build/lv_draw_vglite_line.o
LOAD build/lv_draw_vglite_rect.o
LOAD build/lv_vglite_buf.o
LOAD build/lv_vglite_utils.o
LOAD build/lv_gpu_d2_draw_label.o
LOAD build/lv_gpu_d2_ra6m3.o
LOAD build/lv_draw_sdl.o
LOAD build/lv_draw_sdl_arc.o
LOAD build/lv_draw_sdl_bg.o
LOAD build/lv_draw_sdl_composite.o
LOAD build/lv_draw_sdl_img.o
LOAD build/lv_draw_sdl_label.o
LOAD build/lv_draw_sdl_layer.o
LOAD build/lv_draw_sdl_line.o
LOAD build/lv_draw_sdl_mask.o
LOAD build/lv_draw_sdl_polygon.o
LOAD build/lv_draw_sdl_rect.o
LOAD build/lv_draw_sdl_stack_blur.o
LOAD build/lv_draw_sdl_texture_cache.o
LOAD build/lv_draw_sdl_utils.o
LOAD build/lv_gpu_stm32_dma2d.o
LOAD build/lv_draw_sw.o
LOAD build/lv_draw_sw_arc.o
LOAD build/lv_draw_sw_blend.o
LOAD build/lv_draw_sw_dither.o
LOAD build/lv_draw_sw_gradient.o
LOAD build/lv_draw_sw_img.o
LOAD build/lv_draw_sw_layer.o
LOAD build/lv_draw_sw_letter.o
LOAD build/lv_draw_sw_line.o
LOAD build/lv_draw_sw_polygon.o
LOAD build/lv_draw_sw_rect.o
LOAD build/lv_draw_sw_transform.o
LOAD build/lv_gpu_swm341_dma2d.o
LOAD build/lv_flex.o
LOAD build/lv_grid.o
LOAD build/lv_bmp.o
LOAD build/lv_ffmpeg.o
LOAD build/lv_freetype.o
LOAD build/lv_fs_fatfs.o
LOAD build/lv_fs_littlefs.o
LOAD build/lv_fs_posix.o
LOAD build/lv_fs_stdio.o
LOAD build/lv_fs_win32.o
LOAD build/gifdec.o
LOAD build/lv_gif.o
LOAD build/lodepng.o
LOAD build/lv_png.o
LOAD build/lv_qrcode.o
LOAD build/qrcodegen.o
LOAD build/lv_rlottie.o
LOAD build/lv_sjpg.o
LOAD build/tjpgd.o
LOAD build/lv_tiny_ttf.o
LOAD build/lv_extra.o
LOAD build/lv_fragment.o
LOAD build/lv_fragment_manager.o
LOAD build/lv_gridnav.o
LOAD build/lv_ime_pinyin.o
LOAD build/lv_imgfont.o
LOAD build/lv_monkey.o
LOAD build/lv_msg.o
LOAD build/lv_snapshot.o
LOAD build/lv_theme_basic.o
LOAD build/lv_theme_default.o
LOAD build/lv_theme_mono.o
LOAD build/lv_animimg.o
LOAD build/lv_calendar.o
LOAD build/lv_calendar_header_arrow.o
LOAD build/lv_calendar_header_dropdown.o
LOAD build/lv_chart.o
LOAD build/lv_colorwheel.o
LOAD build/lv_imgbtn.o
LOAD build/lv_keyboard.o
LOAD build/lv_led.o
LOAD build/lv_list.o
LOAD build/lv_menu.o
LOAD build/lv_meter.o
LOAD build/lv_msgbox.o
LOAD build/lv_span.o
LOAD build/lv_spinbox.o
LOAD build/lv_spinner.o
LOAD build/lv_tabview.o
LOAD build/lv_tileview.o
LOAD build/lv_win.o
LOAD build/lv_font.o
LOAD build/lv_font_dejavu_16_persian_hebrew.o
LOAD build/lv_font_fmt_txt.o
LOAD build/lv_font_loader.o
LOAD build/lv_font_montserrat_10.o
LOAD build/lv_font_montserrat_12.o
LOAD build/lv_font_montserrat_12_subpx.o
LOAD build/lv_font_montserrat_14.o
LOAD build/lv_font_montserrat_16.o
LOAD build/lv_font_montserrat_18.o
LOAD build/lv_font_montserrat_20.o
LOAD build/lv_font_montserrat_22.o
LOAD build/lv_font_montserrat_24.o
LOAD build/lv_font_montserrat_26.o
LOAD build/lv_font_montserrat_28.o
LOAD build/lv_font_montserrat_28_compressed.o
LOAD build/lv_font_montserrat_30.o
LOAD build/lv_font_montserrat_32.o
LOAD build/lv_font_montserrat_34.o
LOAD build/lv_font_montserrat_36.o
LOAD build/lv_font_montserrat_38.o
LOAD build/lv_font_montserrat_40.o
LOAD build/lv_font_montserrat_42.o
LOAD build/lv_font_montserrat_44.o
LOAD build/lv_font_montserrat_46.o
LOAD build/lv_font_montserrat_48.o
LOAD build/lv_font_montserrat_8.o
LOAD build/lv_font_simsun_16_cjk.o
LOAD build/lv_font_unscii_16.o
LOAD build/lv_font_unscii_8.o
LOAD build/lv_hal_disp.o
LOAD build/lv_hal_indev.o
LOAD build/lv_hal_tick.o
LOAD build/lv_anim.o
LOAD build/lv_anim_timeline.o
LOAD build/lv_area.o
LOAD build/lv_async.o
LOAD build/lv_bidi.o
LOAD build/lv_color.o
LOAD build/lv_fs.o
LOAD build/lv_gc.o
LOAD build/lv_ll.o
LOAD build/lv_log.o
LOAD build/lv_lru.o
LOAD build/lv_math.o
LOAD build/lv_mem.o
LOAD build/lv_printf.o
LOAD build/lv_style.o
LOAD build/lv_style_gen.o
LOAD build/lv_templ.o
LOAD build/lv_timer.o
LOAD build/lv_tlsf.o
LOAD build/lv_txt.o
LOAD build/lv_txt_ap.o
LOAD build/lv_utils.o
LOAD build/lv_arc.o
LOAD build/lv_bar.o
LOAD build/lv_btn.o
LOAD build/lv_btnmatrix.o
LOAD build/lv_canvas.o
LOAD build/lv_checkbox.o
LOAD build/lv_dropdown.o
LOAD build/lv_img.o
LOAD build/lv_label.o
LOAD build/lv_line.o
LOAD build/lv_objx_templ.o
LOAD build/lv_roller.o
LOAD build/lv_slider.o
LOAD build/lv_switch.o
LOAD build/lv_table.o
LOAD build/lv_textarea.o
LOAD build/test.o
LOAD build/lv_test_indev.o
LOAD build/lv_test_init.o
LOAD build/_test_template.o
LOAD build/test_arc.o
LOAD build/test_bar.o
LOAD build/test_checkbox.o
LOAD build/test_config.o
LOAD build/test_demo_stress.o
LOAD build/test_demo_widgets.o
LOAD build/test_dropdown.o
LOAD build/test_event.o
LOAD build/test_font_loader.o
LOAD build/test_fs.o
LOAD build/test_line.o
LOAD build/test_mem.o
LOAD build/test_obj_tree.o
LOAD build/test_slider.o
LOAD build/test_snapshot.o
LOAD build/test_style.o
LOAD build/test_switch.o
LOAD build/test_table.o
LOAD build/test_textarea.o
LOAD build/test_tiny_ttf.o
LOAD build/test_txt.o
LOAD build/font_1.o
LOAD build/font_2.o
LOAD build/font_3.o
LOAD build/ubuntu_font.o
LOAD build/unity.o
LOAD build/unity_support.o
LOAD build/startup_stm32f407xx.o
LOAD /Users/johannes/Library/Application Support/Code/User/globalStorage/bmd.stm32-for-vscode/@xpack-dev-tools/arm-none-eabi-gcc/11.2.1-1.2.2/.content/bin/../lib/gcc/arm-none-eabi/11.2.1/../../../../arm-none-eabi/lib/thumb/v7e-m+fp/hard/libc_nano.a
LOAD /Users/johannes/Library/Application Support/Code/User/globalStorage/bmd.stm32-for-vscode/@xpack-dev-tools/arm-none-eabi-gcc/11.2.1-1.2.2/.content/bin/../lib/gcc/arm-none-eabi/11.2.1/../../../../arm-none-eabi/lib/thumb/v7e-m+fp/hard/libm.a
LOAD /Users/johannes/Library/Application Support/Code/User/globalStorage/bmd.stm32-for-vscode/@xpack-dev-tools/arm-none-eabi-gcc/11.2.1-1.2.2/.content/bin/../lib/gcc/arm-none-eabi/11.2.1/../../../../arm-none-eabi/lib/thumb/v7e-m+fp/hard/libnosys.a
START GROUP
LOAD /Users/johannes/Library/Application Support/Code/User/globalStorage/bmd.stm32-for-vscode/@xpack-dev-tools/arm-none-eabi-gcc/11.2.1-1.2.2/.content/bin/../lib/gcc/arm-none-eabi/11.2.1/thumb/v7e-m+fp/hard/libgcc.a
LOAD /Users/johannes/Library/Application Support/Code/User/globalStorage/bmd.stm32-for-vscode/@xpack-dev-tools/arm-none-eabi-gcc/11.2.1-1.2.2/.content/bin/../lib/gcc/arm-none-eabi/11.2.1/../../../../arm-none-eabi/lib/thumb/v7e-m+fp/hard/libc_nano.a
END GROUP
START GROUP
LOAD /Users/johannes/Library/Application Support/Code/User/globalStorage/bmd.stm32-for-vscode/@xpack-dev-tools/arm-none-eabi-gcc/11.2.1-1.2.2/.content/bin/../lib/gcc/arm-none-eabi/11.2.1/thumb/v7e-m+fp/hard/libgcc.a
LOAD /Users/johannes/Library/Application Support/Code/User/globalStorage/bmd.stm32-for-vscode/@xpack-dev-tools/arm-none-eabi-gcc/11.2.1-1.2.2/.content/bin/../lib/gcc/arm-none-eabi/11.2.1/../../../../arm-none-eabi/lib/thumb/v7e-m+fp/hard/libc_nano.a
END GROUP
LOAD /Users/johannes/Library/Application Support/Code/User/globalStorage/bmd.stm32-for-vscode/@xpack-dev-tools/arm-none-eabi-gcc/11.2.1-1.2.2/.content/bin/../lib/gcc/arm-none-eabi/11.2.1/thumb/v7e-m+fp/hard/crtend.o
LOAD /Users/johannes/Library/Application Support/Code/User/globalStorage/bmd.stm32-for-vscode/@xpack-dev-tools/arm-none-eabi-gcc/11.2.1-1.2.2/.content/bin/../lib/gcc/arm-none-eabi/11.2.1/thumb/v7e-m+fp/hard/crtn.o
                0x0000000020020000                _estack = (ORIGIN (RAM) + LENGTH (RAM))
                0x0000000000000200                _Min_Heap_Size = 0x200
                0x0000000000000400                _Min_Stack_Size = 0x400

.isr_vector     0x0000000008000000      0x188
                0x0000000008000000                . = ALIGN (0x4)
 *(.isr_vector)
 .isr_vector    0x0000000008000000      0x188 build/startup_stm32f407xx.o
                0x0000000008000000                g_pfnVectors
                0x0000000008000188                . = ALIGN (0x4)

.text           0x0000000008000188    0x2b80c
                0x0000000008000188                . = ALIGN (0x4)
 *(.text)
 .text          0x0000000008000188       0x14 /Users/johannes/Library/Application Support/Code/User/globalStorage/bmd.stm32-for-vscode/@xpack-dev-tools/arm-none-eabi-gcc/11.2.1-1.2.2/.content/bin/../lib/gcc/arm-none-eabi/11.2.1/../../../../arm-none-eabi/lib/thumb/v7e-m+fp/hard/libc_nano.a(lib_a-strcmp.o)
                0x0000000008000188                strcmp
 .text          0x000000000800019c       0x10 /Users/johannes/Library/Application Support/Code/User/globalStorage/bmd.stm32-for-vscode/@xpack-dev-tools/arm-none-eabi-gcc/11.2.1-1.2.2/.content/bin/../lib/gcc/arm-none-eabi/11.2.1/../../../../arm-none-eabi/lib/thumb/v7e-m+fp/hard/libc_nano.a(lib_a-strlen.o)
                0x000000000800019c                strlen
 .text          0x00000000080001ac       0x30 /Users/johannes/Library/Application Support/Code/User/globalStorage/bmd.stm32-for-vscode/@xpack-dev-tools/arm-none-eabi-gcc/11.2.1-1.2.2/.content/bin/../lib/gcc/arm-none-eabi/11.2.1/thumb/v7e-m+fp/hard/libgcc.a(_aeabi_uldivmod.o)
                0x00000000080001ac                __aeabi_uldivmod
 .text          0x00000000080001dc        0x4 /Users/johannes/Library/Application Support/Code/User/globalStorage/bmd.stm32-for-vscode/@xpack-dev-tools/arm-none-eabi-gcc/11.2.1-1.2.2/.content/bin/../lib/gcc/arm-none-eabi/11.2.1/thumb/v7e-m+fp/hard/libgcc.a(_dvmd_tls.o)
                0x00000000080001dc                __aeabi_ldiv0
                0x00000000080001dc                __aeabi_idiv0
 *(.text*)
 .text.__do_global_dtors_aux
                0x00000000080001e0       0x24 /Users/johannes/Library/Application Support/Code/User/globalStorage/bmd.stm32-for-vscode/@xpack-dev-tools/arm-none-eabi-gcc/11.2.1-1.2.2/.content/bin/../lib/gcc/arm-none-eabi/11.2.1/thumb/v7e-m+fp/hard/crtbegin.o
 .text.frame_dummy
                0x0000000008000204       0x1c /Users/johannes/Library/Application Support/Code/User/globalStorage/bmd.stm32-for-vscode/@xpack-dev-tools/arm-none-eabi-gcc/11.2.1-1.2.2/.content/bin/../lib/gcc/arm-none-eabi/11.2.1/thumb/v7e-m+fp/hard/crtbegin.o
 .text.disp_flush
                0x0000000008000220       0x70 build/LCDController.o
 .text.disp_init
                0x0000000008000290        0x8 build/LCDController.o
 .text.lv_port_disp_init
                0x0000000008000298       0x4c build/LCDController.o
                0x0000000008000298                lv_port_disp_init
 .text.HAL_SPI_TxCpltCallback
                0x00000000080002e4       0x10 build/LCDController.o
                0x00000000080002e4                HAL_SPI_TxCpltCallback
 .text.MX_DMA_Init
                0x00000000080002f4       0x34 build/dma.o
                0x00000000080002f4                MX_DMA_Init
 .text.MX_GPIO_Init
                0x0000000008000328      0x210 build/gpio.o
                0x0000000008000328                MX_GPIO_Init
 .text.lv_scr_act
                0x0000000008000538        0xc build/main.o
 .text.Error_Handler
                0x0000000008000544        0x4 build/main.o
                0x0000000008000544                Error_Handler
 .text.SystemClock_Config
                0x0000000008000548       0xac build/main.o
                0x0000000008000548                SystemClock_Config
 .text.main     0x00000000080005f4       0x6a build/main.o
                0x00000000080005f4                main
 *fill*         0x000000000800065e        0x2 
 .text.MX_SPI1_Init
                0x0000000008000660       0x48 build/spi.o
                0x0000000008000660                MX_SPI1_Init
 .text.HAL_SPI_MspInit
                0x00000000080006a8       0xb8 build/spi.o
                0x00000000080006a8                HAL_SPI_MspInit
 .text.HAL_MspInit
                0x0000000008000760       0x40 build/stm32f4xx_hal_msp.o
                0x0000000008000760                HAL_MspInit
 .text.NMI_Handler
                0x00000000080007a0        0x2 build/stm32f4xx_it.o
                0x00000000080007a0                NMI_Handler
 .text.HardFault_Handler
                0x00000000080007a2        0x2 build/stm32f4xx_it.o
                0x00000000080007a2                HardFault_Handler
 .text.MemManage_Handler
                0x00000000080007a4        0x2 build/stm32f4xx_it.o
                0x00000000080007a4                MemManage_Handler
 .text.BusFault_Handler
                0x00000000080007a6        0x2 build/stm32f4xx_it.o
                0x00000000080007a6                BusFault_Handler
 .text.UsageFault_Handler
                0x00000000080007a8        0x2 build/stm32f4xx_it.o
                0x00000000080007a8                UsageFault_Handler
 .text.SVC_Handler
                0x00000000080007aa        0x2 build/stm32f4xx_it.o
                0x00000000080007aa                SVC_Handler
 .text.DebugMon_Handler
                0x00000000080007ac        0x2 build/stm32f4xx_it.o
                0x00000000080007ac                DebugMon_Handler
 .text.PendSV_Handler
                0x00000000080007ae        0x2 build/stm32f4xx_it.o
                0x00000000080007ae                PendSV_Handler
 .text.SysTick_Handler
                0x00000000080007b0        0xe build/stm32f4xx_it.o
                0x00000000080007b0                SysTick_Handler
 *fill*         0x00000000080007be        0x2 
 .text.SPI1_IRQHandler
                0x00000000080007c0       0x10 build/stm32f4xx_it.o
                0x00000000080007c0                SPI1_IRQHandler
 .text.DMA2_Stream3_IRQHandler
                0x00000000080007d0       0x10 build/stm32f4xx_it.o
                0x00000000080007d0                DMA2_Stream3_IRQHandler
 .text.SystemInit
                0x00000000080007e0       0x14 build/system_stm32f4xx.o
                0x00000000080007e0                SystemInit
 .text.ST7789V_WriteCommand
                0x00000000080007f4       0x44 build/st7789v.o
 .text.ST7789V_WriteSmallData
                0x0000000008000838       0x44 build/st7789v.o
 .text.ST7789V_WriteData
                0x000000000800087c       0x54 build/st7789v.o
                0x000000000800087c                ST7789V_WriteData
 .text.ST7789V_SetRotation
                0x00000000080008d0       0x36 build/st7789v.o
                0x00000000080008d0                ST7789V_SetRotation
 .text.ST7789V_SetAddressWindow
                0x0000000008000906       0x5e build/st7789v.o
                0x0000000008000906                ST7789V_SetAddressWindow
 .text.ST7789V_Init
                0x0000000008000964      0x1fc build/st7789v.o
                0x0000000008000964                ST7789V_Init
 .text.HAL_InitTick
                0x0000000008000b60       0x4c build/stm32f4xx_hal.o
                0x0000000008000b60                HAL_InitTick
 .text.HAL_Init
                0x0000000008000bac       0x34 build/stm32f4xx_hal.o
                0x0000000008000bac                HAL_Init
 .text.HAL_IncTick
                0x0000000008000be0       0x18 build/stm32f4xx_hal.o
                0x0000000008000be0                HAL_IncTick
 .text.HAL_GetTick
                0x0000000008000bf8        0xc build/stm32f4xx_hal.o
                0x0000000008000bf8                HAL_GetTick
 .text.HAL_Delay
                0x0000000008000c04       0x28 build/stm32f4xx_hal.o
                0x0000000008000c04                HAL_Delay
 .text.HAL_NVIC_SetPriorityGrouping
                0x0000000008000c2c       0x24 build/stm32f4xx_hal_cortex.o
                0x0000000008000c2c                HAL_NVIC_SetPriorityGrouping
 .text.HAL_NVIC_SetPriority
                0x0000000008000c50       0x70 build/stm32f4xx_hal_cortex.o
                0x0000000008000c50                HAL_NVIC_SetPriority
 .text.HAL_NVIC_EnableIRQ
                0x0000000008000cc0       0x1c build/stm32f4xx_hal_cortex.o
                0x0000000008000cc0                HAL_NVIC_EnableIRQ
 .text.HAL_SYSTICK_Config
                0x0000000008000cdc       0x28 build/stm32f4xx_hal_cortex.o
                0x0000000008000cdc                HAL_SYSTICK_Config
 .text.DMA_SetConfig
                0x0000000008000d04       0x2c build/stm32f4xx_hal_dma.o
 .text.DMA_CalcBaseAndBitshift
                0x0000000008000d30       0x44 build/stm32f4xx_hal_dma.o
 .text.DMA_CheckFifoParam
                0x0000000008000d74       0x8e build/stm32f4xx_hal_dma.o
 *fill*         0x0000000008000e02        0x2 
 .text.HAL_DMA_Init
                0x0000000008000e04       0xcc build/stm32f4xx_hal_dma.o
                0x0000000008000e04                HAL_DMA_Init
 .text.HAL_DMA_Start_IT
                0x0000000008000ed0       0x6a build/stm32f4xx_hal_dma.o
                0x0000000008000ed0                HAL_DMA_Start_IT
 .text.HAL_DMA_Abort_IT
                0x0000000008000f3a       0x26 build/stm32f4xx_hal_dma.o
                0x0000000008000f3a                HAL_DMA_Abort_IT
 .text.HAL_DMA_IRQHandler
                0x0000000008000f60      0x1dc build/stm32f4xx_hal_dma.o
                0x0000000008000f60                HAL_DMA_IRQHandler
 .text.HAL_GPIO_Init
                0x000000000800113c      0x1ec build/stm32f4xx_hal_gpio.o
                0x000000000800113c                HAL_GPIO_Init
 .text.HAL_GPIO_WritePin
                0x0000000008001328        0xc build/stm32f4xx_hal_gpio.o
                0x0000000008001328                HAL_GPIO_WritePin
 .text.HAL_RCC_OscConfig
                0x0000000008001334      0x3f8 build/stm32f4xx_hal_rcc.o
                0x0000000008001334                HAL_RCC_OscConfig
 .text.HAL_RCC_GetSysClockFreq
                0x000000000800172c       0xdc build/stm32f4xx_hal_rcc.o
                0x000000000800172c                HAL_RCC_GetSysClockFreq
 .text.HAL_RCC_ClockConfig
                0x0000000008001808      0x160 build/stm32f4xx_hal_rcc.o
                0x0000000008001808                HAL_RCC_ClockConfig
 .text.SPI_WaitFlagStateUntilTimeout
                0x0000000008001968       0xd0 build/stm32f4xx_hal_spi.o
 .text.SPI_EndRxTxTransaction
                0x0000000008001a38       0x68 build/stm32f4xx_hal_spi.o
 .text.HAL_SPI_Init
                0x0000000008001aa0       0xbe build/stm32f4xx_hal_spi.o
                0x0000000008001aa0                HAL_SPI_Init
 .text.HAL_SPI_Transmit
                0x0000000008001b5e      0x1b8 build/stm32f4xx_hal_spi.o
                0x0000000008001b5e                HAL_SPI_Transmit
 *fill*         0x0000000008001d16        0x2 
 .text.HAL_SPI_Transmit_DMA
                0x0000000008001d18       0xe0 build/stm32f4xx_hal_spi.o
                0x0000000008001d18                HAL_SPI_Transmit_DMA
 .text.HAL_SPI_TxHalfCpltCallback
                0x0000000008001df8        0x2 build/stm32f4xx_hal_spi.o
                0x0000000008001df8                HAL_SPI_TxHalfCpltCallback
 .text.SPI_DMAHalfTransmitCplt
                0x0000000008001dfa        0xa build/stm32f4xx_hal_spi.o
 .text.HAL_SPI_ErrorCallback
                0x0000000008001e04        0x2 build/stm32f4xx_hal_spi.o
                0x0000000008001e04                HAL_SPI_ErrorCallback
 .text.SPI_DMAError
                0x0000000008001e06       0x22 build/stm32f4xx_hal_spi.o
 .text.SPI_DMATransmitCplt
                0x0000000008001e28       0x70 build/stm32f4xx_hal_spi.o
 .text.HAL_SPI_IRQHandler
                0x0000000008001e98      0x118 build/stm32f4xx_hal_spi.o
                0x0000000008001e98                HAL_SPI_IRQHandler
 .text.SPI_DMAAbortOnError
                0x0000000008001fb0       0x10 build/stm32f4xx_hal_spi.o
 .text.lv_disp_get_scr_act
                0x0000000008001fc0       0x18 build/lv_disp.o
                0x0000000008001fc0                lv_disp_get_scr_act
 .text.lv_disp_get_scr_prev
                0x0000000008001fd8       0x18 build/lv_disp.o
                0x0000000008001fd8                lv_disp_get_scr_prev
 .text.lv_disp_get_layer_top
                0x0000000008001ff0       0x18 build/lv_disp.o
                0x0000000008001ff0                lv_disp_get_layer_top
 .text.lv_disp_get_layer_sys
                0x0000000008002008       0x18 build/lv_disp.o
                0x0000000008002008                lv_disp_get_layer_sys
 .text.lv_disp_get_theme
                0x0000000008002020       0x12 build/lv_disp.o
                0x0000000008002020                lv_disp_get_theme
 .text.lv_disp_is_invalidation_enabled
                0x0000000008002032       0x22 build/lv_disp.o
                0x0000000008002032                lv_disp_is_invalidation_enabled
 .text.lv_obj_get_event_dsc
                0x0000000008002054       0x1e build/lv_event.o
 *fill*         0x0000000008002072        0x2 
 .text.event_is_bubbled
                0x0000000008002074       0x54 build/lv_event.o
 .text.lv_obj_event_base
                0x00000000080020c8       0x42 build/lv_event.o
                0x00000000080020c8                lv_obj_event_base
 .text.event_send_core
                0x000000000800210a      0x112 build/lv_event.o
 .text.lv_event_send
                0x000000000800221c       0x54 build/lv_event.o
                0x000000000800221c                lv_event_send
 .text.lv_event_get_target
                0x0000000008002270        0x4 build/lv_event.o
                0x0000000008002270                lv_event_get_target
 .text.lv_event_get_current_target
                0x0000000008002274        0x4 build/lv_event.o
                0x0000000008002274                lv_event_get_current_target
 .text.lv_event_get_code
                0x0000000008002278        0x8 build/lv_event.o
                0x0000000008002278                lv_event_get_code
 .text.lv_event_get_param
                0x0000000008002280        0x4 build/lv_event.o
                0x0000000008002280                lv_event_get_param
 .text.lv_event_get_user_data
                0x0000000008002284        0x4 build/lv_event.o
                0x0000000008002284                lv_event_get_user_data
 .text._lv_event_mark_deleted
                0x0000000008002288       0x28 build/lv_event.o
                0x0000000008002288                _lv_event_mark_deleted
 .text.lv_obj_add_event_cb
                0x00000000080022b0       0x9a build/lv_event.o
                0x00000000080022b0                lv_obj_add_event_cb
 .text.lv_event_get_indev
                0x000000000800234a       0x16 build/lv_event.o
                0x000000000800234a                lv_event_get_indev
 .text.lv_event_get_draw_ctx
                0x0000000008002360       0x24 build/lv_event.o
                0x0000000008002360                lv_event_get_draw_ctx
 .text.lv_event_set_ext_draw_size
                0x0000000008002384       0x1e build/lv_event.o
                0x0000000008002384                lv_event_set_ext_draw_size
 .text.get_indev
                0x00000000080023a2       0x52 build/lv_group.o
 .text.focus_next_core
                0x00000000080023f4      0x114 build/lv_group.o
 .text._lv_group_init
                0x0000000008002508       0x10 build/lv_group.o
                0x0000000008002508                _lv_group_init
 .text.lv_group_get_default
                0x0000000008002518        0xc build/lv_group.o
                0x0000000008002518                lv_group_get_default
 .text.lv_group_focus_next
                0x0000000008002524       0x24 build/lv_group.o
                0x0000000008002524                lv_group_focus_next
 .text.lv_group_focus_prev
                0x0000000008002548       0x24 build/lv_group.o
                0x0000000008002548                lv_group_focus_prev
 .text.lv_group_refocus
                0x000000000800256c       0x2c build/lv_group.o
 .text.lv_group_remove_obj
                0x0000000008002598       0xa2 build/lv_group.o
                0x0000000008002598                lv_group_remove_obj
 .text.lv_group_add_obj
                0x000000000800263a       0x7a build/lv_group.o
                0x000000000800263a                lv_group_add_obj
 .text.lv_group_get_focused
                0x00000000080026b4        0xc build/lv_group.o
                0x00000000080026b4                lv_group_get_focused
 .text.lv_group_set_editing
                0x00000000080026c0       0x44 build/lv_group.o
                0x00000000080026c0                lv_group_set_editing
 .text.lv_group_get_editing
                0x0000000008002704        0xe build/lv_group.o
                0x0000000008002704                lv_group_get_editing
 *fill*         0x0000000008002712        0x2 
 .text.lv_indev_get_act
                0x0000000008002714        0xc build/lv_indev.o
                0x0000000008002714                lv_indev_get_act
 .text.lv_indev_get_type
                0x0000000008002720        0xc build/lv_indev.o
                0x0000000008002720                lv_indev_get_type
 .text.lv_indev_reset
                0x000000000800272c       0xb0 build/lv_indev.o
                0x000000000800272c                lv_indev_reset
 .text.lv_indev_reset_long_press
                0x00000000080027dc       0x1a build/lv_indev.o
                0x00000000080027dc                lv_indev_reset_long_press
 .text.lv_indev_get_point
                0x00000000080027f6       0x30 build/lv_indev.o
                0x00000000080027f6                lv_indev_get_point
 .text.lv_indev_get_scroll_dir
                0x0000000008002826       0x22 build/lv_indev.o
                0x0000000008002826                lv_indev_get_scroll_dir
 .text.lv_indev_get_scroll_obj
                0x0000000008002848       0x1a build/lv_indev.o
                0x0000000008002848                lv_indev_get_scroll_obj
 .text.lv_indev_get_vect
                0x0000000008002862       0x24 build/lv_indev.o
                0x0000000008002862                lv_indev_get_vect
 .text.lv_indev_wait_release
                0x0000000008002886        0xc build/lv_indev.o
                0x0000000008002886                lv_indev_wait_release
 *fill*         0x0000000008002892        0x2 
 .text.lv_indev_get_obj_act
                0x0000000008002894        0xc build/lv_indev.o
                0x0000000008002894                lv_indev_get_obj_act
 .text.lv_indev_scroll_throw_predict
                0x00000000080028a0       0x4c build/lv_indev_scroll.o
                0x00000000080028a0                lv_indev_scroll_throw_predict
 .text.scrollbar_init_draw_dsc
                0x00000000080028ec      0x10e build/lv_obj.o
 *fill*         0x00000000080029fa        0x2 
 .text.draw_scrollbar
                0x00000000080029fc       0xac build/lv_obj.o
 .text.lv_obj_draw
                0x0000000008002aa8      0x310 build/lv_obj.o
 .text.lv_obj_constructor
                0x0000000008002db8       0x9c build/lv_obj.o
 .text.lv_obj_set_state
                0x0000000008002e54      0x280 build/lv_obj.o
 .text.lv_init  0x00000000080030d4       0x58 build/lv_obj.o
                0x00000000080030d4                lv_init
 .text.lv_obj_create
                0x000000000800312c       0x18 build/lv_obj.o
                0x000000000800312c                lv_obj_create
 .text.lv_obj_clear_flag
                0x0000000008003144       0x7e build/lv_obj.o
                0x0000000008003144                lv_obj_clear_flag
 .text.lv_obj_add_state
                0x00000000080031c2       0x18 build/lv_obj.o
                0x00000000080031c2                lv_obj_add_state
 .text.lv_obj_clear_state
                0x00000000080031da       0x18 build/lv_obj.o
                0x00000000080031da                lv_obj_clear_state
 .text.lv_obj_has_flag
                0x00000000080031f2        0xc build/lv_obj.o
                0x00000000080031f2                lv_obj_has_flag
 .text.lv_obj_has_flag_any
                0x00000000080031fe        0xc build/lv_obj.o
                0x00000000080031fe                lv_obj_has_flag_any
 .text.lv_obj_get_state
                0x000000000800320a        0x4 build/lv_obj.o
                0x000000000800320a                lv_obj_get_state
 .text.lv_obj_has_state
                0x000000000800320e        0xc build/lv_obj.o
                0x000000000800320e                lv_obj_has_state
 .text.lv_obj_get_group
                0x000000000800321a        0x8 build/lv_obj.o
                0x000000000800321a                lv_obj_get_group
 .text.lv_obj_event
                0x0000000008003222      0x3e2 build/lv_obj.o
 .text.lv_obj_destructor
                0x0000000008003604       0x68 build/lv_obj.o
 .text.lv_obj_add_flag
                0x000000000800366c       0x8e build/lv_obj.o
                0x000000000800366c                lv_obj_add_flag
 *fill*         0x00000000080036fa        0x2 
 .text.lv_obj_allocate_spec_attr
                0x00000000080036fc       0x40 build/lv_obj.o
                0x00000000080036fc                lv_obj_allocate_spec_attr
 .text.lv_obj_check_type
                0x000000000800373c       0x12 build/lv_obj.o
                0x000000000800373c                lv_obj_check_type
 .text.lv_obj_construct
                0x000000000800374e       0x1e build/lv_obj_class.o
 .text.get_instance_size
                0x000000000800376c       0x24 build/lv_obj_class.o
 .text.lv_obj_class_create_obj
                0x0000000008003790       0xd4 build/lv_obj_class.o
                0x0000000008003790                lv_obj_class_create_obj
 .text._lv_obj_destruct
                0x0000000008003864       0x1e build/lv_obj_class.o
                0x0000000008003864                _lv_obj_destruct
 .text.lv_obj_is_editable
                0x0000000008003882       0x26 build/lv_obj_class.o
                0x0000000008003882                lv_obj_is_editable
 .text.lv_obj_is_group_def
                0x00000000080038a8       0x26 build/lv_obj_class.o
                0x00000000080038a8                lv_obj_is_group_def
 .text.lv_obj_class_init_obj
                0x00000000080038ce       0x72 build/lv_obj_class.o
                0x00000000080038ce                lv_obj_class_init_obj
 .text.lv_obj_init_draw_rect_dsc
                0x0000000008003940      0x30a build/lv_obj_draw.o
                0x0000000008003940                lv_obj_init_draw_rect_dsc
 .text.lv_obj_init_draw_label_dsc
                0x0000000008003c4a       0xae build/lv_obj_draw.o
                0x0000000008003c4a                lv_obj_init_draw_label_dsc
 .text.lv_obj_init_draw_img_dsc
                0x0000000008003cf8       0xb4 build/lv_obj_draw.o
                0x0000000008003cf8                lv_obj_init_draw_img_dsc
 .text.lv_obj_init_draw_line_dsc
                0x0000000008003dac       0xbc build/lv_obj_draw.o
                0x0000000008003dac                lv_obj_init_draw_line_dsc
 .text.lv_obj_init_draw_arc_dsc
                0x0000000008003e68       0xa0 build/lv_obj_draw.o
                0x0000000008003e68                lv_obj_init_draw_arc_dsc
 .text.lv_obj_calculate_ext_draw_size
                0x0000000008003f08       0xd8 build/lv_obj_draw.o
                0x0000000008003f08                lv_obj_calculate_ext_draw_size
 .text.lv_obj_draw_dsc_init
                0x0000000008003fe0       0x10 build/lv_obj_draw.o
                0x0000000008003fe0                lv_obj_draw_dsc_init
 .text._lv_obj_get_ext_draw_size
                0x0000000008003ff0        0xe build/lv_obj_draw.o
                0x0000000008003ff0                _lv_obj_get_ext_draw_size
 .text.lv_obj_refresh_ext_draw_size
                0x0000000008003ffe       0x64 build/lv_obj_draw.o
                0x0000000008003ffe                lv_obj_refresh_ext_draw_size
 .text._lv_obj_get_layer_type
                0x0000000008004062        0xe build/lv_obj_draw.o
                0x0000000008004062                _lv_obj_get_layer_type
 .text.transform_point
                0x0000000008004070      0x118 build/lv_obj_pos.o
 .text.lv_obj_set_x
                0x0000000008004188       0x2e build/lv_obj_pos.o
                0x0000000008004188                lv_obj_set_x
 .text.lv_obj_set_y
                0x00000000080041b6       0x2e build/lv_obj_pos.o
                0x00000000080041b6                lv_obj_set_y
 .text.lv_obj_set_pos
                0x00000000080041e4       0x14 build/lv_obj_pos.o
                0x00000000080041e4                lv_obj_set_pos
 .text.lv_obj_set_width
                0x00000000080041f8       0x2e build/lv_obj_pos.o
                0x00000000080041f8                lv_obj_set_width
 .text.lv_obj_set_height
                0x0000000008004226       0x2e build/lv_obj_pos.o
                0x0000000008004226                lv_obj_set_height
 .text.lv_obj_set_size
                0x0000000008004254       0x14 build/lv_obj_pos.o
                0x0000000008004254                lv_obj_set_size
 .text.lv_obj_is_layout_positioned
                0x0000000008004268       0x34 build/lv_obj_pos.o
                0x0000000008004268                lv_obj_is_layout_positioned
 .text.lv_obj_mark_layout_as_dirty
                0x000000000800429c       0x2c build/lv_obj_pos.o
                0x000000000800429c                lv_obj_mark_layout_as_dirty
 .text.lv_obj_set_layout
                0x00000000080042c8       0x14 build/lv_obj_pos.o
                0x00000000080042c8                lv_obj_set_layout
 .text.lv_layout_register
                0x00000000080042dc       0x44 build/lv_obj_pos.o
                0x00000000080042dc                lv_layout_register
 .text.lv_obj_align
                0x0000000008004320       0x1a build/lv_obj_pos.o
                0x0000000008004320                lv_obj_align
 .text.lv_obj_get_coords
                0x000000000800433a       0x1a build/lv_obj_pos.o
                0x000000000800433a                lv_obj_get_coords
 .text.lv_obj_get_x
                0x0000000008004354       0x46 build/lv_obj_pos.o
                0x0000000008004354                lv_obj_get_x
 .text.lv_obj_get_y
                0x000000000800439a       0x46 build/lv_obj_pos.o
                0x000000000800439a                lv_obj_get_y
 .text.lv_obj_get_width
                0x00000000080043e0        0xe build/lv_obj_pos.o
                0x00000000080043e0                lv_obj_get_width
 .text.lv_obj_get_height
                0x00000000080043ee        0xe build/lv_obj_pos.o
                0x00000000080043ee                lv_obj_get_height
 .text.lv_obj_get_y2
                0x00000000080043fc       0x18 build/lv_obj_pos.o
                0x00000000080043fc                lv_obj_get_y2
 .text.lv_obj_get_content_width
                0x0000000008004414       0x40 build/lv_obj_pos.o
                0x0000000008004414                lv_obj_get_content_width
 .text.lv_obj_get_content_height
                0x0000000008004454       0x40 build/lv_obj_pos.o
                0x0000000008004454                lv_obj_get_content_height
 .text.lv_obj_get_content_coords
                0x0000000008004494       0x6e build/lv_obj_pos.o
                0x0000000008004494                lv_obj_get_content_coords
 .text.lv_obj_get_self_width
                0x0000000008004502       0x24 build/lv_obj_pos.o
                0x0000000008004502                lv_obj_get_self_width
 *fill*         0x0000000008004526        0x2 
 .text.calc_content_width
                0x0000000008004528      0x1e0 build/lv_obj_pos.o
 .text.lv_obj_get_self_height
                0x0000000008004708       0x24 build/lv_obj_pos.o
                0x0000000008004708                lv_obj_get_self_height
 .text.calc_content_height
                0x000000000800472c      0x11c build/lv_obj_pos.o
 .text.lv_obj_refresh_self_size
                0x0000000008004848       0x34 build/lv_obj_pos.o
                0x0000000008004848                lv_obj_refresh_self_size
 .text.lv_obj_move_children_by
                0x000000000800487c       0x68 build/lv_obj_pos.o
                0x000000000800487c                lv_obj_move_children_by
 .text.lv_obj_transform_point
                0x00000000080048e4       0x66 build/lv_obj_pos.o
                0x00000000080048e4                lv_obj_transform_point
 .text.lv_obj_get_transformed_area
                0x000000000800494a       0xec build/lv_obj_pos.o
                0x000000000800494a                lv_obj_get_transformed_area
 .text.lv_obj_area_is_visible
                0x0000000008004a36      0x118 build/lv_obj_pos.o
                0x0000000008004a36                lv_obj_area_is_visible
 .text.lv_obj_invalidate_area
                0x0000000008004b4e       0x50 build/lv_obj_pos.o
                0x0000000008004b4e                lv_obj_invalidate_area
 .text.lv_obj_invalidate
                0x0000000008004b9e       0x52 build/lv_obj_pos.o
                0x0000000008004b9e                lv_obj_invalidate
 .text.lv_obj_move_to
                0x0000000008004bf0      0x14a build/lv_obj_pos.o
                0x0000000008004bf0                lv_obj_move_to
 *fill*         0x0000000008004d3a        0x2 
 .text.lv_obj_refr_pos
                0x0000000008004d3c      0x2a8 build/lv_obj_pos.o
                0x0000000008004d3c                lv_obj_refr_pos
 .text.lv_obj_is_visible
                0x0000000008004fe4       0x52 build/lv_obj_pos.o
                0x0000000008004fe4                lv_obj_is_visible
 .text.lv_obj_set_ext_click_area
                0x0000000008005036       0x10 build/lv_obj_pos.o
                0x0000000008005036                lv_obj_set_ext_click_area
 .text.lv_obj_get_click_area
                0x0000000008005046       0x42 build/lv_obj_pos.o
                0x0000000008005046                lv_obj_get_click_area
 .text.lv_clamp_width
                0x0000000008005088       0x80 build/lv_obj_pos.o
                0x0000000008005088                lv_clamp_width
 .text.lv_clamp_height
                0x0000000008005108       0x80 build/lv_obj_pos.o
                0x0000000008005108                lv_clamp_height
 .text.lv_obj_refr_size
                0x0000000008005188      0x350 build/lv_obj_pos.o
                0x0000000008005188                lv_obj_refr_size
 .text.layout_update_core
                0x00000000080054d8       0xa4 build/lv_obj_pos.o
 .text.lv_obj_update_layout
                0x000000000800557c       0x40 build/lv_obj_pos.o
                0x000000000800557c                lv_obj_update_layout
 .text.lv_obj_align_to
                0x00000000080055bc      0x44c build/lv_obj_pos.o
                0x00000000080055bc                lv_obj_align_to
 .text.scroll_anim_ready_cb
                0x0000000008005a08        0xe build/lv_obj_scroll.o
 .text.lv_obj_set_scrollbar_mode
                0x0000000008005a16       0x26 build/lv_obj_scroll.o
                0x0000000008005a16                lv_obj_set_scrollbar_mode
 .text.lv_obj_set_scroll_dir
                0x0000000008005a3c       0x20 build/lv_obj_scroll.o
                0x0000000008005a3c                lv_obj_set_scroll_dir
 .text.lv_obj_set_scroll_snap_x
                0x0000000008005a5c       0x16 build/lv_obj_scroll.o
                0x0000000008005a5c                lv_obj_set_scroll_snap_x
 .text.lv_obj_set_scroll_snap_y
                0x0000000008005a72       0x16 build/lv_obj_scroll.o
                0x0000000008005a72                lv_obj_set_scroll_snap_y
 .text.lv_obj_get_scrollbar_mode
                0x0000000008005a88       0x10 build/lv_obj_scroll.o
                0x0000000008005a88                lv_obj_get_scrollbar_mode
 .text.lv_obj_get_scroll_dir
                0x0000000008005a98       0x10 build/lv_obj_scroll.o
                0x0000000008005a98                lv_obj_get_scroll_dir
 .text.lv_obj_get_scroll_snap_x
                0x0000000008005aa8       0x10 build/lv_obj_scroll.o
                0x0000000008005aa8                lv_obj_get_scroll_snap_x
 .text.lv_obj_get_scroll_snap_y
                0x0000000008005ab8       0x10 build/lv_obj_scroll.o
                0x0000000008005ab8                lv_obj_get_scroll_snap_y
 .text.lv_obj_get_scroll_x
                0x0000000008005ac8       0x10 build/lv_obj_scroll.o
                0x0000000008005ac8                lv_obj_get_scroll_x
 .text.lv_obj_get_scroll_y
                0x0000000008005ad8       0x10 build/lv_obj_scroll.o
                0x0000000008005ad8                lv_obj_get_scroll_y
 .text.lv_obj_get_scroll_top
                0x0000000008005ae8       0x10 build/lv_obj_scroll.o
                0x0000000008005ae8                lv_obj_get_scroll_top
 .text.lv_obj_get_scroll_bottom
                0x0000000008005af8       0xb0 build/lv_obj_scroll.o
                0x0000000008005af8                lv_obj_get_scroll_bottom
 .text.lv_obj_get_scroll_left
                0x0000000008005ba8       0xe4 build/lv_obj_scroll.o
                0x0000000008005ba8                lv_obj_get_scroll_left
 .text.lv_obj_get_scroll_right
                0x0000000008005c8c       0xd0 build/lv_obj_scroll.o
                0x0000000008005c8c                lv_obj_get_scroll_right
 .text.lv_obj_get_scroll_end
                0x0000000008005d5c       0x44 build/lv_obj_scroll.o
                0x0000000008005d5c                lv_obj_get_scroll_end
 .text._lv_obj_scroll_by_raw
                0x0000000008005da0       0x4e build/lv_obj_scroll.o
                0x0000000008005da0                _lv_obj_scroll_by_raw
 .text.scroll_y_anim
                0x0000000008005dee       0x1a build/lv_obj_scroll.o
 .text.scroll_x_anim
                0x0000000008005e08       0x1a build/lv_obj_scroll.o
 *fill*         0x0000000008005e22        0x2 
 .text.lv_obj_scroll_by
                0x0000000008005e24      0x120 build/lv_obj_scroll.o
                0x0000000008005e24                lv_obj_scroll_by
 .text.lv_obj_scroll_by_bounded
                0x0000000008005f44       0xfa build/lv_obj_scroll.o
                0x0000000008005f44                lv_obj_scroll_by_bounded
 *fill*         0x000000000800603e        0x2 
 .text.lv_obj_scroll_to_x
                0x0000000008006040       0x28 build/lv_obj_scroll.o
                0x0000000008006040                lv_obj_scroll_to_x
 .text.lv_obj_scroll_to_y
                0x0000000008006068       0x28 build/lv_obj_scroll.o
                0x0000000008006068                lv_obj_scroll_to_y
 .text.lv_obj_scroll_to
                0x0000000008006090       0x1a build/lv_obj_scroll.o
                0x0000000008006090                lv_obj_scroll_to
 *fill*         0x00000000080060aa        0x2 
 .text.scroll_area_into_view
                0x00000000080060ac      0x364 build/lv_obj_scroll.o
 .text.lv_obj_scroll_to_view_recursive
                0x0000000008006410       0x40 build/lv_obj_scroll.o
                0x0000000008006410                lv_obj_scroll_to_view_recursive
 .text.lv_obj_get_scrollbar_area
                0x0000000008006450      0x804 build/lv_obj_scroll.o
                0x0000000008006450                lv_obj_get_scrollbar_area
 .text.lv_obj_scrollbar_invalidate
                0x0000000008006c54       0x46 build/lv_obj_scroll.o
                0x0000000008006c54                lv_obj_scrollbar_invalidate
 .text.lv_obj_readjust_scroll
                0x0000000008006c9a       0x96 build/lv_obj_scroll.o
                0x0000000008006c9a                lv_obj_readjust_scroll
 .text.trans_del
                0x0000000008006d30       0xb0 build/lv_obj_style.o
 .text.refresh_children_style
                0x0000000008006de0       0x3a build/lv_obj_style.o
 .text.get_local_style
                0x0000000008006e1a       0xc6 build/lv_obj_style.o
 .text.get_trans_style
                0x0000000008006ee0       0xac build/lv_obj_style.o
 .text._lv_obj_style_init
                0x0000000008006f8c       0x10 build/lv_obj_style.o
                0x0000000008006f8c                _lv_obj_style_init
 .text.lv_obj_enable_style_refresh
                0x0000000008006f9c        0xc build/lv_obj_style.o
                0x0000000008006f9c                lv_obj_enable_style_refresh
 .text.lv_obj_get_local_style_prop
                0x0000000008006fa8       0x42 build/lv_obj_style.o
                0x0000000008006fa8                lv_obj_get_local_style_prop
 .text.lv_obj_style_get_selector_state
                0x0000000008006fea        0x4 build/lv_obj_style.o
                0x0000000008006fea                lv_obj_style_get_selector_state
 .text._lv_obj_style_state_compare
                0x0000000008006fee      0x268 build/lv_obj_style.o
                0x0000000008006fee                _lv_obj_style_state_compare
 .text.lv_obj_style_get_selector_part
                0x0000000008007256        0x6 build/lv_obj_style.o
                0x0000000008007256                lv_obj_style_get_selector_part
 .text.get_prop_core
                0x000000000800725c      0x12a build/lv_obj_style.o
 .text.lv_obj_get_style_prop
                0x0000000008007386       0x9a build/lv_obj_style.o
                0x0000000008007386                lv_obj_get_style_prop
 .text.calculate_layer_type
                0x0000000008007420       0x52 build/lv_obj_style.o
 *fill*         0x0000000008007472        0x2 
 .text._lv_obj_style_create_transition
                0x0000000008007474      0x148 build/lv_obj_style.o
                0x0000000008007474                _lv_obj_style_create_transition
 .text._lv_obj_style_apply_color_filter
                0x00000000080075bc       0x3c build/lv_obj_style.o
                0x00000000080075bc                _lv_obj_style_apply_color_filter
 .text.lv_obj_refresh_style
                0x00000000080075f8      0x128 build/lv_obj_style.o
                0x00000000080075f8                lv_obj_refresh_style
 .text.lv_obj_add_style
                0x0000000008007720       0xaa build/lv_obj_style.o
                0x0000000008007720                lv_obj_add_style
 .text.report_style_change_core
                0x00000000080077ca       0x52 build/lv_obj_style.o
 .text.lv_obj_report_style_change
                0x000000000800781c       0x40 build/lv_obj_style.o
                0x000000000800781c                lv_obj_report_style_change
 .text.lv_obj_set_local_style_prop
                0x000000000800785c       0x24 build/lv_obj_style.o
                0x000000000800785c                lv_obj_set_local_style_prop
 .text.lv_obj_remove_local_style_prop
                0x0000000008007880       0x5e build/lv_obj_style.o
                0x0000000008007880                lv_obj_remove_local_style_prop
 *fill*         0x00000000080078de        0x2 
 .text.trans_anim_cb
                0x00000000080078e0      0x1c0 build/lv_obj_style.o
 .text.lv_obj_remove_style
                0x0000000008007aa0      0x132 build/lv_obj_style.o
                0x0000000008007aa0                lv_obj_remove_style
 *fill*         0x0000000008007bd2        0x2 
 .text.trans_anim_ready_cb
                0x0000000008007bd4       0xac build/lv_obj_style.o
 .text.trans_anim_start_cb
                0x0000000008007c80       0x40 build/lv_obj_style.o
 .text.lv_obj_calculate_style_text_align
                0x0000000008007cc0       0x20 build/lv_obj_style.o
                0x0000000008007cc0                lv_obj_calculate_style_text_align
 .text.lv_obj_get_style_opa_recursive
                0x0000000008007ce0       0x76 build/lv_obj_style.o
                0x0000000008007ce0                lv_obj_get_style_opa_recursive
 .text.lv_obj_set_style_width
                0x0000000008007d56        0xe build/lv_obj_style_gen.o
                0x0000000008007d56                lv_obj_set_style_width
 .text.lv_obj_set_style_min_width
                0x0000000008007d64        0xe build/lv_obj_style_gen.o
                0x0000000008007d64                lv_obj_set_style_min_width
 .text.lv_obj_set_style_height
                0x0000000008007d72        0xe build/lv_obj_style_gen.o
                0x0000000008007d72                lv_obj_set_style_height
 .text.lv_obj_set_style_x
                0x0000000008007d80        0xe build/lv_obj_style_gen.o
                0x0000000008007d80                lv_obj_set_style_x
 .text.lv_obj_set_style_y
                0x0000000008007d8e        0xe build/lv_obj_style_gen.o
                0x0000000008007d8e                lv_obj_set_style_y
 .text.lv_obj_set_style_align
                0x0000000008007d9c        0xe build/lv_obj_style_gen.o
                0x0000000008007d9c                lv_obj_set_style_align
 .text.lv_obj_set_style_pad_top
                0x0000000008007daa        0xe build/lv_obj_style_gen.o
                0x0000000008007daa                lv_obj_set_style_pad_top
 .text.lv_obj_set_style_pad_bottom
                0x0000000008007db8        0xe build/lv_obj_style_gen.o
                0x0000000008007db8                lv_obj_set_style_pad_bottom
 .text.lv_obj_set_style_pad_left
                0x0000000008007dc6        0xe build/lv_obj_style_gen.o
                0x0000000008007dc6                lv_obj_set_style_pad_left
 .text.lv_obj_set_style_pad_right
                0x0000000008007dd4        0xe build/lv_obj_style_gen.o
                0x0000000008007dd4                lv_obj_set_style_pad_right
 .text.lv_obj_set_style_bg_color
                0x0000000008007de2        0xe build/lv_obj_style_gen.o
                0x0000000008007de2                lv_obj_set_style_bg_color
 .text.lv_obj_set_style_bg_opa
                0x0000000008007df0        0xe build/lv_obj_style_gen.o
                0x0000000008007df0                lv_obj_set_style_bg_opa
 .text.lv_obj_set_style_bg_img_src
                0x0000000008007dfe        0xe build/lv_obj_style_gen.o
                0x0000000008007dfe                lv_obj_set_style_bg_img_src
 .text.lv_obj_set_style_text_color
                0x0000000008007e0c        0xe build/lv_obj_style_gen.o
                0x0000000008007e0c                lv_obj_set_style_text_color
 .text.lv_obj_set_style_text_align
                0x0000000008007e1a        0xe build/lv_obj_style_gen.o
                0x0000000008007e1a                lv_obj_set_style_text_align
 .text.lv_obj_set_style_layout
                0x0000000008007e28        0xe build/lv_obj_style_gen.o
                0x0000000008007e28                lv_obj_set_style_layout
 .text.lv_obj_set_style_base_dir
                0x0000000008007e36        0xe build/lv_obj_style_gen.o
                0x0000000008007e36                lv_obj_set_style_base_dir
 .text.lv_obj_get_parent
                0x0000000008007e44        0x8 build/lv_obj_tree.o
                0x0000000008007e44                lv_obj_get_parent
 .text.lv_obj_get_screen
                0x0000000008007e4c       0x10 build/lv_obj_tree.o
                0x0000000008007e4c                lv_obj_get_screen
 .text.lv_obj_get_disp
                0x0000000008007e5c       0x3c build/lv_obj_tree.o
                0x0000000008007e5c                lv_obj_get_disp
 .text.lv_obj_get_child
                0x0000000008007e98       0x2a build/lv_obj_tree.o
                0x0000000008007e98                lv_obj_get_child
 .text.lv_obj_get_child_cnt
                0x0000000008007ec2        0xc build/lv_obj_tree.o
                0x0000000008007ec2                lv_obj_get_child_cnt
 .text.lv_obj_get_index
                0x0000000008007ece       0x34 build/lv_obj_tree.o
                0x0000000008007ece                lv_obj_get_index
 .text.obj_del_core
                0x0000000008007f02      0x112 build/lv_obj_tree.o
 .text.lv_obj_del
                0x0000000008008014       0x5a build/lv_obj_tree.o
                0x0000000008008014                lv_obj_del
 .text.lv_obj_set_parent
                0x000000000800806e       0xd2 build/lv_obj_tree.o
                0x000000000800806e                lv_obj_set_parent
 .text.lv_obj_move_to_index
                0x0000000008008140       0x80 build/lv_obj_tree.o
                0x0000000008008140                lv_obj_move_to_index
 .text.get_max_row
                0x00000000080081c0       0x78 build/lv_refr.o
 .text.draw_buf_rotate_180
                0x0000000008008238       0x8e build/lv_refr.o
 .text.draw_buf_rotate_90
                0x00000000080082c6       0x5a build/lv_refr.o
 .text.draw_buf_rotate_90_sqr
                0x0000000008008320       0xb6 build/lv_refr.o
 .text.call_flush_cb
                0x00000000080083d6       0x36 build/lv_refr.o
 .text.perf_monitor_init
                0x000000000800840c       0x14 build/lv_refr.o
 .text.mem_monitor_init
                0x0000000008008420        0xc build/lv_refr.o
 .text.lv_refr_get_top_obj
                0x000000000800842c       0x80 build/lv_refr.o
 .text.layer_get_area
                0x00000000080084ac       0xb0 build/lv_refr.o
 .text.layer_alpha_test
                0x000000000800855c       0x6c build/lv_refr.o
 .text.lv_refr_join_area
                0x00000000080085c8       0xd4 build/lv_refr.o
 .text.refr_sync_areas
                0x000000000800869c      0x144 build/lv_refr.o
 .text.draw_buf_rotate
                0x00000000080087e0      0x220 build/lv_refr.o
 .text.draw_buf_flush
                0x0000000008008a00       0xc4 build/lv_refr.o
 .text._lv_refr_init
                0x0000000008008ac4       0x18 build/lv_refr.o
                0x0000000008008ac4                _lv_refr_init
 .text.lv_obj_redraw
                0x0000000008008adc       0xf0 build/lv_refr.o
                0x0000000008008adc                lv_obj_redraw
 .text.refr_obj
                0x0000000008008bcc      0x268 build/lv_refr.o
 .text.refr_obj_and_children
                0x0000000008008e34       0x90 build/lv_refr.o
 .text.refr_area_part
                0x0000000008008ec4      0x1c4 build/lv_refr.o
 .text.refr_area
                0x0000000008009088      0x194 build/lv_refr.o
 .text.refr_invalid_areas
                0x000000000800921c       0xc8 build/lv_refr.o
 .text._lv_inv_area
                0x00000000080092e4      0x116 build/lv_refr.o
                0x00000000080092e4                _lv_inv_area
 *fill*         0x00000000080093fa        0x2 
 .text._lv_refr_get_disp_refreshing
                0x00000000080093fc        0xc build/lv_refr.o
                0x00000000080093fc                _lv_refr_get_disp_refreshing
 .text._lv_disp_refr_timer
                0x0000000008009408      0x304 build/lv_refr.o
                0x0000000008009408                _lv_disp_refr_timer
 .text.apply_theme
                0x000000000800970c       0x1a build/lv_theme.o
 .text.lv_theme_get_from_obj
                0x0000000008009726       0x14 build/lv_theme.o
                0x0000000008009726                lv_theme_get_from_obj
 *fill*         0x000000000800973a        0x2 
 .text.lv_theme_apply
                0x000000000800973c       0x24 build/lv_theme.o
                0x000000000800973c                lv_theme_apply
 .text.lv_theme_get_color_primary
                0x0000000008009760       0x14 build/lv_theme.o
                0x0000000008009760                lv_theme_get_color_primary
 .text.lv_draw_init
                0x0000000008009774        0x2 build/lv_draw.o
                0x0000000008009774                lv_draw_init
 .text.lv_draw_wait_for_finish
                0x0000000008009776        0xa build/lv_draw.o
                0x0000000008009776                lv_draw_wait_for_finish
 .text.lv_draw_arc_dsc_init
                0x0000000008009780       0x1a build/lv_draw_arc.o
                0x0000000008009780                lv_draw_arc_dsc_init
 .text.lv_draw_arc
                0x000000000800979a       0x2c build/lv_draw_arc.o
                0x000000000800979a                lv_draw_arc
 *fill*         0x00000000080097c6        0x2 
 .text.lv_draw_arc_get_area
                0x00000000080097c8      0x4a8 build/lv_draw_arc.o
                0x00000000080097c8                lv_draw_arc_get_area
 .text.draw_cleanup
                0x0000000008009c70        0x8 build/lv_draw_img.o
 .text.show_error
                0x0000000008009c78       0x3c build/lv_draw_img.o
 .text.lv_draw_img_dsc_init
                0x0000000008009cb4       0x24 build/lv_draw_img.o
                0x0000000008009cb4                lv_draw_img_dsc_init
 .text.lv_img_cf_get_px_size
                0x0000000008009cd8       0x32 build/lv_draw_img.o
                0x0000000008009cd8                lv_img_cf_get_px_size
 .text.lv_img_cf_is_chroma_keyed
                0x0000000008009d0a       0x14 build/lv_draw_img.o
                0x0000000008009d0a                lv_img_cf_is_chroma_keyed
 .text.lv_img_cf_has_alpha
                0x0000000008009d1e       0x16 build/lv_draw_img.o
                0x0000000008009d1e                lv_img_cf_has_alpha
 .text.lv_img_src_get_type
                0x0000000008009d34       0x24 build/lv_draw_img.o
                0x0000000008009d34                lv_img_src_get_type
 .text.lv_draw_img_decoded
                0x0000000008009d58       0x14 build/lv_draw_img.o
                0x0000000008009d58                lv_draw_img_decoded
 .text.decode_and_draw
                0x0000000008009d6c      0x24c build/lv_draw_img.o
 .text.lv_draw_img
                0x0000000008009fb8       0x54 build/lv_draw_img.o
                0x0000000008009fb8                lv_draw_img
 .text.hex_char_to_num
                0x000000000800a00c       0x3e build/lv_draw_label.o
 *fill*         0x000000000800a04a        0x2 
 .text.lv_draw_label_dsc_init
                0x000000000800a04c       0x38 build/lv_draw_label.o
                0x000000000800a04c                lv_draw_label_dsc_init
 .text.lv_draw_letter
                0x000000000800a084        0x8 build/lv_draw_label.o
                0x000000000800a084                lv_draw_letter
 .text.lv_draw_label
                0x000000000800a08c      0x5d4 build/lv_draw_label.o
                0x000000000800a08c                lv_draw_label
 .text.lv_draw_layer_create
                0x000000000800a660       0x60 build/lv_draw_layer.o
                0x000000000800a660                lv_draw_layer_create
 .text.lv_draw_layer_adjust
                0x000000000800a6c0        0xa build/lv_draw_layer.o
                0x000000000800a6c0                lv_draw_layer_adjust
 .text.lv_draw_layer_blend
                0x000000000800a6ca        0xa build/lv_draw_layer.o
                0x000000000800a6ca                lv_draw_layer_blend
 .text.lv_draw_layer_destroy
                0x000000000800a6d4       0x3a build/lv_draw_layer.o
                0x000000000800a6d4                lv_draw_layer_destroy
 .text.lv_draw_line_dsc_init
                0x000000000800a70e       0x1a build/lv_draw_line.o
                0x000000000800a70e                lv_draw_line_dsc_init
 .text.lv_draw_line
                0x000000000800a728       0x14 build/lv_draw_line.o
                0x000000000800a728                lv_draw_line
 .text.circ_init
                0x000000000800a73c        0xe build/lv_draw_mask.o
 .text.circ_cont
                0x000000000800a74a       0x12 build/lv_draw_mask.o
 .text.circ_next
                0x000000000800a75c       0x3c build/lv_draw_mask.o
 .text.get_next_line
                0x000000000800a798       0x30 build/lv_draw_mask.o
 .text.line_mask_flat
                0x000000000800a7c8      0x208 build/lv_draw_mask.o
 .text.line_mask_steep
                0x000000000800a9d0      0x2ee build/lv_draw_mask.o
 .text.lv_draw_mask_line
                0x000000000800acbe       0xe0 build/lv_draw_mask.o
 .text.lv_draw_mask_angle
                0x000000000800ad9e      0x37c build/lv_draw_mask.o
 .text.lv_draw_mask_radius
                0x000000000800b11a      0x308 build/lv_draw_mask.o
 .text.circ_calc_aa4
                0x000000000800b422      0x2e6 build/lv_draw_mask.o
 .text.lv_draw_mask_add
                0x000000000800b708       0x34 build/lv_draw_mask.o
                0x000000000800b708                lv_draw_mask_add
 .text.lv_draw_mask_apply
                0x000000000800b73c       0x54 build/lv_draw_mask.o
                0x000000000800b73c                lv_draw_mask_apply
 .text.lv_draw_mask_remove_id
                0x000000000800b790       0x24 build/lv_draw_mask.o
                0x000000000800b790                lv_draw_mask_remove_id
 .text.lv_draw_mask_remove_custom
                0x000000000800b7b4       0x34 build/lv_draw_mask.o
                0x000000000800b7b4                lv_draw_mask_remove_custom
 .text.lv_draw_mask_free_param
                0x000000000800b7e8       0x3a build/lv_draw_mask.o
                0x000000000800b7e8                lv_draw_mask_free_param
 *fill*         0x000000000800b822        0x2 
 .text._lv_draw_mask_cleanup
                0x000000000800b824       0x3c build/lv_draw_mask.o
                0x000000000800b824                _lv_draw_mask_cleanup
 .text.lv_draw_mask_is_any
                0x000000000800b860       0x68 build/lv_draw_mask.o
                0x000000000800b860                lv_draw_mask_is_any
 .text.lv_draw_mask_line_points_init
                0x000000000800b8c8      0x170 build/lv_draw_mask.o
                0x000000000800b8c8                lv_draw_mask_line_points_init
 .text.lv_draw_mask_line_angle_init
                0x000000000800ba38       0x52 build/lv_draw_mask.o
                0x000000000800ba38                lv_draw_mask_line_angle_init
 *fill*         0x000000000800ba8a        0x2 
 .text.lv_draw_mask_angle_init
                0x000000000800ba8c       0xc8 build/lv_draw_mask.o
                0x000000000800ba8c                lv_draw_mask_angle_init
 .text.lv_draw_mask_radius_init
                0x000000000800bb54      0x158 build/lv_draw_mask.o
                0x000000000800bb54                lv_draw_mask_radius_init
 .text.lv_draw_rect_dsc_init
                0x000000000800bcac       0x50 build/lv_draw_rect.o
                0x000000000800bcac                lv_draw_rect_dsc_init
 .text.lv_draw_rect
                0x000000000800bcfc       0x30 build/lv_draw_rect.o
                0x000000000800bcfc                lv_draw_rect
 .text.lv_draw_transform
                0x000000000800bd2c       0x34 build/lv_draw_transform.o
                0x000000000800bd2c                lv_draw_transform
 .text._lv_img_buf_get_transformed_area
                0x000000000800bd60      0x102 build/lv_img_buf.o
                0x000000000800bd60                _lv_img_buf_get_transformed_area
 *fill*         0x000000000800be62        0x2 
 .text._lv_img_cache_open
                0x000000000800be64       0x5c build/lv_img_cache.o
                0x000000000800be64                _lv_img_cache_open
 .text.lv_img_cache_invalidate_src
                0x000000000800bec0        0x2 build/lv_img_cache.o
                0x000000000800bec0                lv_img_cache_invalidate_src
 *fill*         0x000000000800bec2        0x2 
 .text.lv_img_decoder_built_in_info
                0x000000000800bec4       0xd0 build/lv_img_decoder.o
                0x000000000800bec4                lv_img_decoder_built_in_info
 .text.lv_img_decoder_built_in_close
                0x000000000800bf94       0x32 build/lv_img_decoder.o
                0x000000000800bf94                lv_img_decoder_built_in_close
 *fill*         0x000000000800bfc6        0x2 
 .text.lv_img_decoder_built_in_open
                0x000000000800bfc8      0x240 build/lv_img_decoder.o
                0x000000000800bfc8                lv_img_decoder_built_in_open
 .text.lv_img_decoder_built_in_line_true_color
                0x000000000800c208       0x6c build/lv_img_decoder.o
 .text.lv_img_decoder_built_in_line_alpha
                0x000000000800c274      0x18c build/lv_img_decoder.o
 .text.lv_img_decoder_built_in_line_indexed
                0x000000000800c400      0x160 build/lv_img_decoder.o
 .text.lv_img_decoder_built_in_read_line
                0x000000000800c560       0x74 build/lv_img_decoder.o
                0x000000000800c560                lv_img_decoder_built_in_read_line
 .text.lv_img_decoder_get_info
                0x000000000800c5d4       0x58 build/lv_img_decoder.o
                0x000000000800c5d4                lv_img_decoder_get_info
 .text.lv_img_decoder_open
                0x000000000800c62c       0xc8 build/lv_img_decoder.o
                0x000000000800c62c                lv_img_decoder_open
 .text.lv_img_decoder_read_line
                0x000000000800c6f4       0x22 build/lv_img_decoder.o
                0x000000000800c6f4                lv_img_decoder_read_line
 .text.lv_img_decoder_close
                0x000000000800c716       0x24 build/lv_img_decoder.o
                0x000000000800c716                lv_img_decoder_close
 *fill*         0x000000000800c73a        0x2 
 .text.lv_img_decoder_create
                0x000000000800c73c       0x1c build/lv_img_decoder.o
                0x000000000800c73c                lv_img_decoder_create
 .text.lv_img_decoder_set_info_cb
                0x000000000800c758        0x4 build/lv_img_decoder.o
                0x000000000800c758                lv_img_decoder_set_info_cb
 .text.lv_img_decoder_set_open_cb
                0x000000000800c75c        0x4 build/lv_img_decoder.o
                0x000000000800c75c                lv_img_decoder_set_open_cb
 .text.lv_img_decoder_set_read_line_cb
                0x000000000800c760        0x4 build/lv_img_decoder.o
                0x000000000800c760                lv_img_decoder_set_read_line_cb
 .text.lv_img_decoder_set_close_cb
                0x000000000800c764        0x4 build/lv_img_decoder.o
                0x000000000800c764                lv_img_decoder_set_close_cb
 .text._lv_img_decoder_init
                0x000000000800c768       0x48 build/lv_img_decoder.o
                0x000000000800c768                _lv_img_decoder_init
 .text.lv_draw_sw_wait_for_finish
                0x000000000800c7b0        0x2 build/lv_draw_sw.o
                0x000000000800c7b0                lv_draw_sw_wait_for_finish
 .text.lv_draw_sw_buffer_copy
                0x000000000800c7b2       0x64 build/lv_draw_sw.o
                0x000000000800c7b2                lv_draw_sw_buffer_copy
 *fill*         0x000000000800c816        0x2 
 .text.lv_draw_sw_init_ctx
                0x000000000800c818       0x8c build/lv_draw_sw.o
                0x000000000800c818                lv_draw_sw_init_ctx
 .text.draw_quarter_0
                0x000000000800c8a4      0x232 build/lv_draw_sw_arc.o
 .text.draw_quarter_1
                0x000000000800cad6      0x22a build/lv_draw_sw_arc.o
 .text.draw_quarter_2
                0x000000000800cd00      0x230 build/lv_draw_sw_arc.o
 .text.draw_quarter_3
                0x000000000800cf30      0x232 build/lv_draw_sw_arc.o
 .text.get_rounded_area
                0x000000000800d162       0x8a build/lv_draw_sw_arc.o
 .text.lv_draw_sw_arc
                0x000000000800d1ec      0x398 build/lv_draw_sw_arc.o
                0x000000000800d1ec                lv_draw_sw_arc
 .text.fill_blended
                0x000000000800d584      0x150 build/lv_draw_sw_blend.o
 .text.map_blended
                0x000000000800d6d4      0x19c build/lv_draw_sw_blend.o
 .text.fill_set_px
                0x000000000800d870       0xe6 build/lv_draw_sw_blend.o
 .text.map_set_px
                0x000000000800d956       0xfc build/lv_draw_sw_blend.o
 *fill*         0x000000000800da52        0x2 
 .text.fill_normal
                0x000000000800da54      0x4f8 build/lv_draw_sw_blend.o
 .text.color_blend_true_color_additive
                0x000000000800df4c       0xb4 build/lv_draw_sw_blend.o
 .text.color_blend_true_color_subtractive
                0x000000000800e000       0xac build/lv_draw_sw_blend.o
 .text.color_blend_true_color_multiply
                0x000000000800e0ac       0xb8 build/lv_draw_sw_blend.o
 .text.map_normal
                0x000000000800e164      0x4b4 build/lv_draw_sw_blend.o
 .text.lv_draw_sw_blend
                0x000000000800e618       0x30 build/lv_draw_sw_blend.o
                0x000000000800e618                lv_draw_sw_blend
 .text.lv_draw_sw_blend_basic
                0x000000000800e648      0x218 build/lv_draw_sw_blend.o
                0x000000000800e648                lv_draw_sw_blend_basic
 .text.compute_key
                0x000000000800e860        0x8 build/lv_draw_sw_gradient.o
 .text.get_cache_item_size
                0x000000000800e868       0x10 build/lv_draw_sw_gradient.o
 .text.next_in_cache
                0x000000000800e878       0x38 build/lv_draw_sw_gradient.o
 .text.iterate_cache
                0x000000000800e8b0       0x3c build/lv_draw_sw_gradient.o
 .text.find_oldest_item_life
                0x000000000800e8ec       0x12 build/lv_draw_sw_gradient.o
 .text.find_item
                0x000000000800e8fe       0x10 build/lv_draw_sw_gradient.o
 *fill*         0x000000000800e90e        0x2 
 .text.allocate_item
                0x000000000800e910      0x118 build/lv_draw_sw_gradient.o
 .text.free_item
                0x000000000800ea28       0x54 build/lv_draw_sw_gradient.o
 .text.kill_oldest_item
                0x000000000800ea7c       0x1a build/lv_draw_sw_gradient.o
 *fill*         0x000000000800ea96        0x2 
 .text.lv_gradient_set_cache_size
                0x000000000800ea98       0x34 build/lv_draw_sw_gradient.o
                0x000000000800ea98                lv_gradient_set_cache_size
 .text.lv_gradient_calculate
                0x000000000800eacc      0x198 build/lv_draw_sw_gradient.o
                0x000000000800eacc                lv_gradient_calculate
 .text.lv_gradient_get
                0x000000000800ec64       0xa4 build/lv_draw_sw_gradient.o
                0x000000000800ec64                lv_gradient_get
 .text.lv_gradient_cleanup
                0x000000000800ed08       0x12 build/lv_draw_sw_gradient.o
                0x000000000800ed08                lv_gradient_cleanup
 .text.convert_cb
                0x000000000800ed1a      0x1ec build/lv_draw_sw_img.o
 .text.lv_draw_sw_img_decoded
                0x000000000800ef06      0x3d2 build/lv_draw_sw_img.o
                0x000000000800ef06                lv_draw_sw_img_decoded
 .text.lv_draw_sw_layer_create
                0x000000000800f2d8      0x108 build/lv_draw_sw_layer.o
                0x000000000800f2d8                lv_draw_sw_layer_create
 .text.lv_draw_sw_layer_adjust
                0x000000000800f3e0       0x5a build/lv_draw_sw_layer.o
                0x000000000800f3e0                lv_draw_sw_layer_adjust
 .text.lv_draw_sw_layer_blend
                0x000000000800f43a       0x9a build/lv_draw_sw_layer.o
                0x000000000800f43a                lv_draw_sw_layer_blend
 .text.lv_draw_sw_layer_destroy
                0x000000000800f4d4        0xa build/lv_draw_sw_layer.o
                0x000000000800f4d4                lv_draw_sw_layer_destroy
 *fill*         0x000000000800f4de        0x2 
 .text.draw_letter_normal
                0x000000000800f4e0      0x310 build/lv_draw_sw_letter.o
 .text.lv_draw_sw_letter
                0x000000000800f7f0      0x12a build/lv_draw_sw_letter.o
                0x000000000800f7f0                lv_draw_sw_letter
 .text.draw_line_hor
                0x000000000800f91a      0x19c build/lv_draw_sw_line.o
 .text.draw_line_ver
                0x000000000800fab6      0x178 build/lv_draw_sw_line.o
 *fill*         0x000000000800fc2e        0x2 
 .text.draw_line_skew
                0x000000000800fc30      0x3b0 build/lv_draw_sw_line.o
 .text.lv_draw_sw_line
                0x000000000800ffe0      0x1ac build/lv_draw_sw_line.o
                0x000000000800ffe0                lv_draw_sw_line
 .text.lv_draw_sw_polygon
                0x000000000801018c      0x2b8 build/lv_draw_sw_polygon.o
                0x000000000801018c                lv_draw_sw_polygon
 .text.draw_border_simple
                0x0000000008010444       0xf4 build/lv_draw_sw_rect.o
 .text.shadow_blur_corner
                0x0000000008010538      0x15a build/lv_draw_sw_rect.o
 .text.shadow_draw_corner_buf
                0x0000000008010692      0x1ae build/lv_draw_sw_rect.o
 .text.draw_shadow
                0x0000000008010840      0xda4 build/lv_draw_sw_rect.o
 .text.draw_bg  0x00000000080115e4      0x3e4 build/lv_draw_sw_rect.o
 .text.draw_bg_img
                0x00000000080119c8      0x23e build/lv_draw_sw_rect.o
 .text.lv_draw_sw_bg
                0x0000000008011c06       0x18 build/lv_draw_sw_rect.o
                0x0000000008011c06                lv_draw_sw_bg
 .text.draw_border_generic
                0x0000000008011c1e      0x518 build/lv_draw_sw_rect.o
                0x0000000008011c1e                draw_border_generic
 .text.draw_border
                0x0000000008012136      0x132 build/lv_draw_sw_rect.o
 .text.draw_outline
                0x0000000008012268       0xec build/lv_draw_sw_rect.o
 .text.lv_draw_sw_rect
                0x0000000008012354       0x36 build/lv_draw_sw_rect.o
                0x0000000008012354                lv_draw_sw_rect
 .text.argb_no_aa
                0x000000000801238a       0x86 build/lv_draw_sw_transform.o
 .text.rgb565a8_no_aa
                0x0000000008012410       0x78 build/lv_draw_sw_transform.o
 .text.transform_point_upscaled
                0x0000000008012488       0xb0 build/lv_draw_sw_transform.o
 .text.rgb_no_aa
                0x0000000008012538       0xa0 build/lv_draw_sw_transform.o
 .text.argb_and_rgb_aa
                0x00000000080125d8      0x3fc build/lv_draw_sw_transform.o
 .text.lv_draw_sw_transform
                0x00000000080129d4      0x250 build/lv_draw_sw_transform.o
                0x00000000080129d4                lv_draw_sw_transform
 .text.lv_area_get_width
                0x0000000008012c24        0xe build/lv_flex.o
 .text.lv_area_get_height
                0x0000000008012c32        0xe build/lv_flex.o
 .text.place_content
                0x0000000008012c40       0xa6 build/lv_flex.o
 .text.get_next_item
                0x0000000008012ce6       0x34 build/lv_flex.o
 *fill*         0x0000000008012d1a        0x2 
 .text.find_track_end
                0x0000000008012d1c      0x26c build/lv_flex.o
 .text.children_repos
                0x0000000008012f88      0x47c build/lv_flex.o
 .text.flex_update
                0x0000000008013404      0x3a8 build/lv_flex.o
 .text.lv_flex_init
                0x00000000080137ac       0x60 build/lv_flex.o
                0x00000000080137ac                lv_flex_init
 .text.lv_obj_set_style_flex_flow
                0x000000000801380c       0x14 build/lv_flex.o
                0x000000000801380c                lv_obj_set_style_flex_flow
 .text.lv_obj_set_flex_flow
                0x0000000008013820       0x1c build/lv_flex.o
                0x0000000008013820                lv_obj_set_flex_flow
 .text.lv_obj_set_style_flex_main_place
                0x000000000801383c       0x14 build/lv_flex.o
                0x000000000801383c                lv_obj_set_style_flex_main_place
 .text.lv_obj_set_style_flex_cross_place
                0x0000000008013850       0x14 build/lv_flex.o
                0x0000000008013850                lv_obj_set_style_flex_cross_place
 .text.lv_obj_set_style_flex_track_place
                0x0000000008013864       0x14 build/lv_flex.o
                0x0000000008013864                lv_obj_set_style_flex_track_place
 .text.lv_obj_set_flex_align
                0x0000000008013878       0x34 build/lv_flex.o
                0x0000000008013878                lv_obj_set_flex_align
 .text.lv_obj_set_style_flex_grow
                0x00000000080138ac       0x14 build/lv_flex.o
                0x00000000080138ac                lv_obj_set_style_flex_grow
 .text.lv_obj_set_flex_grow
                0x00000000080138c0       0x16 build/lv_flex.o
                0x00000000080138c0                lv_obj_set_flex_grow
 *fill*         0x00000000080138d6        0x2 
 .text.grid_align
                0x00000000080138d8      0x134 build/lv_grid.o
 .text.count_tracks
                0x0000000008013a0c       0x16 build/lv_grid.o
 *fill*         0x0000000008013a22        0x2 
 .text.item_repos
                0x0000000008013a24      0x3c0 build/lv_grid.o
 .text.calc_free
                0x0000000008013de4       0x1e build/lv_grid.o
 *fill*         0x0000000008013e02        0x2 
 .text.calc_cols
                0x0000000008013e04      0x198 build/lv_grid.o
 .text.calc_rows
                0x0000000008013f9c      0x198 build/lv_grid.o
 .text.calc     0x0000000008014134      0x12c build/lv_grid.o
 .text.grid_update
                0x0000000008014260       0xf0 build/lv_grid.o
 .text.lv_grid_init
                0x0000000008014350       0xa4 build/lv_grid.o
                0x0000000008014350                lv_grid_init
 .text.lv_extra_init
                0x00000000080143f4        0xc build/lv_extra.o
                0x00000000080143f4                lv_extra_init
 .text.theme_apply
                0x0000000008014400     0x10b4 build/lv_theme_default.o
 .text.dark_color_filter_cb
                0x00000000080154b4        0xc build/lv_theme_default.o
 .text.style_init_reset
                0x00000000080154c0       0x18 build/lv_theme_default.o
 .text.grey_filter_cb
                0x00000000080154d8       0xb4 build/lv_theme_default.o
 .text.style_init
                0x000000000801558c     0x3724 build/lv_theme_default.o
 .text.lv_theme_default_is_inited
                0x0000000008018cb0       0x10 build/lv_theme_default.o
                0x0000000008018cb0                lv_theme_default_is_inited
 .text.lv_theme_default_init
                0x0000000008018cc0       0xb0 build/lv_theme_default.o
                0x0000000008018cc0                lv_theme_default_init
 .text.lv_theme_default_get
                0x0000000008018d70       0x14 build/lv_theme_default.o
                0x0000000008018d70                lv_theme_default_get
 .text.is_leap_year
                0x0000000008018d84       0x3c build/lv_calendar.o
 .text.get_month_length
                0x0000000008018dc0       0x50 build/lv_calendar.o
 .text.get_day_of_week
                0x0000000008018e10       0x5c build/lv_calendar.o
 .text.draw_part_begin_event_cb
                0x0000000008018e6c       0xb2 build/lv_calendar.o
 .text.highlight_update
                0x0000000008018f1e       0x8c build/lv_calendar.o
 .text.lv_calendar_set_today_date
                0x0000000008018faa       0x12 build/lv_calendar.o
                0x0000000008018faa                lv_calendar_set_today_date
 .text.lv_calendar_set_showed_date
                0x0000000008018fbc      0x150 build/lv_calendar.o
                0x0000000008018fbc                lv_calendar_set_showed_date
 .text.lv_calendar_constructor
                0x000000000801910c      0x100 build/lv_calendar.o
 .text.lv_calendar_get_showed_date
                0x000000000801920c        0x4 build/lv_calendar.o
                0x000000000801920c                lv_calendar_get_showed_date
 .text.my_constructor
                0x0000000008019210       0xdc build/lv_calendar_header_arrow.o
 .text.value_changed_event_cb
                0x00000000080192ec       0x38 build/lv_calendar_header_arrow.o
 .text.month_event_cb
                0x0000000008019324       0xa4 build/lv_calendar_header_arrow.o
 .text.my_constructor
                0x00000000080193c8       0x8c build/lv_calendar_header_dropdown.o
 .text.value_changed_event_cb
                0x0000000008019454       0x40 build/lv_calendar_header_dropdown.o
 .text.month_event_cb
                0x0000000008019494       0x3c build/lv_calendar_header_dropdown.o
 .text.year_event_cb
                0x00000000080194d0       0x40 build/lv_calendar_header_dropdown.o
 .text.get_index_from_x
                0x0000000008019510       0x72 build/lv_chart.o
 .text.invalidate_point
                0x0000000008019582      0x1d4 build/lv_chart.o
 *fill*         0x0000000008019756        0x2 
 .text.draw_div_lines
                0x0000000008019758      0x304 build/lv_chart.o
 .text.lv_chart_destructor
                0x0000000008019a5c       0x68 build/lv_chart.o
 .text.lv_chart_constructor
                0x0000000008019ac4       0x7c build/lv_chart.o
 .text.lv_chart_get_x_start_point
                0x0000000008019b40       0x16 build/lv_chart.o
                0x0000000008019b40                lv_chart_get_x_start_point
 *fill*         0x0000000008019b56        0x2 
 .text.draw_series_line
                0x0000000008019b58      0x488 build/lv_chart.o
 .text.draw_series_bar
                0x0000000008019fe0      0x2a8 build/lv_chart.o
 .text.draw_series_scatter
                0x000000000801a288      0x42c build/lv_chart.o
 .text.lv_chart_get_point_pos_by_id
                0x000000000801a6b4      0x206 build/lv_chart.o
                0x000000000801a6b4                lv_chart_get_point_pos_by_id
 *fill*         0x000000000801a8ba        0x2 
 .text.draw_cursors
                0x000000000801a8bc      0x24c build/lv_chart.o
 .text.get_tick_gsc
                0x000000000801ab08       0x22 build/lv_chart.o
                0x000000000801ab08                get_tick_gsc
 *fill*         0x000000000801ab2a        0x2 
 .text.draw_y_ticks
                0x000000000801ab2c      0x2fc build/lv_chart.o
 .text.draw_x_ticks
                0x000000000801ae28      0x3a8 build/lv_chart.o
 .text.draw_axes
                0x000000000801b1d0       0x2c build/lv_chart.o
 .text.lv_chart_event
                0x000000000801b1fc      0x1f4 build/lv_chart.o
 .text.fast_hsv2rgb
                0x000000000801b3f0       0x90 build/lv_colorwheel.o
 .text.angle_to_mode_color_fast
                0x000000000801b480      0x1a0 build/lv_colorwheel.o
 .text.get_angle
                0x000000000801b620       0x44 build/lv_colorwheel.o
 .text.get_knob_area
                0x000000000801b664       0xa2 build/lv_colorwheel.o
 .text.invalidate_knob
                0x000000000801b706       0x1a build/lv_colorwheel.o
 .text.refr_knob_pos
                0x000000000801b720       0x6c build/lv_colorwheel.o
 .text.next_color_mode
                0x000000000801b78c       0x34 build/lv_colorwheel.o
 .text.draw_disc_grad
                0x000000000801b7c0      0x1ac build/lv_colorwheel.o
 .text.lv_colorwheel_constructor
                0x000000000801b96c       0x5c build/lv_colorwheel.o
 .text.lv_colorwheel_set_hsv
                0x000000000801b9c8       0x78 build/lv_colorwheel.o
                0x000000000801b9c8                lv_colorwheel_set_hsv
 .text.double_click_reset
                0x000000000801ba40       0x72 build/lv_colorwheel.o
 .text.lv_colorwheel_get_rgb
                0x000000000801bab2       0x12 build/lv_colorwheel.o
                0x000000000801bab2                lv_colorwheel_get_rgb
 .text.draw_knob
                0x000000000801bac4       0x5a build/lv_colorwheel.o
 *fill*         0x000000000801bb1e        0x2 
 .text.lv_colorwheel_event
                0x000000000801bb20      0x4bc build/lv_colorwheel.o
 .text.lv_keyboard_update_ctrl_map
                0x000000000801bfdc       0x68 build/lv_keyboard.o
 .text.lv_keyboard_update_map
                0x000000000801c044       0x20 build/lv_keyboard.o
 .text.lv_keyboard_constructor
                0x000000000801c064       0x50 build/lv_keyboard.o
 .text.lv_keyboard_def_event_cb
                0x000000000801c0b4      0x210 build/lv_keyboard.o
                0x000000000801c0b4                lv_keyboard_def_event_cb
 .text.lv_led_constructor
                0x000000000801c2c4       0x14 build/lv_led.o
 .text.lv_led_event
                0x000000000801c2d8      0x5a4 build/lv_led.o
 .text.lv_menu_destructor
                0x000000000801c87c        0xc build/lv_menu.o
 .text.lv_menu_section_constructor
                0x000000000801c888       0x16 build/lv_menu.o
 .text.lv_menu_cont_constructor
                0x000000000801c89e       0x22 build/lv_menu.o
 .text.lv_menu_constructor
                0x000000000801c8c0      0x150 build/lv_menu.o
 .text.lv_menu_page_destructor
                0x000000000801ca10       0x14 build/lv_menu.o
 .text.lv_menu_page_constructor
                0x000000000801ca24       0x32 build/lv_menu.o
 .text.lv_menu_refr_main_header_mode
                0x000000000801ca56       0x7c build/lv_menu.o
 .text.lv_menu_get_cur_main_page
                0x000000000801cad2        0x4 build/lv_menu.o
                0x000000000801cad2                lv_menu_get_cur_main_page
 .text.lv_menu_get_cur_sidebar_page
                0x000000000801cad6        0x4 build/lv_menu.o
                0x000000000801cad6                lv_menu_get_cur_sidebar_page
 .text.lv_menu_value_changed_event_cb
                0x000000000801cada       0x54 build/lv_menu.o
 .text.lv_menu_back_btn_is_root
                0x000000000801cb2e       0x24 build/lv_menu.o
                0x000000000801cb2e                lv_menu_back_btn_is_root
 .text.lv_menu_clear_history
                0x000000000801cb52       0x12 build/lv_menu.o
                0x000000000801cb52                lv_menu_clear_history
 .text.lv_menu_set_page
                0x000000000801cb64      0x104 build/lv_menu.o
                0x000000000801cb64                lv_menu_set_page
 .text.lv_menu_back_event_cb
                0x000000000801cc68       0x92 build/lv_menu.o
 *fill*         0x000000000801ccfa        0x2 
 .text.draw_arcs
                0x000000000801ccfc      0x140 build/lv_meter.o
 .text.draw_ticks_and_labels
                0x000000000801ce3c      0x488 build/lv_meter.o
 .text.draw_needles
                0x000000000801d2c4      0x244 build/lv_meter.o
 .text.lv_meter_event
                0x000000000801d508       0xf8 build/lv_meter.o
 .text.lv_meter_destructor
                0x000000000801d600       0x16 build/lv_meter.o
 .text.lv_meter_constructor
                0x000000000801d616       0x18 build/lv_meter.o
 *fill*         0x000000000801d62e        0x2 
 .text.lv_spinbox_updatevalue
                0x000000000801d630      0x12c build/lv_spinbox.o
 .text.lv_spinbox_constructor
                0x000000000801d75c       0x64 build/lv_spinbox.o
 .text.lv_spinbox_step_next
                0x000000000801d7c0       0x28 build/lv_spinbox.o
                0x000000000801d7c0                lv_spinbox_step_next
 .text.lv_spinbox_step_prev
                0x000000000801d7e8       0x28 build/lv_spinbox.o
                0x000000000801d7e8                lv_spinbox_step_prev
 .text.lv_spinbox_increment
                0x000000000801d810       0x44 build/lv_spinbox.o
                0x000000000801d810                lv_spinbox_increment
 .text.lv_spinbox_decrement
                0x000000000801d854       0x44 build/lv_spinbox.o
                0x000000000801d854                lv_spinbox_decrement
 .text.lv_spinbox_event
                0x000000000801d898      0x18c build/lv_spinbox.o
 .text.lv_spinner_constructor
                0x000000000801da24       0x84 build/lv_spinner.o
 .text.arc_anim_start_angle
                0x000000000801daa8        0xa build/lv_spinner.o
 .text.arc_anim_end_angle
                0x000000000801dab2        0xa build/lv_spinner.o
 .text.lv_spinner_create
                0x000000000801dabc       0x28 build/lv_spinner.o
                0x000000000801dabc                lv_spinner_create
 .text.lv_tabview_destructor
                0x000000000801dae4       0x64 build/lv_tabview.o
 .text.lv_tabview_constructor
                0x000000000801db48      0x164 build/lv_tabview.o
 .text.lv_tabview_get_tab_act
                0x000000000801dcac        0x4 build/lv_tabview.o
                0x000000000801dcac                lv_tabview_get_tab_act
 .text.lv_tabview_get_content
                0x000000000801dcb0        0xa build/lv_tabview.o
                0x000000000801dcb0                lv_tabview_get_content
 .text.lv_tabview_get_tab_btns
                0x000000000801dcba        0xa build/lv_tabview.o
                0x000000000801dcba                lv_tabview_get_tab_btns
 .text.lv_tabview_set_act
                0x000000000801dcc4       0xc2 build/lv_tabview.o
                0x000000000801dcc4                lv_tabview_set_act
 *fill*         0x000000000801dd86        0x2 
 .text.lv_tabview_event
                0x000000000801dd88       0x38 build/lv_tabview.o
 .text.cont_scroll_end_event_cb
                0x000000000801ddc0       0xe6 build/lv_tabview.o
 .text.btns_value_changed_event_cb
                0x000000000801dea6       0x20 build/lv_tabview.o
 *fill*         0x000000000801dec6        0x2 
 .text.lv_tileview_constructor
                0x000000000801dec8       0x3c build/lv_tileview.o
 .text.tileview_event_cb
                0x000000000801df04       0xc4 build/lv_tileview.o
 .text.lv_tileview_tile_constructor
                0x000000000801dfc8       0x70 build/lv_tileview.o
 .text.lv_win_constructor
                0x000000000801e038       0x74 build/lv_win.o
 .text.lv_font_get_glyph_bitmap
                0x000000000801e0ac        0xc build/lv_font.o
                0x000000000801e0ac                lv_font_get_glyph_bitmap
 .text.lv_font_get_glyph_dsc
                0x000000000801e0b8       0xba build/lv_font.o
                0x000000000801e0b8                lv_font_get_glyph_dsc
 .text.lv_font_get_glyph_width
                0x000000000801e172       0x1c build/lv_font.o
                0x000000000801e172                lv_font_get_glyph_width
 .text.kern_pair_8_compare
                0x000000000801e18e       0x14 build/lv_font_fmt_txt.o
 .text.kern_pair_16_compare
                0x000000000801e1a2       0x14 build/lv_font_fmt_txt.o
 .text.unicode_list_compare
                0x000000000801e1b6        0x8 build/lv_font_fmt_txt.o
 *fill*         0x000000000801e1be        0x2 
 .text.get_glyph_dsc_id