Archive member included to satisfy reference by file (symbol)

/Users/jr/Library/Application Support/Code/User/globalStorage/bmd.stm32-for-vscode/@xpack-dev-tools/arm-none-eabi-gcc/13.3.1-1.1.1/.content/bin/../lib/gcc/arm-none-eabi/13.3.1/../../../../arm-none-eabi/lib/thumb/v7e-m+fp/hard/libc_nano.a(libc_a-atexit.o)
                              /Users/jr/Library/Application Support/Code/User/globalStorage/bmd.stm32-for-vscode/@xpack-dev-tools/arm-none-eabi-gcc/13.3.1-1.1.1/.content/bin/../lib/gcc/arm-none-eabi/13.3.1/../../../../arm-none-eabi/lib/thumb/v7e-m+fp/hard/crt0.o (atexit)
/Users/jr/Library/Application Support/Code/User/globalStorage/bmd.stm32-for-vscode/@xpack-dev-tools/arm-none-eabi-gcc/13.3.1-1.1.1/.content/bin/../lib/gcc/arm-none-eabi/13.3.1/../../../../arm-none-eabi/lib/thumb/v7e-m+fp/hard/libc_nano.a(libc_a-exit.o)
                              /Users/jr/Library/Application Support/Code/User/globalStorage/bmd.stm32-for-vscode/@xpack-dev-tools/arm-none-eabi-gcc/13.3.1-1.1.1/.content/bin/../lib/gcc/arm-none-eabi/13.3.1/../../../../arm-none-eabi/lib/thumb/v7e-m+fp/hard/crt0.o (exit)
/Users/jr/Library/Application Support/Code/User/globalStorage/bmd.stm32-for-vscode/@xpack-dev-tools/arm-none-eabi-gcc/13.3.1-1.1.1/.content/bin/../lib/gcc/arm-none-eabi/13.3.1/../../../../arm-none-eabi/lib/thumb/v7e-m+fp/hard/libc_nano.a(libc_a-findfp.o)
                              /Users/jr/Library/Application Support/Code/User/globalStorage/bmd.stm32-for-vscode/@xpack-dev-tools/arm-none-eabi-gcc/13.3.1-1.1.1/.content/bin/../lib/gcc/arm-none-eabi/13.3.1/../../../../arm-none-eabi/lib/thumb/v7e-m+fp/hard/libc_nano.a(libc_a-exit.o) (__stdio_exit_handler)
/Users/jr/Library/Application Support/Code/User/globalStorage/bmd.stm32-for-vscode/@xpack-dev-tools/arm-none-eabi-gcc/13.3.1-1.1.1/.content/bin/../lib/gcc/arm-none-eabi/13.3.1/../../../../arm-none-eabi/lib/thumb/v7e-m+fp/hard/libc_nano.a(libc_a-fwalk.o)
                              /Users/jr/Library/Application Support/Code/User/globalStorage/bmd.stm32-for-vscode/@xpack-dev-tools/arm-none-eabi-gcc/13.3.1-1.1.1/.content/bin/../lib/gcc/arm-none-eabi/13.3.1/../../../../arm-none-eabi/lib/thumb/v7e-m+fp/hard/libc_nano.a(libc_a-findfp.o) (_fwalk_sglue)
/Users/jr/Library/Application Support/Code/User/globalStorage/bmd.stm32-for-vscode/@xpack-dev-tools/arm-none-eabi-gcc/13.3.1-1.1.1/.content/bin/../lib/gcc/arm-none-eabi/13.3.1/../../../../arm-none-eabi/lib/thumb/v7e-m+fp/hard/libc_nano.a(libc_a-memcmp.o)
                              build/release/lv_dropdown.o (memcmp)
/Users/jr/Library/Application Support/Code/User/globalStorage/bmd.stm32-for-vscode/@xpack-dev-tools/arm-none-eabi-gcc/13.3.1-1.1.1/.content/bin/../lib/gcc/arm-none-eabi/13.3.1/../../../../arm-none-eabi/lib/thumb/v7e-m+fp/hard/libc_nano.a(libc_a-memmove.o)
                              build/release/qrcodegen.o (memmove)
/Users/jr/Library/Application Support/Code/User/globalStorage/bmd.stm32-for-vscode/@xpack-dev-tools/arm-none-eabi-gcc/13.3.1-1.1.1/.content/bin/../lib/gcc/arm-none-eabi/13.3.1/../../../../arm-none-eabi/lib/thumb/v7e-m+fp/hard/libc_nano.a(libc_a-memset.o)
                              /Users/jr/Library/Application Support/Code/User/globalStorage/bmd.stm32-for-vscode/@xpack-dev-tools/arm-none-eabi-gcc/13.3.1-1.1.1/.content/bin/../lib/gcc/arm-none-eabi/13.3.1/../../../../arm-none-eabi/lib/thumb/v7e-m+fp/hard/crt0.o (memset)
/Users/jr/Library/Application Support/Code/User/globalStorage/bmd.stm32-for-vscode/@xpack-dev-tools/arm-none-eabi-gcc/13.3.1-1.1.1/.content/bin/../lib/gcc/arm-none-eabi/13.3.1/../../../../arm-none-eabi/lib/thumb/v7e-m+fp/hard/libc_nano.a(libc_a-strchr.o)
                              build/release/qrcodegen.o (strchr)
/Users/jr/Library/Application Support/Code/User/globalStorage/bmd.stm32-for-vscode/@xpack-dev-tools/arm-none-eabi-gcc/13.3.1-1.1.1/.content/bin/../lib/gcc/arm-none-eabi/13.3.1/../../../../arm-none-eabi/lib/thumb/v7e-m+fp/hard/libc_nano.a(libc_a-init.o)
                              /Users/jr/Library/Application Support/Code/User/globalStorage/bmd.stm32-for-vscode/@xpack-dev-tools/arm-none-eabi-gcc/13.3.1-1.1.1/.content/bin/../lib/gcc/arm-none-eabi/13.3.1/../../../../arm-none-eabi/lib/thumb/v7e-m+fp/hard/crt0.o (__libc_init_array)
/Users/jr/Library/Application Support/Code/User/globalStorage/bmd.stm32-for-vscode/@xpack-dev-tools/arm-none-eabi-gcc/13.3.1-1.1.1/.content/bin/../lib/gcc/arm-none-eabi/13.3.1/../../../../arm-none-eabi/lib/thumb/v7e-m+fp/hard/libc_nano.a(libc_a-fini.o)
                              /Users/jr/Library/Application Support/Code/User/globalStorage/bmd.stm32-for-vscode/@xpack-dev-tools/arm-none-eabi-gcc/13.3.1-1.1.1/.content/bin/../lib/gcc/arm-none-eabi/13.3.1/../../../../arm-none-eabi/lib/thumb/v7e-m+fp/hard/crt0.o (__libc_fini_array)
[...]
Memory Configuration

Name             Origin             Length             Attributes
RAM              0x20000000         0x00020000         xrw
CCMRAM           0x10000000         0x00010000         xrw
FLASH            0x08000000         0x00100000         xr
*default*        0x00000000         0xffffffff

Linker script and memory map

LOAD /Users/jr/Library/Application Support/Code/User/globalStorage/bmd.stm32-for-vscode/@xpack-dev-tools/arm-none-eabi-gcc/13.3.1-1.1.1/.content/bin/../lib/gcc/arm-none-eabi/13.3.1/thumb/v7e-m+fp/hard/crti.o
LOAD /Users/jr/Library/Application Support/Code/User/globalStorage/bmd.stm32-for-vscode/@xpack-dev-tools/arm-none-eabi-gcc/13.3.1-1.1.1/.content/bin/../lib/gcc/arm-none-eabi/13.3.1/thumb/v7e-m+fp/hard/crtbegin.o
LOAD /Users/jr/Library/Application Support/Code/User/globalStorage/bmd.stm32-for-vscode/@xpack-dev-tools/arm-none-eabi-gcc/13.3.1-1.1.1/.content/bin/../lib/gcc/arm-none-eabi/13.3.1/../../../../arm-none-eabi/lib/thumb/v7e-m+fp/hard/crt0.o
LOAD build/release/LCDController.o
LOAD build/release/_test_template.o
LOAD build/release/dma.o
LOAD build/release/font_1.o
LOAD build/release/font_2.o
LOAD build/release/font_3.o
LOAD build/release/fonts.o
LOAD build/release/gifdec.o
LOAD build/release/gpio.o
LOAD build/release/i2s.o
LOAD build/release/img_benchmark_cogwheel_alpha16.o
LOAD build/release/img_benchmark_cogwheel_argb.o
LOAD build/release/img_benchmark_cogwheel_chroma_keyed.o
LOAD build/release/img_benchmark_cogwheel_indexed16.o
LOAD build/release/img_benchmark_cogwheel_rgb.o
LOAD build/release/img_benchmark_cogwheel_rgb565a8.o
LOAD build/release/img_clothes.o
LOAD build/release/img_demo_widgets_avatar.o
LOAD build/release/img_lv_demo_music_btn_corner_large.o
LOAD build/release/img_lv_demo_music_btn_list_pause.o
LOAD build/release/img_lv_demo_music_btn_list_pause_large.o
LOAD build/release/img_lv_demo_music_btn_list_play.o
LOAD build/release/img_lv_demo_music_btn_list_play_large.o
LOAD build/release/img_lv_demo_music_btn_loop.o
LOAD build/release/img_lv_demo_music_btn_loop_large.o
LOAD build/release/img_lv_demo_music_btn_next.o
LOAD build/release/img_lv_demo_music_btn_next_large.o
LOAD build/release/img_lv_demo_music_btn_pause.o
LOAD build/release/img_lv_demo_music_btn_pause_large.o
LOAD build/release/img_lv_demo_music_btn_play.o
LOAD build/release/img_lv_demo_music_btn_play_large.o
LOAD build/release/img_lv_demo_music_btn_prev.o
LOAD build/release/img_lv_demo_music_btn_prev_large.o
LOAD build/release/img_lv_demo_music_btn_rnd.o
LOAD build/release/img_lv_demo_music_btn_rnd_large.o
LOAD build/release/img_lv_demo_music_corner_left.o
LOAD build/release/img_lv_demo_music_corner_left_large.o
LOAD build/release/img_lv_demo_music_corner_right.o
LOAD build/release/img_lv_demo_music_corner_right_large.o
LOAD build/release/img_lv_demo_music_cover_1.o
LOAD build/release/img_lv_demo_music_cover_1_large.o
LOAD build/release/img_lv_demo_music_cover_2.o
LOAD build/release/img_lv_demo_music_cover_2_large.o
LOAD build/release/img_lv_demo_music_cover_3.o
LOAD build/release/img_lv_demo_music_cover_3_large.o
LOAD build/release/img_lv_demo_music_icon_1.o
LOAD build/release/img_lv_demo_music_icon_1_large.o
LOAD build/release/img_lv_demo_music_icon_2.o
LOAD build/release/img_lv_demo_music_icon_2_large.o
LOAD build/release/img_lv_demo_music_icon_3.o
LOAD build/release/img_lv_demo_music_icon_3_large.o
LOAD build/release/img_lv_demo_music_icon_4.o
LOAD build/release/img_lv_demo_music_icon_4_large.o
LOAD build/release/img_lv_demo_music_list_border.o
LOAD build/release/img_lv_demo_music_list_border_large.o
LOAD build/release/img_lv_demo_music_logo.o
LOAD build/release/img_lv_demo_music_slider_knob.o
LOAD build/release/img_lv_demo_music_slider_knob_large.o
LOAD build/release/img_lv_demo_music_wave_bottom.o
LOAD build/release/img_lv_demo_music_wave_bottom_large.o
LOAD build/release/img_lv_demo_music_wave_top.o
LOAD build/release/img_lv_demo_music_wave_top_large.o
LOAD build/release/img_lvgl_logo.o
LOAD build/release/lodepng.o
LOAD build/release/lv_anim.o
LOAD build/release/lv_anim_timeline.o
LOAD build/release/lv_animimg.o
LOAD build/release/lv_arc.o
LOAD build/release/lv_area.o
LOAD build/release/lv_async.o
LOAD build/release/lv_bar.o
LOAD build/release/lv_bidi.o
LOAD build/release/lv_bmp.o
LOAD build/release/lv_btn.o
LOAD build/release/lv_btnmatrix.o
LOAD build/release/lv_calendar.o
LOAD build/release/lv_calendar_header_arrow.o
LOAD build/release/lv_calendar_header_dropdown.o
LOAD build/release/lv_canvas.o
LOAD build/release/lv_chart.o
LOAD build/release/lv_checkbox.o
LOAD build/release/lv_color.o
LOAD build/release/lv_colorwheel.o
LOAD build/release/lv_demo_benchmark.o
LOAD build/release/lv_demo_keypad_encoder.o
LOAD build/release/lv_demo_music.o
LOAD build/release/lv_demo_music_list.o
LOAD build/release/lv_demo_music_main.o
LOAD build/release/lv_demo_stress.o
LOAD build/release/lv_demo_widgets.o
LOAD build/release/lv_disp.o
LOAD build/release/lv_draw.o
LOAD build/release/lv_draw_arc.o
LOAD build/release/lv_draw_img.o
LOAD build/release/lv_draw_label.o
LOAD build/release/lv_draw_layer.o
LOAD build/release/lv_draw_line.o
LOAD build/release/lv_draw_mask.o
LOAD build/release/lv_draw_pxp.o
LOAD build/release/lv_draw_pxp_blend.o
LOAD build/release/lv_draw_rect.o
LOAD build/release/lv_draw_sdl.o
LOAD build/release/lv_draw_sdl_arc.o
LOAD build/release/lv_draw_sdl_bg.o
LOAD build/release/lv_draw_sdl_composite.o
LOAD build/release/lv_draw_sdl_img.o
LOAD build/release/lv_draw_sdl_label.o
LOAD build/release/lv_draw_sdl_layer.o
LOAD build/release/lv_draw_sdl_line.o
LOAD build/release/lv_draw_sdl_mask.o
LOAD build/release/lv_draw_sdl_polygon.o
LOAD build/release/lv_draw_sdl_rect.o
LOAD build/release/lv_draw_sdl_stack_blur.o
LOAD build/release/lv_draw_sdl_texture_cache.o
LOAD build/release/lv_draw_sdl_utils.o
LOAD build/release/lv_draw_sw.o
LOAD build/release/lv_draw_sw_arc.o
LOAD build/release/lv_draw_sw_blend.o
LOAD build/release/lv_draw_sw_dither.o
LOAD build/release/lv_draw_sw_gradient.o
LOAD build/release/lv_draw_sw_img.o
LOAD build/release/lv_draw_sw_layer.o
LOAD build/release/lv_draw_sw_letter.o
LOAD build/release/lv_draw_sw_line.o
LOAD build/release/lv_draw_sw_polygon.o
LOAD build/release/lv_draw_sw_rect.o
LOAD build/release/lv_draw_sw_transform.o
LOAD build/release/lv_draw_transform.o
LOAD build/release/lv_draw_triangle.o
LOAD build/release/lv_draw_vglite.o
LOAD build/release/lv_draw_vglite_arc.o
LOAD build/release/lv_draw_vglite_blend.o
LOAD build/release/lv_draw_vglite_line.o
LOAD build/release/lv_draw_vglite_rect.o
LOAD build/release/lv_dropdown.o
LOAD build/release/lv_event.o
LOAD build/release/lv_extra.o
LOAD build/release/lv_ffmpeg.o
LOAD build/release/lv_flex.o
LOAD build/release/lv_font.o
LOAD build/release/lv_font_bechmark_montserrat_12_compr_az.c.o
LOAD build/release/lv_font_bechmark_montserrat_16_compr_az.c.o
LOAD build/release/lv_font_bechmark_montserrat_28_compr_az.c.o
LOAD build/release/lv_font_dejavu_16_persian_hebrew.o
LOAD build/release/lv_font_fmt_txt.o
LOAD build/release/lv_font_loader.o
LOAD build/release/lv_font_montserrat_10.o
LOAD build/release/lv_font_montserrat_12.o
LOAD build/release/lv_font_montserrat_12_subpx.o
LOAD build/release/lv_font_montserrat_14.o
LOAD build/release/lv_font_montserrat_16.o
LOAD build/release/lv_font_montserrat_18.o
LOAD build/release/lv_font_montserrat_20.o
LOAD build/release/lv_font_montserrat_22.o
LOAD build/release/lv_font_montserrat_24.o
LOAD build/release/lv_font_montserrat_26.o
LOAD build/release/lv_font_montserrat_28.o
LOAD build/release/lv_font_montserrat_28_compressed.o
LOAD build/release/lv_font_montserrat_30.o
LOAD build/release/lv_font_montserrat_32.o
LOAD build/release/lv_font_montserrat_34.o
LOAD build/release/lv_font_montserrat_36.o
LOAD build/release/lv_font_montserrat_38.o
LOAD build/release/lv_font_montserrat_40.o
LOAD build/release/lv_font_montserrat_42.o
LOAD build/release/lv_font_montserrat_44.o
LOAD build/release/lv_font_montserrat_46.o
LOAD build/release/lv_font_montserrat_48.o
LOAD build/release/lv_font_montserrat_8.o
LOAD build/release/lv_font_simsun_16_cjk.o
LOAD build/release/lv_font_unscii_16.o
LOAD build/release/lv_font_unscii_8.o
LOAD build/release/lv_fragment.o
LOAD build/release/lv_fragment_manager.o
LOAD build/release/lv_freetype.o
LOAD build/release/lv_fs.o
LOAD build/release/lv_fs_fatfs.o
LOAD build/release/lv_fs_littlefs.o
LOAD build/release/lv_fs_posix.o
LOAD build/release/lv_fs_stdio.o
LOAD build/release/lv_fs_win32.o
LOAD build/release/lv_gc.o
LOAD build/release/lv_gif.o
LOAD build/release/lv_gpu_arm2d.o
LOAD build/release/lv_gpu_d2_draw_label.o
LOAD build/release/lv_gpu_d2_ra6m3.o
LOAD build/release/lv_gpu_nxp_pxp.o
LOAD build/release/lv_gpu_nxp_pxp_osa.o
LOAD build/release/lv_gpu_stm32_dma2d.o
LOAD build/release/lv_gpu_swm341_dma2d.o
LOAD build/release/lv_grid.o
LOAD build/release/lv_gridnav.o
LOAD build/release/lv_group.o
LOAD build/release/lv_hal_disp.o
LOAD build/release/lv_hal_indev.o
LOAD build/release/lv_hal_tick.o
LOAD build/release/lv_ime_pinyin.o
LOAD build/release/lv_img.o
LOAD build/release/lv_img_buf.o
LOAD build/release/lv_img_cache.o
LOAD build/release/lv_img_decoder.o
LOAD build/release/lv_imgbtn.o
LOAD build/release/lv_imgfont.o
LOAD build/release/lv_indev.o
LOAD build/release/lv_indev_scroll.o
LOAD build/release/lv_keyboard.o
LOAD build/release/lv_label.o
LOAD build/release/lv_led.o
LOAD build/release/lv_line.o
LOAD build/release/lv_list.o
LOAD build/release/lv_ll.o
LOAD build/release/lv_log.o
LOAD build/release/lv_lru.o
LOAD build/release/lv_math.o
LOAD build/release/lv_mem.o
LOAD build/release/lv_menu.o
LOAD build/release/lv_meter.o
LOAD build/release/lv_monkey.o
LOAD build/release/lv_msg.o
LOAD build/release/lv_msgbox.o
LOAD build/release/lv_obj.o
LOAD build/release/lv_obj_class.o
LOAD build/release/lv_obj_draw.o
LOAD build/release/lv_obj_pos.o
LOAD build/release/lv_obj_scroll.o
LOAD build/release/lv_obj_style.o
LOAD build/release/lv_obj_style_gen.o
LOAD build/release/lv_obj_tree.o
LOAD build/release/lv_objx_templ.o
LOAD build/release/lv_png.o
LOAD build/release/lv_printf.o
LOAD build/release/lv_qrcode.o
LOAD build/release/lv_refr.o
LOAD build/release/lv_rlottie.o
LOAD build/release/lv_roller.o
LOAD build/release/lv_rt_thread_port.o
LOAD build/release/lv_sjpg.o
LOAD build/release/lv_slider.o
LOAD build/release/lv_snapshot.o
LOAD build/release/lv_span.o
LOAD build/release/lv_spinbox.o
LOAD build/release/lv_spinner.o
LOAD build/release/lv_style.o
LOAD build/release/lv_style_gen.o
LOAD build/release/lv_switch.o
LOAD build/release/lv_table.o
LOAD build/release/lv_tabview.o
LOAD build/release/lv_templ.o
LOAD build/release/lv_test_indev.o
LOAD build/release/lv_test_init.o
LOAD build/release/lv_textarea.o
LOAD build/release/lv_theme.o
LOAD build/release/lv_theme_basic.o
LOAD build/release/lv_theme_default.o
LOAD build/release/lv_theme_mono.o
LOAD build/release/lv_tileview.o
LOAD build/release/lv_timer.o
LOAD build/release/lv_tiny_ttf.o
LOAD build/release/lv_tlsf.o
LOAD build/release/lv_txt.o
LOAD build/release/lv_txt_ap.o
LOAD build/release/lv_ui_entry.o
LOAD build/release/lv_utils.o
LOAD build/release/lv_vglite_buf.o
LOAD build/release/lv_vglite_utils.o
LOAD build/release/lv_win.o
LOAD build/release/main.o
LOAD build/release/qrcodegen.o
LOAD build/release/spi.o
LOAD build/release/st7789v.o
LOAD build/release/stm32f4xx_hal.o
LOAD build/release/stm32f4xx_hal_cortex.o
LOAD build/release/stm32f4xx_hal_dma.o
LOAD build/release/stm32f4xx_hal_dma_ex.o
LOAD build/release/stm32f4xx_hal_exti.o
LOAD build/release/stm32f4xx_hal_flash.o
LOAD build/release/stm32f4xx_hal_flash_ex.o
LOAD build/release/stm32f4xx_hal_flash_ramfunc.o
LOAD build/release/stm32f4xx_hal_gpio.o
LOAD build/release/stm32f4xx_hal_i2s.o
LOAD build/release/stm32f4xx_hal_i2s_ex.o
LOAD build/release/stm32f4xx_hal_msp.o
LOAD build/release/stm32f4xx_hal_pwr.o
LOAD build/release/stm32f4xx_hal_pwr_ex.o
LOAD build/release/stm32f4xx_hal_rcc.o
LOAD build/release/stm32f4xx_hal_rcc_ex.o
LOAD build/release/stm32f4xx_hal_spi.o
LOAD build/release/stm32f4xx_hal_tim.o
LOAD build/release/stm32f4xx_hal_tim_ex.o
LOAD build/release/stm32f4xx_it.o
LOAD build/release/system_stm32f4xx.o
LOAD build/release/test.o
LOAD build/release/test_arc.o
LOAD build/release/test_bar.o
LOAD build/release/test_checkbox.o
LOAD build/release/test_config.o
LOAD build/release/test_demo_stress.o
LOAD build/release/test_demo_widgets.o
LOAD build/release/test_dropdown.o
LOAD build/release/test_event.o
LOAD build/release/test_font_loader.o
LOAD build/release/test_fs.o
LOAD build/release/test_line.o
LOAD build/release/test_mem.o
LOAD build/release/test_obj_tree.o
LOAD build/release/test_slider.o
LOAD build/release/test_snapshot.o
LOAD build/release/test_style.o
LOAD build/release/test_switch.o
LOAD build/release/test_table.o
LOAD build/release/test_textarea.o
LOAD build/release/test_tiny_ttf.o
LOAD build/release/test_txt.o
LOAD build/release/tjpgd.o
LOAD build/release/ubuntu_font.o
LOAD build/release/unity.o
LOAD build/release/unity_support.o
LOAD build/release/startup_stm32f407xx.o
LOAD /Users/jr/Library/Application Support/Code/User/globalStorage/bmd.stm32-for-vscode/@xpack-dev-tools/arm-none-eabi-gcc/13.3.1-1.1.1/.content/bin/../lib/gcc/arm-none-eabi/13.3.1/../../../../arm-none-eabi/lib/thumb/v7e-m+fp/hard/libc_nano.a
LOAD /Users/jr/Library/Application Support/Code/User/globalStorage/bmd.stm32-for-vscode/@xpack-dev-tools/arm-none-eabi-gcc/13.3.1-1.1.1/.content/bin/../lib/gcc/arm-none-eabi/13.3.1/../../../../arm-none-eabi/lib/thumb/v7e-m+fp/hard/libm.a
LOAD /Users/jr/Library/Application Support/Code/User/globalStorage/bmd.stm32-for-vscode/@xpack-dev-tools/arm-none-eabi-gcc/13.3.1-1.1.1/.content/bin/../lib/gcc/arm-none-eabi/13.3.1/../../../../arm-none-eabi/lib/thumb/v7e-m+fp/hard/libnosys.a
START GROUP
LOAD /Users/jr/Library/Application Support/Code/User/globalStorage/bmd.stm32-for-vscode/@xpack-dev-tools/arm-none-eabi-gcc/13.3.1-1.1.1/.content/bin/../lib/gcc/arm-none-eabi/13.3.1/thumb/v7e-m+fp/hard/libgcc.a
LOAD /Users/jr/Library/Application Support/Code/User/globalStorage/bmd.stm32-for-vscode/@xpack-dev-tools/arm-none-eabi-gcc/13.3.1-1.1.1/.content/bin/../lib/gcc/arm-none-eabi/13.3.1/../../../../arm-none-eabi/lib/thumb/v7e-m+fp/hard/libc_nano.a
END GROUP
START GROUP
LOAD /Users/jr/Library/Application Support/Code/User/globalStorage/bmd.stm32-for-vscode/@xpack-dev-tools/arm-none-eabi-gcc/13.3.1-1.1.1/.content/bin/../lib/gcc/arm-none-eabi/13.3.1/thumb/v7e-m+fp/hard/libgcc.a
LOAD /Users/jr/Library/Application Support/Code/User/globalStorage/bmd.stm32-for-vscode/@xpack-dev-tools/arm-none-eabi-gcc/13.3.1-1.1.1/.content/bin/../lib/gcc/arm-none-eabi/13.3.1/../../../../arm-none-eabi/lib/thumb/v7e-m+fp/hard/libc_nano.a
END GROUP
LOAD /Users/jr/Library/Application Support/Code/User/globalStorage/bmd.stm32-for-vscode/@xpack-dev-tools/arm-none-eabi-gcc/13.3.1-1.1.1/.content/bin/../lib/gcc/arm-none-eabi/13.3.1/thumb/v7e-m+fp/hard/crtend.o
LOAD /Users/jr/Library/Application Support/Code/User/globalStorage/bmd.stm32-for-vscode/@xpack-dev-tools/arm-none-eabi-gcc/13.3.1-1.1.1/.content/bin/../lib/gcc/arm-none-eabi/13.3.1/thumb/v7e-m+fp/hard/crtn.o
                0x20020000                        _estack = (ORIGIN (RAM) + LENGTH (RAM))
                0x00000200                        _Min_Heap_Size = 0x200
                0x00000400                        _Min_Stack_Size = 0x400

.isr_vector     0x08000000      0x188
                0x08000000                        . = ALIGN (0x4)
 *(.isr_vector)
 .isr_vector    0x08000000      0x188 build/release/startup_stm32f407xx.o
                0x08000000                g_pfnVectors
                0x08000188                        . = ALIGN (0x4)

.text           0x08000188    0x29734
                0x08000188                        . = ALIGN (0x4)
 *(.text)
 .text          0x08000188       0x14 /Users/jr/Library/Application Support/Code/User/globalStorage/bmd.stm32-for-vscode/@xpack-dev-tools/arm-none-eabi-gcc/13.3.1-1.1.1/.content/bin/../lib/gcc/arm-none-eabi/13.3.1/../../../../arm-none-eabi/lib/thumb/v7e-m+fp/hard/libc_nano.a(libc_a-strcmp.o)
                0x08000188                strcmp
 .text          0x0800019c       0x10 /Users/jr/Library/Application Support/Code/User/globalStorage/bmd.stm32-for-vscode/@xpack-dev-tools/arm-none-eabi-gcc/13.3.1-1.1.1/.content/bin/../lib/gcc/arm-none-eabi/13.3.1/../../../../arm-none-eabi/lib/thumb/v7e-m+fp/hard/libc_nano.a(libc_a-strlen.o)
                0x0800019c                strlen
 .text          0x080001ac       0x30 /Users/jr/Library/Application Support/Code/User/globalStorage/bmd.stm32-for-vscode/@xpack-dev-tools/arm-none-eabi-gcc/13.3.1-1.1.1/.content/bin/../lib/gcc/arm-none-eabi/13.3.1/thumb/v7e-m+fp/hard/libgcc.a(_aeabi_uldivmod.o)
                0x080001ac                __aeabi_uldivmod
 .text          0x080001dc        0x4 /Users/jr/Library/Application Support/Code/User/globalStorage/bmd.stm32-for-vscode/@xpack-dev-tools/arm-none-eabi-gcc/13.3.1-1.1.1/.content/bin/../lib/gcc/arm-none-eabi/13.3.1/thumb/v7e-m+fp/hard/libgcc.a(_dvmd_tls.o)
                0x080001dc                __aeabi_ldiv0
                0x080001dc                __aeabi_idiv0
 *(.text*)
 .text.__do_global_dtors_aux
                0x080001e0       0x24 /Users/jr/Library/Application Support/Code/User/globalStorage/bmd.stm32-for-vscode/@xpack-dev-tools/arm-none-eabi-gcc/13.3.1-1.1.1/.content/bin/../lib/gcc/arm-none-eabi/13.3.1/thumb/v7e-m+fp/hard/crtbegin.o
 .text.frame_dummy
                0x08000204       0x1c /Users/jr/Library/Application Support/Code/User/globalStorage/bmd.stm32-for-vscode/@xpack-dev-tools/arm-none-eabi-gcc/13.3.1-1.1.1/.content/bin/../lib/gcc/arm-none-eabi/13.3.1/thumb/v7e-m+fp/hard/crtbegin.o
 .text.disp_flush
                0x08000220       0x70 build/release/LCDController.o
 .text.disp_init
                0x08000290        0x8 build/release/LCDController.o
 .text.lv_port_disp_init
                0x08000298       0x4c build/release/LCDController.o
                0x08000298                lv_port_disp_init
 .text.HAL_SPI_TxCpltCallback
                0x080002e4       0x10 build/release/LCDController.o
                0x080002e4                HAL_SPI_TxCpltCallback
 .text.MX_DMA_Init
                0x080002f4       0x34 build/release/dma.o
                0x080002f4                MX_DMA_Init
 .text.MX_GPIO_Init
                0x08000328      0x210 build/release/gpio.o
                0x08000328                MX_GPIO_Init
 .text.anim_mark_list_change
                0x08000538       0x30 build/release/lv_anim.o
 .text.anim_ready_handler
                0x08000568       0x8c build/release/lv_anim.o
 .text.anim_timer
                0x080005f4      0x100 build/release/lv_anim.o
 .text.lv_anim_path_linear
                0x080006f4       0x2a build/release/lv_anim.o
                0x080006f4                lv_anim_path_linear
 *fill*         0x0800071e        0x2 
 .text._lv_anim_core_init
                0x08000720       0x34 build/release/lv_anim.o
                0x08000720                _lv_anim_core_init
 .text.lv_anim_init
                0x08000754       0x34 build/release/lv_anim.o
                0x08000754                lv_anim_init
 .text.lv_anim_del
                0x08000788       0x64 build/release/lv_anim.o
                0x08000788                lv_anim_del
 .text.lv_anim_start
                0x080007ec       0x8c build/release/lv_anim.o
                0x080007ec                lv_anim_start
 .text.lv_anim_get
                0x08000878       0x34 build/release/lv_anim.o
                0x08000878                lv_anim_get
 .text.lv_anim_speed_to_time
                0x080008ac       0x1e build/release/lv_anim.o
                0x080008ac                lv_anim_speed_to_time
 .text.lv_anim_path_ease_out
                0x080008ca       0x3a build/release/lv_anim.o
                0x080008ca                lv_anim_path_ease_out
 .text.lv_anim_path_ease_in_out
                0x08000904       0x38 build/release/lv_anim.o
                0x08000904                lv_anim_path_ease_in_out
 .text.lv_anim_path_step
                0x0800093c       0x10 build/release/lv_anim.o
                0x0800093c                lv_anim_path_step
 .text.get_angle
                0x0800094c       0x78 build/release/lv_arc.o
 .text.lv_arc_angle_within_bg_bounds
                0x080009c4      0x144 build/release/lv_arc.o
 .text.get_center
                0x08000b08       0xb8 build/release/lv_arc.o
 .text.knob_get_extra_size
                0x08000bc0       0xb6 build/release/lv_arc.o
 .text.get_knob_area
                0x08000c76       0xd6 build/release/lv_arc.o
 .text.lv_arc_draw
                0x08000d4c      0x1bc build/release/lv_arc.o
 .text.lv_arc_constructor
                0x08000f08       0x84 build/release/lv_arc.o
 .text.inv_arc_area
                0x08000f8c       0xac build/release/lv_arc.o
 .text.inv_knob_area
                0x08001038       0x3e build/release/lv_arc.o
 .text.lv_arc_set_start_angle
                0x08001076       0x86 build/release/lv_arc.o
                0x08001076                lv_arc_set_start_angle
 .text.lv_arc_set_end_angle
                0x080010fc       0x86 build/release/lv_arc.o
                0x080010fc                lv_arc_set_end_angle
 .text.lv_arc_set_angles
                0x08001182       0x16 build/release/lv_arc.o
                0x08001182                lv_arc_set_angles
 .text.value_update
                0x08001198       0xd8 build/release/lv_arc.o
 .text.lv_arc_set_bg_start_angle
                0x08001270       0x7c build/release/lv_arc.o
                0x08001270                lv_arc_set_bg_start_angle
 .text.lv_arc_set_bg_end_angle
                0x080012ec       0x7c build/release/lv_arc.o
                0x080012ec                lv_arc_set_bg_end_angle
 .text.lv_arc_set_bg_angles
                0x08001368       0x16 build/release/lv_arc.o
                0x08001368                lv_arc_set_bg_angles
 .text.lv_arc_set_rotation
                0x0800137e        0xa build/release/lv_arc.o
                0x0800137e                lv_arc_set_rotation
 .text.lv_arc_set_value
                0x08001388       0x2c build/release/lv_arc.o
                0x08001388                lv_arc_set_value
 .text.lv_arc_get_value
                0x080013b4        0x6 build/release/lv_arc.o
                0x080013b4                lv_arc_get_value
 *fill*         0x080013ba        0x2 
 .text.lv_arc_event
                0x080013bc      0x570 build/release/lv_arc.o
 .text.lv_point_within_circle
                0x0800192c       0x4a build/release/lv_area.o
 .text.lv_area_set
                0x08001976        0xe build/release/lv_area.o
                0x08001976                lv_area_set
 .text.lv_area_set_width
                0x08001984        0xc build/release/lv_area.o
                0x08001984                lv_area_set_width
 .text.lv_area_set_height
                0x08001990        0xc build/release/lv_area.o
                0x08001990                lv_area_set_height
 .text.lv_area_get_size
                0x0800199c       0x1c build/release/lv_area.o
                0x0800199c                lv_area_get_size
 .text.lv_area_increase
                0x080019b8       0x1e build/release/lv_area.o
                0x080019b8                lv_area_increase
 .text.lv_area_move
                0x080019d6       0x1e build/release/lv_area.o
                0x080019d6                lv_area_move
 .text._lv_area_intersect
                0x080019f4       0x5a build/release/lv_area.o
                0x080019f4                _lv_area_intersect
 .text._lv_area_join
                0x08001a4e       0x42 build/release/lv_area.o
                0x08001a4e                _lv_area_join
 .text._lv_area_is_point_on
                0x08001a90      0x188 build/release/lv_area.o
                0x08001a90                _lv_area_is_point_on
 .text._lv_area_is_on
                0x08001c18       0x44 build/release/lv_area.o
                0x08001c18                _lv_area_is_on
 .text._lv_area_is_in
                0x08001c5c       0xaa build/release/lv_area.o
                0x08001c5c                _lv_area_is_in
 .text._lv_area_diff
                0x08001d06      0x184 build/release/lv_area.o
                0x08001d06                _lv_area_diff
 .text._lv_area_is_out
                0x08001e8a       0xbe build/release/lv_area.o
                0x08001e8a                _lv_area_is_out
 .text.lv_point_transform
                0x08001f48      0x174 build/release/lv_area.o
                0x08001f48                lv_point_transform
 .text.lv_area_get_width
                0x080020bc        0xe build/release/lv_bar.o
 .text.lv_area_get_height
                0x080020ca        0xe build/release/lv_bar.o
 .text.lv_bar_init_anim
                0x080020d8       0x10 build/release/lv_bar.o
 .text.draw_indic
                0x080020e8      0x614 build/release/lv_bar.o
 .text.lv_bar_event
                0x080026fc      0x110 build/release/lv_bar.o
 .text.lv_bar_destructor
                0x0800280c       0x1a build/release/lv_bar.o
 .text.lv_bar_anim_ready
                0x08002826       0x30 build/release/lv_bar.o
 .text.lv_bar_anim
                0x08002856        0xc build/release/lv_bar.o
 *fill*         0x08002862        0x2 
 .text.lv_bar_set_value_with_anim
                0x08002864       0x84 build/release/lv_bar.o
 .text.lv_bar_set_value
                0x080028e8       0x3a build/release/lv_bar.o
                0x080028e8                lv_bar_set_value
 .text.lv_bar_constructor
                0x08002922       0x52 build/release/lv_bar.o
 .text.lv_bar_set_start_value
                0x08002974       0x44 build/release/lv_bar.o
                0x08002974                lv_bar_set_start_value
 .text.lv_bar_get_value
                0x080029b8       0x10 build/release/lv_bar.o
                0x080029b8                lv_bar_get_value
 .text.lv_bar_get_start_value
                0x080029c8       0x20 build/release/lv_bar.o
                0x080029c8                lv_bar_get_start_value
 .text.lv_bar_get_mode
                0x080029e8        0xa build/release/lv_bar.o
                0x080029e8                lv_bar_get_mode
 .text.lv_btn_constructor
                0x080029f2       0x18 build/release/lv_btn.o
 *fill*         0x08002a0a        0x2 
 .text.lv_btn_create
                0x08002a0c       0x18 build/release/lv_btn.o
                0x08002a0c                lv_btn_create
 .text.get_button_width
                0x08002a24        0xa build/release/lv_btnmatrix.o
 .text.button_is_hidden
                0x08002a2e        0x6 build/release/lv_btnmatrix.o
 .text.button_is_checked
                0x08002a34        0x6 build/release/lv_btnmatrix.o
 .text.button_is_repeat_disabled
                0x08002a3a        0x6 build/release/lv_btnmatrix.o
 .text.button_is_inactive
                0x08002a40        0x6 build/release/lv_btnmatrix.o
 .text.button_is_click_trig
                0x08002a46        0x6 build/release/lv_btnmatrix.o
 .text.button_is_popover
                0x08002a4c        0x6 build/release/lv_btnmatrix.o
 .text.button_is_checkable
                0x08002a52        0x6 build/release/lv_btnmatrix.o
 .text.button_get_checked
                0x08002a58        0x6 build/release/lv_btnmatrix.o
 .text.button_is_recolor
                0x08002a5e        0x6 build/release/lv_btnmatrix.o
 .text.has_popovers_in_top_row
                0x08002a64       0x50 build/release/lv_btnmatrix.o
 .text.get_button_from_point
                0x08002ab4      0x1fa build/release/lv_btnmatrix.o
 *fill*         0x08002cae        0x2 
 .text.invalidate_button_area
                0x08002cb0       0xfc build/release/lv_btnmatrix.o
 .text.draw_main
                0x08002dac      0x43c build/release/lv_btnmatrix.o
 .text.lv_btnmatrix_destructor
                0x080031e8       0x18 build/release/lv_btnmatrix.o
 .text.allocate_btn_areas_and_controls
                0x08003200       0x80 build/release/lv_btnmatrix.o
 .text.lv_btnmatrix_create
                0x08003280       0x18 build/release/lv_btnmatrix.o
                0x08003280                lv_btnmatrix_create
 .text.lv_btnmatrix_set_map
                0x08003298      0x1ec build/release/lv_btnmatrix.o
                0x08003298                lv_btnmatrix_set_map
 .text.lv_btnmatrix_constructor
                0x08003484       0x30 build/release/lv_btnmatrix.o
 .text.lv_btnmatrix_set_ctrl_map
                0x080034b4       0x18 build/release/lv_btnmatrix.o
                0x080034b4                lv_btnmatrix_set_ctrl_map
 .text.lv_btnmatrix_set_selected_btn
                0x080034cc       0x28 build/release/lv_btnmatrix.o
                0x080034cc                lv_btnmatrix_set_selected_btn
 .text.lv_btnmatrix_clear_btn_ctrl
                0x080034f4       0x52 build/release/lv_btnmatrix.o
                0x080034f4                lv_btnmatrix_clear_btn_ctrl
 .text.lv_btnmatrix_clear_btn_ctrl_all
                0x08003546       0x20 build/release/lv_btnmatrix.o
                0x08003546                lv_btnmatrix_clear_btn_ctrl_all
 .text.lv_btnmatrix_set_btn_ctrl
                0x08003566       0x86 build/release/lv_btnmatrix.o
                0x08003566                lv_btnmatrix_set_btn_ctrl
 .text.lv_btnmatrix_set_btn_ctrl_all
                0x080035ec       0x20 build/release/lv_btnmatrix.o
                0x080035ec                lv_btnmatrix_set_btn_ctrl_all
 .text.lv_btnmatrix_get_selected_btn
                0x0800360c        0x4 build/release/lv_btnmatrix.o
                0x0800360c                lv_btnmatrix_get_selected_btn
 .text.lv_btnmatrix_get_btn_text
                0x08003610       0x64 build/release/lv_btnmatrix.o
                0x08003610                lv_btnmatrix_get_btn_text
 .text.lv_btnmatrix_has_btn_ctrl
                0x08003674       0x1a build/release/lv_btnmatrix.o
                0x08003674                lv_btnmatrix_has_btn_ctrl
 .text.make_one_button_checked
                0x0800368e       0x2c build/release/lv_btnmatrix.o
 *fill*         0x080036ba        0x2 
 .text.lv_btnmatrix_event
                0x080036bc      0x6a0 build/release/lv_btnmatrix.o
 .text.lv_btnmatrix_set_one_checked
                0x08003d5c       0x16 build/release/lv_btnmatrix.o
                0x08003d5c                lv_btnmatrix_set_one_checked
 *fill*         0x08003d72        0x2 
 .text.is_leap_year
                0x08003d74       0x3c build/release/lv_calendar.o
 .text.get_month_length
                0x08003db0       0x50 build/release/lv_calendar.o
 .text.get_day_of_week
                0x08003e00       0x5c build/release/lv_calendar.o
 .text.draw_part_begin_event_cb
                0x08003e5c       0xb2 build/release/lv_calendar.o
 .text.highlight_update
                0x08003f0e       0x8c build/release/lv_calendar.o
 .text.lv_calendar_set_today_date
                0x08003f9a       0x12 build/release/lv_calendar.o
                0x08003f9a                lv_calendar_set_today_date
 .text.lv_calendar_set_showed_date
                0x08003fac      0x150 build/release/lv_calendar.o
                0x08003fac                lv_calendar_set_showed_date
 .text.lv_calendar_constructor
                0x080040fc      0x104 build/release/lv_calendar.o
 .text.lv_calendar_get_showed_date
                0x08004200        0x4 build/release/lv_calendar.o
                0x08004200                lv_calendar_get_showed_date
 .text.my_constructor
                0x08004204       0xdc build/release/lv_calendar_header_arrow.o
 .text.value_changed_event_cb
                0x080042e0       0x38 build/release/lv_calendar_header_arrow.o
 .text.month_event_cb
                0x08004318       0xa4 build/release/lv_calendar_header_arrow.o
 .text.my_constructor
                0x080043bc       0x8c build/release/lv_calendar_header_dropdown.o
 .text.value_changed_event_cb
                0x08004448       0x40 build/release/lv_calendar_header_dropdown.o
 .text.month_event_cb
                0x08004488       0x3c build/release/lv_calendar_header_dropdown.o
 .text.year_event_cb
                0x080044c4       0x40 build/release/lv_calendar_header_dropdown.o
 .text.get_index_from_x
                0x08004504       0x72 build/release/lv_chart.o
 .text.invalidate_point
                0x08004576      0x1d8 build/release/lv_chart.o
 *fill*         0x0800474e        0x2 
 .text.draw_div_lines
                0x08004750      0x2f0 build/release/lv_chart.o
 .text.lv_chart_destructor
                0x08004a40       0x68 build/release/lv_chart.o
 .text.lv_chart_constructor
                0x08004aa8       0x7c build/release/lv_chart.o
 .text.lv_chart_get_x_start_point
                0x08004b24       0x16 build/release/lv_chart.o
                0x08004b24                lv_chart_get_x_start_point
 *fill*         0x08004b3a        0x2 
 .text.draw_series_line
                0x08004b3c      0x490 build/release/lv_chart.o
 .text.draw_series_bar
                0x08004fcc      0x2ac build/release/lv_chart.o
 .text.draw_series_scatter
                0x08005278      0x438 build/release/lv_chart.o
 .text.lv_chart_get_point_pos_by_id
                0x080056b0      0x206 build/release/lv_chart.o
                0x080056b0                lv_chart_get_point_pos_by_id
 *fill*         0x080058b6        0x2 
 .text.draw_cursors
                0x080058b8      0x24c build/release/lv_chart.o
 .text.get_tick_gsc
                0x08005b04       0x22 build/release/lv_chart.o
                0x08005b04                get_tick_gsc
 *fill*         0x08005b26        0x2 
 .text.draw_y_ticks
                0x08005b28      0x2fc build/release/lv_chart.o
 .text.draw_x_ticks
                0x08005e24      0x3a8 build/release/lv_chart.o
 .text.draw_axes
                0x080061cc       0x2c build/release/lv_chart.o
 .text.lv_chart_event
                0x080061f8      0x210 build/release/lv_chart.o
 .text.lv_checkbox_draw
                0x08006408      0x23c build/release/lv_checkbox.o
 .text.lv_checkbox_event
                0x08006644      0x128 build/release/lv_checkbox.o
 .text.lv_checkbox_destructor
                0x0800676c       0x1c build/release/lv_checkbox.o
 .text.lv_checkbox_constructor
                0x08006788       0x34 build/release/lv_checkbox.o
 .text.lv_color_mix
                0x080067bc       0x4c build/release/lv_color.o
 .text.lv_color_fill
                0x08006808       0x3a build/release/lv_color.o
                0x08006808                lv_color_fill
 .text.lv_color_darken
                0x08006842       0x22 build/release/lv_color.o
                0x08006842                lv_color_darken
 .text.lv_color_hsv_to_rgb
                0x08006864      0x114 build/release/lv_color.o
                0x08006864                lv_color_hsv_to_rgb
 .text.lv_palette_main
                0x08006978       0x28 build/release/lv_color.o
                0x08006978                lv_palette_main
 .text.lv_palette_lighten
                0x080069a0       0x4c build/release/lv_color.o
                0x080069a0                lv_palette_lighten
 .text.lv_palette_darken
                0x080069ec       0x48 build/release/lv_color.o
                0x080069ec                lv_palette_darken
 .text.fast_hsv2rgb
                0x08006a34       0x90 build/release/lv_colorwheel.o
 .text.angle_to_mode_color_fast
                0x08006ac4      0x1a0 build/release/lv_colorwheel.o
 .text.get_angle
                0x08006c64       0x44 build/release/lv_colorwheel.o
 .text.get_knob_area
                0x08006ca8       0xa2 build/release/lv_colorwheel.o
 .text.invalidate_knob
                0x08006d4a       0x1a build/release/lv_colorwheel.o
 .text.refr_knob_pos
                0x08006d64       0x6a build/release/lv_colorwheel.o
 *fill*         0x08006dce        0x2 
 .text.next_color_mode
                0x08006dd0       0x34 build/release/lv_colorwheel.o
 .text.draw_disc_grad
                0x08006e04      0x1bc build/release/lv_colorwheel.o
 .text.lv_colorwheel_constructor
                0x08006fc0       0x5c build/release/lv_colorwheel.o
 .text.lv_colorwheel_set_hsv
                0x0800701c       0x78 build/release/lv_colorwheel.o
                0x0800701c                lv_colorwheel_set_hsv
 .text.double_click_reset
                0x08007094       0x70 build/release/lv_colorwheel.o
 .text.lv_colorwheel_get_rgb
                0x08007104       0x12 build/release/lv_colorwheel.o
                0x08007104                lv_colorwheel_get_rgb
 .text.draw_knob
                0x08007116       0x5a build/release/lv_colorwheel.o
 .text.lv_colorwheel_event
                0x08007170      0x4ac build/release/lv_colorwheel.o
 .text.lv_disp_get_scr_act
                0x0800761c       0x16 build/release/lv_disp.o
                0x0800761c                lv_disp_get_scr_act
 .text.lv_disp_get_scr_prev
                0x08007632       0x16 build/release/lv_disp.o
                0x08007632                lv_disp_get_scr_prev
 .text.lv_disp_get_layer_top
                0x08007648       0x16 build/release/lv_disp.o
                0x08007648                lv_disp_get_layer_top
 .text.lv_disp_get_layer_sys
                0x0800765e       0x16 build/release/lv_disp.o
                0x0800765e                lv_disp_get_layer_sys
 .text.lv_disp_get_theme
                0x08007674       0x12 build/release/lv_disp.o
                0x08007674                lv_disp_get_theme
 .text.lv_disp_is_invalidation_enabled
                0x08007686       0x22 build/release/lv_disp.o
                0x08007686                lv_disp_is_invalidation_enabled
 .text.lv_draw_init
                0x080076a8        0x2 build/release/lv_draw.o
                0x080076a8                lv_draw_init
 .text.lv_draw_wait_for_finish
                0x080076aa        0xa build/release/lv_draw.o
                0x080076aa                lv_draw_wait_for_finish
 .text.lv_draw_arc_dsc_init
                0x080076b4       0x2a build/release/lv_draw_arc.o
                0x080076b4                lv_draw_arc_dsc_init
 .text.lv_draw_arc
                0x080076de       0x2c build/release/lv_draw_arc.o
                0x080076de                lv_draw_arc
 *fill*         0x0800770a        0x2 
 .text.lv_draw_arc_get_area
                0x0800770c      0x4a8 build/release/lv_draw_arc.o
                0x0800770c                lv_draw_arc_get_area
 .text.draw_cleanup
                0x08007bb4        0x8 build/release/lv_draw_img.o
 .text.show_error
                0x08007bbc       0x3c build/release/lv_draw_img.o
 .text.lv_draw_img_dsc_init
                0x08007bf8       0x34 build/release/lv_draw_img.o
                0x08007bf8                lv_draw_img_dsc_init
 .text.lv_img_cf_get_px_size
                0x08007c2c       0x32 build/release/lv_draw_img.o
                0x08007c2c                lv_img_cf_get_px_size
 .text.lv_img_cf_is_chroma_keyed
                0x08007c5e       0x14 build/release/lv_draw_img.o
                0x08007c5e                lv_img_cf_is_chroma_keyed
 .text.lv_img_cf_has_alpha
                0x08007c72       0x16 build/release/lv_draw_img.o
                0x08007c72                lv_img_cf_has_alpha
 .text.lv_img_src_get_type
                0x08007c88       0x24 build/release/lv_draw_img.o
                0x08007c88                lv_img_src_get_type
 .text.lv_draw_img_decoded
                0x08007cac       0x14 build/release/lv_draw_img.o
                0x08007cac                lv_draw_img_decoded
 .text.decode_and_draw
                0x08007cc0      0x254 build/release/lv_draw_img.o
 .text.lv_draw_img
                0x08007f14       0x54 build/release/lv_draw_img.o
                0x08007f14                lv_draw_img
 .text.hex_char_to_num
                0x08007f68       0x3e build/release/lv_draw_label.o
 *fill*         0x08007fa6        0x2 
 .text.lv_draw_label_dsc_init
                0x08007fa8       0x58 build/release/lv_draw_label.o
                0x08007fa8                lv_draw_label_dsc_init
 .text.lv_draw_letter
                0x08008000        0x8 build/release/lv_draw_label.o
                0x08008000                lv_draw_letter
 .text.lv_draw_label
                0x08008008      0x5ec build/release/lv_draw_label.o
                0x08008008                lv_draw_label
 .text.lv_draw_layer_create
                0x080085f4       0x60 build/release/lv_draw_layer.o
                0x080085f4                lv_draw_layer_create
 .text.lv_draw_layer_adjust
                0x08008654        0xa build/release/lv_draw_layer.o
                0x08008654                lv_draw_layer_adjust
 .text.lv_draw_layer_blend
                0x0800865e        0xa build/release/lv_draw_layer.o
                0x0800865e                lv_draw_layer_blend
 .text.lv_draw_layer_destroy
                0x08008668       0x3a build/release/lv_draw_layer.o
                0x08008668                lv_draw_layer_destroy
 .text.lv_draw_line_dsc_init
                0x080086a2       0x2a build/release/lv_draw_line.o
                0x080086a2                lv_draw_line_dsc_init
 .text.lv_draw_line
                0x080086cc       0x14 build/release/lv_draw_line.o
                0x080086cc                lv_draw_line
 .text.circ_init
                0x080086e0        0xe build/release/lv_draw_mask.o
 .text.circ_cont
                0x080086ee       0x12 build/release/lv_draw_mask.o
 .text.circ_next
                0x08008700       0x3c build/release/lv_draw_mask.o
 .text.get_next_line
                0x0800873c       0x30 build/release/lv_draw_mask.o
 .text.line_mask_flat
                0x0800876c      0x208 build/release/lv_draw_mask.o
 .text.line_mask_steep
                0x08008974      0x2ee build/release/lv_draw_mask.o
 .text.lv_draw_mask_line
                0x08008c62       0xe0 build/release/lv_draw_mask.o
 .text.lv_draw_mask_angle
                0x08008d42      0x37c build/release/lv_draw_mask.o
 .text.lv_draw_mask_radius
                0x080090be      0x308 build/release/lv_draw_mask.o
 .text.circ_calc_aa4
                0x080093c6      0x2e6 build/release/lv_draw_mask.o
 .text.lv_draw_mask_add
                0x080096ac       0x34 build/release/lv_draw_mask.o
                0x080096ac                lv_draw_mask_add
 .text.lv_draw_mask_apply
                0x080096e0       0x54 build/release/lv_draw_mask.o
                0x080096e0                lv_draw_mask_apply
 .text.lv_draw_mask_remove_id
                0x08009734       0x24 build/release/lv_draw_mask.o
                0x08009734                lv_draw_mask_remove_id
 .text.lv_draw_mask_remove_custom
                0x08009758       0x34 build/release/lv_draw_mask.o
                0x08009758                lv_draw_mask_remove_custom
 .text.lv_draw_mask_free_param
                0x0800978c       0x3a build/release/lv_draw_mask.o
                0x0800978c                lv_draw_mask_free_param
 *fill*         0x080097c6        0x2 
 .text._lv_draw_mask_cleanup
                0x080097c8       0x3c build/release/lv_draw_mask.o
                0x080097c8                _lv_draw_mask_cleanup
 .text.lv_draw_mask_is_any
                0x08009804       0x68 build/release/lv_draw_mask.o
                0x08009804                lv_draw_mask_is_any
 .text.lv_draw_mask_line_points_init
                0x0800986c      0x170 build/release/lv_draw_mask.o
                0x0800986c                lv_draw_mask_line_points_init
 .text.lv_draw_mask_line_angle_init
                0x080099dc       0x52 build/release/lv_draw_mask.o
                0x080099dc                lv_draw_mask_line_angle_init
 *fill*         0x08009a2e        0x2 
 .text.lv_draw_mask_angle_init
                0x08009a30       0xc8 build/release/lv_draw_mask.o
                0x08009a30                lv_draw_mask_angle_init
 .text.lv_draw_mask_radius_init
                0x08009af8      0x158 build/release/lv_draw_mask.o
                0x08009af8                lv_draw_mask_radius_init
 .text.lv_draw_rect_dsc_init
                0x08009c50       0x84 build/release/lv_draw_rect.o
                0x08009c50                lv_draw_rect_dsc_init
 .text.lv_draw_rect
                0x08009cd4       0x30 build/release/lv_draw_rect.o
                0x08009cd4                lv_draw_rect
 .text.lv_draw_sw_wait_for_finish
                0x08009d04        0x2 build/release/lv_draw_sw.o
                0x08009d04                lv_draw_sw_wait_for_finish
 .text.lv_draw_sw_buffer_copy
                0x08009d06       0x64 build/release/lv_draw_sw.o
                0x08009d06                lv_draw_sw_buffer_copy
 *fill*         0x08009d6a        0x2 
 .text.lv_draw_sw_init_ctx
                0x08009d6c       0x8c build/release/lv_draw_sw.o
                0x08009d6c                lv_draw_sw_init_ctx
 .text.draw_quarter_0
                0x08009df8      0x232 build/release/lv_draw_sw_arc.o
 .text.draw_quarter_1
                0x0800a02a      0x22a build/release/lv_draw_sw_arc.o
 .text.draw_quarter_2
                0x0800a254      0x230 build/release/lv_draw_sw_arc.o
 .text.draw_quarter_3
                0x0800a484      0x232 build/release/lv_draw_sw_arc.o
 .text.get_rounded_area
                0x0800a6b6       0x8a build/release/lv_draw_sw_arc.o
 .text.lv_draw_sw_arc
                0x0800a740      0x398 build/release/lv_draw_sw_arc.o
                0x0800a740                lv_draw_sw_arc
 .text.lv_color_mix
                0x0800aad8       0x4c build/release/lv_draw_sw_blend.o
 .text.lv_color_mix_premult
                0x0800ab24       0x6c build/release/lv_draw_sw_blend.o
 .text.fill_blended
                0x0800ab90      0x15c build/release/lv_draw_sw_blend.o
 .text.map_blended
                0x0800acec      0x194 build/release/lv_draw_sw_blend.o
 .text.color_blend_true_color_additive
                0x0800ae80       0x68 build/release/lv_draw_sw_blend.o
 .text.color_blend_true_color_subtractive
                0x0800aee8       0x66 build/release/lv_draw_sw_blend.o
 .text.color_blend_true_color_multiply
                0x0800af4e       0x70 build/release/lv_draw_sw_blend.o
 .text.fill_set_px
                0x0800afbe       0xe4 build/release/lv_draw_sw_blend.o
 .text.map_set_px
                0x0800b0a2       0xf6 build/release/lv_draw_sw_blend.o
 .text.fill_normal
                0x0800b198      0x2b2 build/release/lv_draw_sw_blend.o
 .text.map_normal
                0x0800b44a      0x28e build/release/lv_draw_sw_blend.o
 .text.lv_draw_sw_blend
                0x0800b6d8       0x30 build/release/lv_draw_sw_blend.o
                0x0800b6d8                lv_draw_sw_blend
 .text.lv_draw_sw_blend_basic
                0x0800b708      0x218 build/release/lv_draw_sw_blend.o
                0x0800b708                lv_draw_sw_blend_basic
 .text.lv_color_to32
                0x0800b920       0x52 build/release/lv_draw_sw_gradient.o
 .text.compute_key
                0x0800b972        0x8 build/release/lv_draw_sw_gradient.o
 .text.get_cache_item_size
                0x0800b97a       0x10 build/release/lv_draw_sw_gradient.o
 *fill*         0x0800b98a        0x2 
 .text.next_in_cache
                0x0800b98c       0x38 build/release/lv_draw_sw_gradient.o
 .text.iterate_cache
                0x0800b9c4       0x3c build/release/lv_draw_sw_gradient.o
 .text.find_oldest_item_life
                0x0800ba00       0x12 build/release/lv_draw_sw_gradient.o
 .text.find_item
                0x0800ba12       0x10 build/release/lv_draw_sw_gradient.o
 *fill*         0x0800ba22        0x2 
 .text.allocate_item
                0x0800ba24      0x118 build/release/lv_draw_sw_gradient.o
 .text.free_item
                0x0800bb3c       0x54 build/release/lv_draw_sw_gradient.o
 .text.kill_oldest_item
                0x0800bb90       0x1a build/release/lv_draw_sw_gradient.o
 *fill*         0x0800bbaa        0x2 
 .text.lv_gradient_set_cache_size
                0x0800bbac       0x34 build/release/lv_draw_sw_gradient.o
                0x0800bbac                lv_gradient_set_cache_size
 .text.lv_gradient_calculate
                0x0800bbe0      0x108 build/release/lv_draw_sw_gradient.o
                0x0800bbe0                lv_gradient_calculate
 .text.lv_gradient_get
                0x0800bce8       0xa4 build/release/lv_draw_sw_gradient.o
                0x0800bce8                lv_gradient_get
 .text.lv_gradient_cleanup
                0x0800bd8c       0x12 build/release/lv_draw_sw_gradient.o
                0x0800bd8c                lv_gradient_cleanup
 .text.lv_color_mix_premult
                0x0800bd9e       0x6c build/release/lv_draw_sw_img.o
 .text.convert_cb
                0x0800be0a      0x1e4 build/release/lv_draw_sw_img.o
 .text.lv_draw_sw_img_decoded
                0x0800bfee      0x374 build/release/lv_draw_sw_img.o
                0x0800bfee                lv_draw_sw_img_decoded
 *fill*         0x0800c362        0x2 
 .text.lv_draw_sw_layer_create
                0x0800c364      0x108 build/release/lv_draw_sw_layer.o
                0x0800c364                lv_draw_sw_layer_create
 .text.lv_draw_sw_layer_adjust
                0x0800c46c       0x5a build/release/lv_draw_sw_layer.o
                0x0800c46c                lv_draw_sw_layer_adjust
 .text.lv_draw_sw_layer_blend
                0x0800c4c6       0x9a build/release/lv_draw_sw_layer.o
                0x0800c4c6                lv_draw_sw_layer_blend
 .text.lv_draw_sw_layer_destroy
                0x0800c560        0xa build/release/lv_draw_sw_layer.o
                0x0800c560                lv_draw_sw_layer_destroy
 *fill*         0x0800c56a        0x2 
 .text.draw_letter_normal
                0x0800c56c      0x310 build/release/lv_draw_sw_letter.o
 .text.lv_draw_sw_letter
                0x0800c87c      0x12a build/release/lv_draw_sw_letter.o
                0x0800c87c                lv_draw_sw_letter
 .text.draw_line_hor
                0x0800c9a6      0x19c build/release/lv_draw_sw_line.o
 .text.draw_line_ver
                0x0800cb42      0x178 build/release/lv_draw_sw_line.o
 *fill*         0x0800ccba        0x2 
 .text.draw_line_skew
                0x0800ccbc      0x3b4 build/release/lv_draw_sw_line.o
 .text.lv_draw_sw_line
                0x0800d070      0x1a8 build/release/lv_draw_sw_line.o
                0x0800d070                lv_draw_sw_line
 .text.lv_draw_sw_polygon
                0x0800d218      0x2c0 build/release/lv_draw_sw_polygon.o
                0x0800d218                lv_draw_sw_polygon
 .text.draw_border_simple
                0x0800d4d8       0xf4 build/release/lv_draw_sw_rect.o
 .text.shadow_blur_corner
                0x0800d5cc      0x15a build/release/lv_draw_sw_rect.o
 .text.shadow_draw_corner_buf
                0x0800d726      0x1b2 build/release/lv_draw_sw_rect.o
 .text.draw_shadow
                0x0800d8d8      0xd86 build/release/lv_draw_sw_rect.o
 .text.draw_bg  0x0800e65e      0x3ec build/release/lv_draw_sw_rect.o
 .text.draw_bg_img
                0x0800ea4a      0x23e build/release/lv_draw_sw_rect.o
 .text.lv_draw_sw_bg
                0x0800ec88       0x18 build/release/lv_draw_sw_rect.o
                0x0800ec88                lv_draw_sw_bg
 .text.draw_border_generic
                0x0800eca0      0x514 build/release/lv_draw_sw_rect.o
                0x0800eca0                draw_border_generic
 .text.draw_border
                0x0800f1b4      0x132 build/release/lv_draw_sw_rect.o
 .text.draw_outline
                0x0800f2e6       0xfe build/release/lv_draw_sw_rect.o
 .text.lv_draw_sw_rect
                0x0800f3e4       0x36 build/release/lv_draw_sw_rect.o
                0x0800f3e4                lv_draw_sw_rect
 *fill*         0x0800f41a        0x2 
 .text.lv_color_mix
                0x0800f41c       0x4c build/release/lv_draw_sw_transform.o
 .text.argb_no_aa
                0x0800f468       0x86 build/release/lv_draw_sw_transform.o
 .text.rgb565a8_no_aa
                0x0800f4ee       0x78 build/release/lv_draw_sw_transform.o
 .text.transform_point_upscaled
                0x0800f566       0xb0 build/release/lv_draw_sw_transform.o
 .text.argb_and_rgb_aa
                0x0800f616      0x352 build/release/lv_draw_sw_transform.o
 .text.rgb_no_aa
                0x0800f968       0xa0 build/release/lv_draw_sw_transform.o
 .text.lv_draw_sw_transform
                0x0800fa08      0x250 build/release/lv_draw_sw_transform.o
                0x0800fa08                lv_draw_sw_transform
 .text.lv_draw_transform
                0x0800fc58       0x34 build/release/lv_draw_transform.o
                0x0800fc58                lv_draw_transform
 .text.lv_dropdownlist_destructor
                0x0800fc8c        0x8 build/release/lv_dropdown.o
 .text.get_label
                0x0800fc94       0x10 build/release/lv_dropdown.o
 .text.position_to_selected
                0x0800fca4       0x50 build/release/lv_dropdown.o
 .text.get_id_on_point
                0x0800fcf4       0x52 build/release/lv_dropdown.o
 .text.lv_dropdown_destructor
                0x0800fd46       0x28 build/release/lv_dropdown.o
 *fill*         0x0800fd6e        0x2 
 .text.lv_dropdown_list_create
                0x0800fd70       0x18 build/release/lv_dropdown.o
 .text.list_press_handler
                0x0800fd88       0x40 build/release/lv_dropdown.o
 .text.draw_box
                0x0800fdc8       0xd0 build/release/lv_dropdown.o
 .text.draw_box_label
                0x0800fe98       0xee build/release/lv_dropdown.o
 .text.draw_list
                0x0800ff86       0xa0 build/release/lv_dropdown.o
 .text.lv_dropdownlist_constructor
                0x08010026       0x30 build/release/lv_dropdown.o
 *fill*         0x08010056        0x2 
 .text.lv_dropdown_create
                0x08010058       0x18 build/release/lv_dropdown.o
                0x08010058                lv_dropdown_create
 .text.lv_dropdown_set_options
                0x08010070       0x7c build/release/lv_dropdown.o
                0x08010070                lv_dropdown_set_options
 .text.lv_dropdown_set_options_static
                0x080100ec       0x62 build/release/lv_dropdown.o
                0x080100ec                lv_dropdown_set_options_static
 *fill*         0x0801014e        0x2 
 .text.lv_dropdown_constructor
                0x08010150       0x6c build/release/lv_dropdown.o
 .text.lv_dropdown_set_selected
                0x080101bc       0x2c build/release/lv_dropdown.o
                0x080101bc                lv_dropdown_set_selected
 .text.lv_dropdown_get_selected
                0x080101e8        0x4 build/release/lv_dropdown.o
                0x080101e8                lv_dropdown_get_selected
 .text.lv_dropdown_get_selected_str
                0x080101ec       0x6c build/release/lv_dropdown.o
                0x080101ec                lv_dropdown_get_selected_str
 .text.draw_main
                0x08010258      0x2a8 build/release/lv_dropdown.o
 .text.lv_dropdown_open
                0x08010500      0x25a build/release/lv_dropdown.o
                0x08010500                lv_dropdown_open
 .text.lv_dropdown_close
                0x0801075a       0x24 build/release/lv_dropdown.o
                0x0801075a                lv_dropdown_close
 .text.list_release_handler
                0x0801077e       0x80 build/release/lv_dropdown.o
 *fill*         0x080107fe        0x2 
 .text.lv_dropdown_list_event
                0x08010800       0x80 build/release/lv_dropdown.o
 .text.lv_dropdown_is_open
                0x08010880       0x12 build/release/lv_dropdown.o
                0x08010880                lv_dropdown_is_open
 .text.btn_release_handler
                0x08010892       0x78 build/release/lv_dropdown.o
 *fill*         0x0801090a        0x2 
 .text.lv_dropdown_event
                0x0801090c      0x1f4 build/release/lv_dropdown.o
 .text.lv_obj_get_event_dsc
                0x08010b00       0x1e build/release/lv_event.o
 *fill*         0x08010b1e        0x2 
 .text.event_is_bubbled
                0x08010b20       0x54 build/release/lv_event.o
 .text.lv_obj_event_base
                0x08010b74       0x42 build/release/lv_event.o
                0x08010b74                lv_obj_event_base
 .text.event_send_core
                0x08010bb6      0x112 build/release/lv_event.o
 .text.lv_event_send
                0x08010cc8       0x54 build/release/lv_event.o
                0x08010cc8                lv_event_send
 .text.lv_event_get_target
                0x08010d1c        0x4 build/release/lv_event.o
                0x08010d1c                lv_event_get_target
 .text.lv_event_get_current_target
                0x08010d20        0x4 build/release/lv_event.o
                0x08010d20                lv_event_get_current_target
 .text.lv_event_get_code
                0x08010d24        0x8 build/release/lv_event.o
                0x08010d24                lv_event_get_code
 .text.lv_event_get_param
                0x08010d2c        0x4 build/release/lv_event.o
                0x08010d2c                lv_event_get_param
 .text.lv_event_get_user_data
                0x08010d30        0x4 build/release/lv_event.o
                0x08010d30                lv_event_get_user_data
 .text._lv_event_mark_deleted
                0x08010d34       0x28 build/release/lv_event.o
                0x08010d34                _lv_event_mark_deleted
 .text.lv_obj_add_event_cb
                0x08010d5c       0x9a build/release/lv_event.o
                0x08010d5c                lv_obj_add_event_cb
 .text.lv_event_get_indev
                0x08010df6       0x16 build/release/lv_event.o
                0x08010df6                lv_event_get_indev
 .text.lv_event_get_draw_ctx
                0x08010e0c       0x24 build/release/lv_event.o
                0x08010e0c                lv_event_get_draw_ctx
 .text.lv_event_set_ext_draw_size
                0x08010e30       0x1e build/release/lv_event.o
                0x08010e30                lv_event_set_ext_draw_size
 .text.lv_extra_init
                0x08010e4e        0xc build/release/lv_extra.o
                0x08010e4e                lv_extra_init
 .text.lv_area_get_width
                0x08010e5a        0xe build/release/lv_flex.o
 .text.lv_area_get_height
                0x08010e68        0xe build/release/lv_flex.o
 .text.place_content
                0x08010e76       0xa4 build/release/lv_flex.o
 .text.get_next_item
                0x08010f1a       0x34 build/release/lv_flex.o
 *fill*         0x08010f4e        0x2 
 .text.find_track_end
                0x08010f50      0x270 build/release/lv_flex.o
 .text.children_repos
                0x080111c0      0x484 build/release/lv_flex.o
 .text.flex_update
                0x08011644      0x3a8 build/release/lv_flex.o
 .text.lv_flex_init
                0x080119ec       0x60 build/release/lv_flex.o
                0x080119ec                lv_flex_init
 .text.lv_obj_set_style_flex_flow
                0x08011a4c       0x14 build/release/lv_flex.o
                0x08011a4c                lv_obj_set_style_flex_flow
 .text.lv_obj_set_flex_flow
                0x08011a60       0x1c build/release/lv_flex.o
                0x08011a60                lv_obj_set_flex_flow
 .text.lv_obj_set_style_flex_main_place
                0x08011a7c       0x14 build/release/lv_flex.o
                0x08011a7c                lv_obj_set_style_flex_main_place
 .text.lv_obj_set_style_flex_cross_place
                0x08011a90       0x14 build/release/lv_flex.o
                0x08011a90                lv_obj_set_style_flex_cross_place
 .text.lv_obj_set_style_flex_track_place
                0x08011aa4       0x14 build/release/lv_flex.o
                0x08011aa4                lv_obj_set_style_flex_track_place
 .text.lv_obj_set_flex_align
                0x08011ab8       0x34 build/release/lv_flex.o
                0x08011ab8                lv_obj_set_flex_align
 .text.lv_obj_set_style_flex_grow
                0x08011aec       0x14 build/release/lv_flex.o
                0x08011aec                lv_obj_set_style_flex_grow
 .text.lv_obj_set_flex_grow
                0x08011b00       0x16 build/release/lv_flex.o
                0x08011b00                lv_obj_set_flex_grow
 .text.lv_font_get_glyph_bitmap
                0x08011b16        0xc build/release/lv_font.o
                0x08011b16                lv_font_get_glyph_bitmap
 .text.lv_font_get_glyph_dsc
                0x08011b22       0xba build/release/lv_font.o
                0x08011b22                lv_font_get_glyph_dsc
 .text.lv_font_get_glyph_width
                0x08011bdc       0x1c build/release/lv_font.o
                0x08011bdc                lv_font_get_glyph_width
 .text.kern_pair_8_compare
                0x08011bf8       0x14 build/release/lv_font_fmt_txt.o
 .text.kern_pair_16_compare
                0x08011c0c       0x14 build/release/lv_font_fmt_txt.o
 .text.unicode_list_compare
                0x08011c20        0x8 build/release/lv_font_fmt_txt.o
 .text.get_glyph_dsc_id
                0x08011c28       0xec build/release/lv_font_fmt_txt.o
 .text.get_kern_value
                0x08011d14       0xb0 build/release/lv_font_fmt_txt.o
 .text.lv_font_get_bitmap_fmt_txt
                0x08011dc4       0x32 build/release/lv_font_fmt_txt.o
                0x08011dc4                lv_font_get_bitmap_fmt_txt
 .text.lv_font_get_glyph_dsc_fmt_txt
                0x08011df6       0xaa build/release/lv_font_fmt_txt.o
                0x08011df6                lv_font_get_glyph_dsc_fmt_txt
 .text._lv_font_clean_up_fmt_txt
                0x08011ea0        0x2 build/release/lv_font_fmt_txt.o
                0x08011ea0                _lv_font_clean_up_fmt_txt
 .text.lv_fs_get_real_path
                0x08011ea2       0x10 build/release/lv_fs.o
 .text.lv_fs_read_cached
                0x08011eb2      0x142 build/release/lv_fs.o
 .text._lv_fs_init
                0x08011ff4       0x10 build/release/lv_fs.o
                0x08011ff4                _lv_fs_init
 .text.lv_fs_close
                0x08012004       0x3e build/release/lv_fs.o
                0x08012004                lv_fs_close
 .text.lv_fs_read
                0x08012042       0x4a build/release/lv_fs.o
                0x08012042                lv_fs_read
 .text.lv_fs_seek
                0x0801208c       0xa4 build/release/lv_fs.o
                0x0801208c                lv_fs_seek
 .text.lv_fs_get_drv
                0x08012130       0x2c build/release/lv_fs.o
                0x08012130                lv_fs_get_drv
 .text.lv_fs_open
                0x0801215c       0x88 build/release/lv_fs.o
                0x0801215c                lv_fs_open
 .text.lv_fs_get_ext
                0x080121e4       0x34 build/release/lv_fs.o
                0x080121e4                lv_fs_get_ext
 .text.grid_align
                0x08012218      0x134 build/release/lv_grid.o
 .text.count_tracks
                0x0801234c       0x16 build/release/lv_grid.o
 *fill*         0x08012362        0x2 
 .text.get_col_dsc
                0x08012364       0x14 build/release/lv_grid.o
 .text.get_row_dsc
                0x08012378       0x14 build/release/lv_grid.o
 .text.get_row_span
                0x0801238c       0x14 build/release/lv_grid.o
 .text.get_row_pos
                0x080123a0       0x14 build/release/lv_grid.o
 .text.get_col_span
                0x080123b4       0x14 build/release/lv_grid.o
 .text.get_col_pos
                0x080123c8       0x14 build/release/lv_grid.o
 .text.get_grid_col_align
                0x080123dc       0x14 build/release/lv_grid.o
 .text.get_grid_row_align
                0x080123f0       0x14 build/release/lv_grid.o
 .text.get_cell_col_align
                0x08012404       0x14 build/release/lv_grid.o
 .text.get_cell_row_align
                0x08012418       0x14 build/release/lv_grid.o
 .text.calc_rows
                0x0801242c      0x178 build/release/lv_grid.o
 .text.calc_cols
                0x080125a4      0x178 build/release/lv_grid.o
 .text.calc     0x0801271c      0x118 build/release/lv_grid.o
 .text.item_repos
                0x08012834      0x384 build/release/lv_grid.o
 .text.calc_free
                0x08012bb8       0x1e build/release/lv_grid.o
 .text.grid_update
                0x08012bd6       0xdc build/release/lv_grid.o
 *fill*         0x08012cb2        0x2 
 .text.lv_grid_init
                0x08012cb4       0xa4 build/release/lv_grid.o
                0x08012cb4                lv_grid_init
 .text.get_indev
                0x08012d58       0x52 build/release/lv_group.o
 .text.focus_next_core
                0x08012daa      0x112 build/release/lv_group.o
 .text._lv_group_init
                0x08012ebc       0x10 build/release/lv_group.o
                0x08012ebc                _lv_group_init
 .text.lv_group_get_default
                0x08012ecc        0xc build/release/lv_group.o
                0x08012ecc                lv_group_get_default
 .text.lv_group_focus_next
                0x08012ed8       0x24 build/release/lv_group.o
                0x08012ed8                lv_group_focus_next
 .text.lv_group_focus_prev
                0x08012efc       0x24 build/release/lv_group.o
                0x08012efc                lv_group_focus_prev
 .text.lv_group_refocus
                0x08012f20       0x2c build/release/lv_group.o
 .text.lv_group_remove_obj
                0x08012f4c       0xa2 build/release/lv_group.o
                0x08012f4c                lv_group_remove_obj
 .text.lv_group_add_obj
                0x08012fee       0x7a build/release/lv_group.o
                0x08012fee                lv_group_add_obj
 .text.lv_group_get_focused
                0x08013068        0xc build/release/lv_group.o
                0x08013068                lv_group_get_focused
 .text.lv_group_set_editing
                0x08013074       0x44 build/release/lv_group.o
                0x08013074                lv_group_set_editing
 .text.lv_group_get_editing
                0x080130b8        0xe build/release/lv_group.o
                0x080130b8                lv_group_get_editing
 *fill*         0x080130c6        0x2 
 .text.lv_disp_drv_init
                0x080130c8       0x54 build/release/lv_hal_disp.o
                0x080130c8                lv_disp_drv_init
 .text.lv_disp_draw_buf_init
                0x0801311c       0x1a build/release/lv_hal_disp.o
                0x0801311c                lv_disp_draw_buf_init
 *fill*         0x08013136        0x2 
 .text.lv_disp_drv_register
                0x08013138      0x144 build/release/lv_hal_disp.o
                0x08013138                lv_disp_drv_register
 .text.lv_disp_get_default
                0x0801327c        0xc build/release/lv_hal_disp.o
                0x0801327c                lv_disp_get_default
 .text.lv_disp_get_hor_res
                0x08013288       0x30 build/release/lv_hal_disp.o
                0x08013288                lv_disp_get_hor_res
 .text.lv_disp_get_ver_res
                0x080132b8       0x30 build/release/lv_hal_disp.o
                0x080132b8                lv_disp_get_ver_res
 .text.lv_disp_get_dpi
                0x080132e8       0x1e build/release/lv_hal_disp.o
                0x080132e8                lv_disp_get_dpi
 .text.lv_disp_flush_ready
                0x08013306        0xc build/release/lv_hal_disp.o
                0x08013306                lv_disp_flush_ready
 *fill*         0x08013312        0x2 
 .text.lv_disp_get_next
                0x08013314       0x1c build/release/lv_hal_disp.o
                0x08013314                lv_disp_get_next
 .text.lv_disp_get_draw_buf
                0x08013330        0x6 build/release/lv_hal_disp.o
                0x08013330                lv_disp_get_draw_buf
 *fill*         0x08013336        0x2 
 .text.lv_indev_get_next
                0x08013338       0x1c build/release/lv_hal_indev.o
                0x08013338                lv_indev_get_next
 .text.lv_tick_inc
                0x08013354       0x18 build/release/lv_hal_tick.o
                0x08013354                lv_tick_inc
 .text.lv_tick_get
                0x0801336c       0x1c build/release/lv_hal_tick.o
                0x0801336c                lv_tick_get
 .text.lv_tick_elaps
                0x08013388       0x14 build/release/lv_hal_tick.o
                0x08013388                lv_tick_elaps
 .text.lv_img_get_transformed_size
                0x0801339c       0x5a build/release/lv_img.o
 *fill*         0x080133f6        0x2 
 .text.draw_img
                0x080133f8      0x4ec build/release/lv_img.o
 .text.lv_img_destructor
                0x080138e4       0x2e build/release/lv_img.o
 .text.lv_img_constructor
                0x08013912       0x6a build/release/lv_img.o
 .text.lv_img_create
                0x0801397c       0x18 build/release/lv_img.o
                0x0801397c                lv_img_create
 .text.lv_img_set_src
                0x08013994      0x170 build/release/lv_img.o
                0x08013994                lv_img_set_src
 .text.lv_img_event
                0x08013b04      0x21c build/release/lv_img.o
 .text._lv_img_buf_get_transformed_area
                0x08013d20      0x102 build/release/lv_img_buf.o
                0x08013d20                _lv_img_buf_get_transformed_area
 *fill*         0x08013e22        0x2 
 .text._lv_img_cache_open
                0x08013e24       0x5c build/release/lv_img_cache.o
                0x08013e24                _lv_img_cache_open
 .text.lv_img_cache_invalidate_src
                0x08013e80        0x2 build/release/lv_img_cache.o
                0x08013e80                lv_img_cache_invalidate_src
 *fill*         0x08013e82        0x2 
 .text.lv_img_decoder_built_in_info
                0x08013e84       0xd0 build/release/lv_img_decoder.o
                0x08013e84                lv_img_decoder_built_in_info
 .text.lv_img_decoder_built_in_close
                0x08013f54       0x32 build/release/lv_img_decoder.o
                0x08013f54                lv_img_decoder_built_in_close
 *fill*         0x08013f86        0x2 
 .text.lv_img_decoder_built_in_open
                0x08013f88      0x240 build/release/lv_img_decoder.o
                0x08013f88                lv_img_decoder_built_in_open
 .text.lv_img_decoder_built_in_line_true_color
                0x080141c8       0x6c build/release/lv_img_decoder.o
 .text.lv_img_decoder_built_in_line_alpha
                0x08014234      0x18c build/release/lv_img_decoder.o
 .text.lv_img_decoder_built_in_line_indexed
                0x080143c0      0x160 build/release/lv_img_decoder.o
 .text.lv_img_decoder_built_in_read_line
                0x08014520       0x74 build/release/lv_img_decoder.o
                0x08014520                lv_img_decoder_built_in_read_line
 .text.lv_img_decoder_get_info
                0x08014594       0x58 build/release/lv_img_decoder.o
                0x08014594                lv_img_decoder_get_info
 .text.lv_img_decoder_open
                0x080145ec       0xc8 build/release/lv_img_decoder.o
                0x080145ec                lv_img_decoder_open
 .text.lv_img_decoder_read_line
                0x080146b4       0x22 build/release/lv_img_decoder.o
                0x080146b4                lv_img_decoder_read_line
 .text.lv_img_decoder_close
                0x080146d6       0x24 build/release/lv_img_decoder.o
                0x080146d6                lv_img_decoder_close
 *fill*         0x080146fa        0x2 
 .text.lv_img_decoder_create
                0x080146fc       0x1c build/release/lv_img_decoder.o
                0x080146fc                lv_img_decoder_create
 .text.lv_img_decoder_set_info_cb
                0x08014718        0x4 build/release/lv_img_decoder.o
                0x08014718                lv_img_decoder_set_info_cb
 .text.lv_img_decoder_set_open_cb
                0x0801471c        0x4 build/release/lv_img_decoder.o
                0x0801471c                lv_img_decoder_set_open_cb
 .text.lv_img_decoder_set_read_line_cb
                0x08014720        0x4 build/release/lv_img_decoder.o
                0x08014720                lv_img_decoder_set_read_line_cb
 .text.lv_img_decoder_set_close_cb
                0x08014724        0x4 build/release/lv_img_decoder.o
                0x08014724                lv_img_decoder_set_close_cb
 .text._lv_img_decoder_init
                0x08014728       0x48 build/release/lv_img_decoder.o
                0x08014728                _lv_img_decoder_init
 .text.lv_indev_get_act
                0x08014770        0xc build/release/lv_indev.o
                0x08014770                lv_indev_get_act
 .text.lv_indev_get_type
                0x0801477c        0xc build/release/lv_indev.o
                0x0801477c                lv_indev_get_type
 .text.lv_indev_reset
                0x08014788       0xbc build/release/lv_indev.o
                0x08014788                lv_indev_reset
 .text.lv_indev_reset_long_press
                0x08014844       0x1a build/release/lv_indev.o
                0x08014844                lv_indev_reset_long_press
 .text.lv_indev_get_point
                0x0801485e       0x30 build/release/lv_indev.o
                0x0801485e                lv_indev_get_point
 .text.lv_indev_get_scroll_dir
                0x0801488e       0x22 build/release/lv_indev.o
                0x0801488e                lv_indev_get_scroll_dir
 .text.lv_indev_get_scroll_obj
                0x080148b0       0x1a build/release/lv_indev.o
                0x080148b0                lv_indev_get_scroll_obj
 .text.lv_indev_get_vect
                0x080148ca       0x24 build/release/lv_indev.o
                0x080148ca                lv_indev_get_vect
 .text.lv_indev_wait_release
                0x080148ee        0xc build/release/lv_indev.o
                0x080148ee                lv_indev_wait_release
 *fill*         0x080148fa        0x2 
 .text.lv_indev_get_obj_act
                0x080148fc        0xc build/release/lv_indev.o
                0x080148fc                lv_indev_get_obj_act
 .text.lv_indev_scroll_throw_predict
                0x08014908       0x4c build/release/lv_indev_scroll.o
                0x08014908                lv_indev_scroll_throw_predict
 .text.lv_keyboard_update_ctrl_map
                0x08014954       0x68 build/release/lv_keyboard.o
 .text.lv_keyboard_update_map
                0x080149bc       0x20 build/release/lv_keyboard.o
 .text.lv_keyboard_constructor
                0x080149dc       0x50 build/release/lv_keyboard.o
 .text.lv_keyboard_def_event_cb
                0x08014a2c      0x210 build/release/lv_keyboard.o
                0x08014a2c                lv_keyboard_def_event_cb
 .text.lv_label_get_dot_tmp
                0x08014c3c       0x12 build/release/lv_label.o
 .text.lv_label_dot_tmp_free
                0x08014c4e       0x28 build/release/lv_label.o
 *fill*         0x08014c76        0x2 
 .text.lv_label_revert_dots
                0x08014c78       0x58 build/release/lv_label.o
 .text.lv_label_destructor
                0x08014cd0       0x22 build/release/lv_label.o
 .text.set_ofs_y_anim
                0x08014cf2        0xc build/release/lv_label.o
 .text.set_ofs_x_anim
                0x08014cfe        0xc build/release/lv_label.o
 .text.lv_label_set_dot_tmp
                0x08014d0a       0x58 build/release/lv_label.o
 .text.lv_obj_get_style_text_color_filtered
                0x08014d62       0x18 build/release/lv_label.o
 *fill*         0x08014d7a        0x2 
 .text.lv_label_create
                0x08014d7c       0x18 build/release/lv_label.o
                0x08014d7c                lv_label_create
 .text.lv_label_set_text_sel_start
                0x08014d94        0xa build/release/lv_label.o
                0x08014d94                lv_label_set_text_sel_start
 .text.lv_label_set_text_sel_end
                0x08014d9e        0xa build/release/lv_label.o
                0x08014d9e                lv_label_set_text_sel_end
 .text.lv_label_get_text
                0x08014da8        0x4 build/release/lv_label.o
                0x08014da8                lv_label_get_text
 .text.lv_label_get_recolor
                0x08014dac        0xa build/release/lv_label.o
                0x08014dac                lv_label_get_recolor
 *fill*         0x08014db6        0x2 
 .text.lv_label_get_letter_pos
                0x08014db8      0x210 build/release/lv_label.o
                0x08014db8                lv_label_get_letter_pos
 .text.lv_label_get_letter_on
                0x08014fc8      0x22c build/release/lv_label.o
                0x08014fc8                lv_label_get_letter_on
 .text.lv_label_refr_text
                0x080151f4      0x4f4 build/release/lv_label.o
 .text.lv_label_set_text
                0x080156e8       0x7a build/release/lv_label.o
                0x080156e8                lv_label_set_text
 .text.lv_label_set_text_fmt
                0x08015762       0x52 build/release/lv_label.o
                0x08015762                lv_label_set_text_fmt
 .text.lv_label_set_text_static
                0x080157b4       0x34 build/release/lv_label.o
                0x080157b4                lv_label_set_text_static
 .text.lv_label_set_long_mode
                0x080157e8       0x78 build/release/lv_label.o
                0x080157e8                lv_label_set_long_mode
 .text.lv_label_constructor
                0x08015860       0x70 build/release/lv_label.o
 .text.lv_label_is_char_under_pos
                0x080158d0      0x1f6 build/release/lv_label.o
                0x080158d0                lv_label_is_char_under_pos
 .text.lv_label_get_text_selection_start
                0x08015ac6        0x4 build/release/lv_label.o
                0x08015ac6                lv_label_get_text_selection_start
 .text.lv_label_get_text_selection_end
                0x08015aca        0x4 build/release/lv_label.o
                0x08015aca                lv_label_get_text_selection_end
 .text.draw_main
                0x08015ace      0x27e build/release/lv_label.o
 .text.lv_label_event
                0x08015d4c      0x18c build/release/lv_label.o
 .text.lv_label_ins_text
                0x08015ed8       0x6c build/release/lv_label.o
                0x08015ed8                lv_label_ins_text
 .text.lv_color_to32
                0x08015f44       0x52 build/release/lv_led.o
 *fill*         0x08015f96        0x2 
 .text.lv_color_mix
                0x08015f98       0x4c build/release/lv_led.o
 .text.lv_led_event
                0x08015fe4      0x32c build/release/lv_led.o
 .text.lv_led_constructor
                0x08016310       0x14 build/release/lv_led.o
 .text.lv_line_event
                0x08016324      0x180 build/release/lv_line.o
 .text.lv_line_constructor
                0x080164a4       0x1e build/release/lv_line.o
 .text.node_set_prev
                0x080164c2        0xa build/release/lv_ll.o
 .text.node_set_next
                0x080164cc        0xa build/release/lv_ll.o
 .text._lv_ll_init
                0x080164d6       0x10 build/release/lv_ll.o
                0x080164d6                _lv_ll_init
 .text._lv_ll_ins_head
                0x080164e6       0x3e build/release/lv_ll.o
                0x080164e6                _lv_ll_ins_head
 .text._lv_ll_ins_tail
                0x08016524       0x3e build/release/lv_ll.o
                0x08016524                _lv_ll_ins_tail
 .text._lv_ll_get_head
                0x08016562        0x8 build/release/lv_ll.o
                0x08016562                _lv_ll_get_head
 .text._lv_ll_get_tail
                0x0801656a        0x8 build/release/lv_ll.o
                0x0801656a                _lv_ll_get_tail
 .text._lv_ll_get_next
                0x08016572        0x8 build/release/lv_ll.o
                0x08016572                _lv_ll_get_next
 .text._lv_ll_get_prev
                0x0801657a        0x6 build/release/lv_ll.o
                0x0801657a                _lv_ll_get_prev
 .text._lv_ll_ins_prev
                0x08016580       0x66 build/release/lv_ll.o
                0x08016580                _lv_ll_ins_prev
 .text._lv_ll_remove
                0x080165e6       0x84 build/release/lv_ll.o
                0x080165e6                _lv_ll_remove
 .text._lv_ll_clear
                0x0801666a       0x2c build/release/lv_ll.o
                0x0801666a                _lv_ll_clear
 .text._lv_ll_get_len
                0x08016696       0x20 build/release/lv_ll.o
                0x08016696                _lv_ll_get_len
 .text._lv_ll_is_empty
                0x080166b6       0x1a build/release/lv_ll.o
                0x080166b6                _lv_ll_is_empty
 .text.lv_trigo_sin
                0x080166d0       0x7c build/release/lv_math.o
                0x080166d0                lv_trigo_sin
 .text.lv_bezier3
                0x0801674c       0x52 build/release/lv_math.o
                0x0801674c                lv_bezier3
 .text.lv_atan2
                0x0801679e       0xb6 build/release/lv_math.o
                0x0801679e                lv_atan2
 .text.lv_pow   0x08016854       0x3a build/release/lv_math.o
                0x08016854                lv_pow
 .text.lv_map   0x0801688e       0x4c build/release/lv_math.o
                0x0801688e                lv_map
 .text.lv_mem_walker
                0x080168da       0x20 build/release/lv_mem.o
 *fill*         0x080168fa        0x2 
 .text.lv_mem_init
                0x080168fc       0x1c build/release/lv_mem.o
                0x080168fc                lv_mem_init
 .text.lv_mem_alloc
                0x08016918       0x3c build/release/lv_mem.o
                0x08016918                lv_mem_alloc
 .text.lv_mem_free
                0x08016954       0x38 build/release/lv_mem.o
                0x08016954                lv_mem_free
 .text.lv_mem_realloc
                0x0801698c       0x30 build/release/lv_mem.o
                0x0801698c                lv_mem_realloc
 .text.lv_mem_buf_get
                0x080169bc       0xc4 build/release/lv_mem.o
                0x080169bc                lv_mem_buf_get
 .text.lv_mem_buf_release
                0x08016a80       0x2c build/release/lv_mem.o
                0x08016a80                lv_mem_buf_release
 .text.lv_mem_buf_free_all
                0x08016aac       0x3c build/release/lv_mem.o
                0x08016aac                lv_mem_buf_free_all
 .text.lv_memcpy
                0x08016ae8      0x120 build/release/lv_mem.o
                0x08016ae8                lv_memcpy
 .text.lv_memset
                0x08016c08       0x58 build/release/lv_mem.o
                0x08016c08                lv_memset
 .text.lv_mem_monitor
                0x08016c60       0x64 build/release/lv_mem.o
                0x08016c60                lv_mem_monitor
 .text.lv_memset_00
                0x08016cc4       0x54 build/release/lv_mem.o
                0x08016cc4                lv_memset_00
 .text.lv_memset_ff
                0x08016d18       0x58 build/release/lv_mem.o
                0x08016d18                lv_memset_ff
 .text.lv_menu_destructor
                0x08016d70        0xc build/release/lv_menu.o
 .text.lv_menu_section_constructor
                0x08016d7c       0x16 build/release/lv_menu.o
 .text.lv_menu_cont_constructor
                0x08016d92       0x22 build/release/lv_menu.o
 .text.lv_menu_constructor
                0x08016db4      0x150 build/release/lv_menu.o
 .text.lv_menu_page_destructor
                0x08016f04       0x14 build/release/lv_menu.o
 .text.lv_menu_page_constructor
                0x08016f18       0x32 build/release/lv_menu.o
 .text.lv_menu_refr_main_header_mode
                0x08016f4a       0x7a build/release/lv_menu.o
 .text.lv_menu_get_cur_main_page
                0x08016fc4        0x4 build/release/lv_menu.o
                0x08016fc4                lv_menu_get_cur_main_page
 .text.lv_menu_get_cur_sidebar_page
                0x08016fc8        0x4 build/release/lv_menu.o
                0x08016fc8                lv_menu_get_cur_sidebar_page
 .text.lv_menu_value_changed_event_cb
                0x08016fcc       0x54 build/release/lv_menu.o
 .text.lv_menu_back_btn_is_root
                0x08017020       0x24 build/release/lv_menu.o
                0x08017020                lv_menu_back_btn_is_root
 .text.lv_menu_clear_history
                0x08017044       0x12 build/release/lv_menu.o
                0x08017044                lv_menu_clear_history
 .text.lv_menu_set_page
                0x08017056      0x104 build/release/lv_menu.o
                0x08017056                lv_menu_set_page
 .text.lv_menu_back_event_cb
                0x0801715a       0x92 build/release/lv_menu.o
 .text.lv_color_mix
                0x080171ec       0x4c build/release/lv_meter.o
 .text.draw_arcs
                0x08017238      0x140 build/release/lv_meter.o
 .text.draw_ticks_and_labels
                0x08017378      0x454 build/release/lv_meter.o
 .text.draw_needles
                0x080177cc      0x244 build/release/lv_meter.o
 .text.lv_meter_event
                0x08017a10       0xf8 build/release/lv_meter.o
 .text.lv_meter_destructor
                0x08017b08       0x16 build/release/lv_meter.o
 .text.lv_meter_constructor
                0x08017b1e       0x18 build/release/lv_meter.o
 .text.scrollbar_init_draw_dsc
                0x08017b36      0x10e build/release/lv_obj.o
 .text.draw_scrollbar
                0x08017c44       0xac build/release/lv_obj.o
 .text.lv_obj_draw
                0x08017cf0      0x32c build/release/lv_obj.o
 .text.lv_obj_constructor
                0x0801801c       0xa0 build/release/lv_obj.o
 .text.lv_style_get_prop_inlined
                0x080180bc       0xd4 build/release/lv_obj.o
 .text.lv_obj_set_state
                0x08018190      0x1e0 build/release/lv_obj.o
 .text.lv_init  0x08018370       0x58 build/release/lv_obj.o
                0x08018370                lv_init
 .text.lv_obj_create
                0x080183c8       0x18 build/release/lv_obj.o
                0x080183c8                lv_obj_create
 .text.lv_obj_clear_flag
                0x080183e0       0x7e build/release/lv_obj.o
                0x080183e0                lv_obj_clear_flag
 .text.lv_obj_add_state
                0x0801845e       0x18 build/release/lv_obj.o
                0x0801845e                lv_obj_add_state
 .text.lv_obj_clear_state
                0x08018476       0x18 build/release/lv_obj.o
                0x08018476                lv_obj_clear_state
 .text.lv_obj_has_flag
                0x0801848e        0xc build/release/lv_obj.o
                0x0801848e                lv_obj_has_flag
 .text.lv_obj_has_flag_any
                0x0801849a        0xc build/release/lv_obj.o
                0x0801849a                lv_obj_has_flag_any
 .text.lv_obj_get_state
                0x080184a6        0x4 build/release/lv_obj.o
                0x080184a6                lv_obj_get_state
 .text.lv_obj_has_state
                0x080184aa        0xc build/release/lv_obj.o
                0x080184aa                lv_obj_has_state
 .text.lv_obj_get_group
                0x080184b6        0x8 build/release/lv_obj.o
                0x080184b6                lv_obj_get_group
 .text.lv_obj_event
                0x080184be      0x3d8 build/release/lv_obj.o
 *fill*         0x08018896        0x2 
 .text.lv_obj_destructor
                0x08018898       0x68 build/release/lv_obj.o
 .text.lv_obj_add_flag
                0x08018900       0x8e build/release/lv_obj.o
                0x08018900                lv_obj_add_flag
 *fill*         0x0801898e        0x2 
 .text.lv_obj_allocate_spec_attr
                0x08018990       0x40 build/release/lv_obj.o
                0x08018990                lv_obj_allocate_spec_attr
 .text.lv_obj_check_type
                0x080189d0       0x12 build/release/lv_obj.o
                0x080189d0                lv_obj_check_type
 .text.lv_obj_construct
                0x080189e2       0x1e build/release/lv_obj_class.o
 .text.get_instance_size
                0x08018a00       0x24 build/release/lv_obj_class.o
 .text.lv_obj_class_create_obj
                0x08018a24       0xd4 build/release/lv_obj_class.o
                0x08018a24                lv_obj_class_create_obj
 .text._lv_obj_destruct
                0x08018af8       0x1e build/release/lv_obj_class.o
                0x08018af8                _lv_obj_destruct
 .text.lv_obj_is_editable
                0x08018b16       0x26 build/release/lv_obj_class.o
                0x08018b16                lv_obj_is_editable
 .text.lv_obj_is_group_def
                0x08018b3c       0x26 build/release/lv_obj_class.o
                0x08018b3c                lv_obj_is_group_def
 .text.lv_obj_class_init_obj
                0x08018b62       0x72 build/release/lv_obj_class.o
                0x08018b62                lv_obj_class_init_obj
 .text.lv_obj_get_style_bg_color_filtered
                0x08018bd4       0x18 build/release/lv_obj_draw.o
 .text.lv_obj_get_style_bg_grad_color_filtered
                0x08018bec       0x18 build/release/lv_obj_draw.o
 .text.lv_obj_get_style_border_color_filtered
                0x08018c04       0x18 build/release/lv_obj_draw.o
 .text.lv_obj_get_style_outline_color_filtered
                0x08018c1c       0x18 build/release/lv_obj_draw.o
 .text.lv_obj_get_style_text_color_filtered
                0x08018c34       0x18 build/release/lv_obj_draw.o
 .text.lv_obj_get_style_bg_img_recolor_filtered
                0x08018c4c       0x18 build/release/lv_obj_draw.o
 .text.lv_obj_get_style_shadow_color_filtered
                0x08018c64       0x18 build/release/lv_obj_draw.o
 .text.lv_obj_get_style_img_recolor_filtered
                0x08018c7c       0x18 build/release/lv_obj_draw.o
 .text.lv_obj_get_style_line_color_filtered
                0x08018c94       0x18 build/release/lv_obj_draw.o
 .text.lv_obj_get_style_arc_color_filtered
                0x08018cac       0x18 build/release/lv_obj_draw.o
 .text.lv_obj_init_draw_rect_dsc
                0x08018cc4      0x2a4 build/release/lv_obj_draw.o
                0x08018cc4                lv_obj_init_draw_rect_dsc
 .text.lv_obj_init_draw_label_dsc
                0x08018f68       0xa2 build/release/lv_obj_draw.o
                0x08018f68                lv_obj_init_draw_label_dsc
 .text.lv_obj_init_draw_img_dsc
                0x0801900a       0xa8 build/release/lv_obj_draw.o
                0x0801900a                lv_obj_init_draw_img_dsc
 .text.lv_obj_init_draw_line_dsc
                0x080190b2       0xb0 build/release/lv_obj_draw.o
                0x080190b2                lv_obj_init_draw_line_dsc
 .text.lv_obj_init_draw_arc_dsc
                0x08019162       0x94 build/release/lv_obj_draw.o
                0x08019162                lv_obj_init_draw_arc_dsc
 .text.lv_obj_calculate_ext_draw_size
                0x080191f6       0xd8 build/release/lv_obj_draw.o
                0x080191f6                lv_obj_calculate_ext_draw_size
 .text.lv_obj_draw_dsc_init
                0x080192ce       0x10 build/release/lv_obj_draw.o
                0x080192ce                lv_obj_draw_dsc_init
 .text._lv_obj_get_ext_draw_size
                0x080192de        0xe build/release/lv_obj_draw.o
                0x080192de                _lv_obj_get_ext_draw_size
 .text.lv_obj_refresh_ext_draw_size
                0x080192ec       0x64 build/release/lv_obj_draw.o
                0x080192ec                lv_obj_refresh_ext_draw_size
 .text._lv_obj_get_layer_type
                0x08019350        0xe build/release/lv_obj_draw.o
                0x08019350                _lv_obj_get_layer_type
 *fill*         0x0801935e        0x2 
 .text.transform_point
                0x08019360      0x118 build/release/lv_obj_pos.o
 .text.lv_obj_set_x
                0x08019478       0x2e build/release/lv_obj_pos.o
                0x08019478                lv_obj_set_x
 .text.lv_obj_set_y
                0x080194a6       0x2e build/release/lv_obj_pos.o
                0x080194a6                lv_obj_set_y
 .text.lv_obj_set_pos
                0x080194d4       0x14 build/release/lv_obj_pos.o
                0x080194d4                lv_obj_set_pos
 .text.lv_obj_set_width
                0x080194e8       0x2e build/release/lv_obj_pos.o
                0x080194e8                lv_obj_set_width
 .text.lv_obj_set_height
                0x08019516       0x2e build/release/lv_obj_pos.o
                0x08019516                lv_obj_set_height
 .text.lv_obj_set_size
                0x08019544       0x14 build/release/lv_obj_pos.o
                0x08019544                lv_obj_set_size
 .text.lv_obj_is_layout_positioned
                0x08019558       0x34 build/release/lv_obj_pos.o
                0x08019558                lv_obj_is_layout_positioned
 .text.lv_obj_mark_layout_as_dirty
                0x0801958c       0x2c build/release/lv_obj_pos.o
                0x0801958c                lv_obj_mark_layout_as_dirty
 .text.lv_obj_set_layout
                0x080195b8       0x14 build/release/lv_obj_pos.o
                0x080195b8                lv_obj_set_layout
 .text.lv_layout_register
                0x080195cc       0x44 build/release/lv_obj_pos.o
                0x080195cc                lv_layout_register
 .text.lv_obj_align
                0x08019610       0x1a build/release/lv_obj_pos.o
                0x08019610                lv_obj_align
 .text.lv_obj_get_coords
                0x0801962a       0x1a build/release/lv_obj_pos.o
                0x0801962a                lv_obj_get_coords
 .text.lv_obj_get_x
                0x08019644       0x46 build/release/lv_obj_pos.o
                0x08019644                lv_obj_get_x
 .text.lv_obj_get_y
                0x0801968a       0x46 build/release/lv_obj_pos.o
                0x0801968a                lv_obj_get_y
 .text.lv_obj_get_width
                0x080196d0        0xe build/release/lv_obj_pos.o
                0x080196d0                lv_obj_get_width
 .text.lv_obj_get_height
                0x080196de        0xe build/release/lv_obj_pos.o
                0x080196de                lv_obj_get_height
 .text.lv_obj_get_y2
                0x080196ec       0x18 build/release/lv_obj_pos.o
                0x080196ec                lv_obj_get_y2
 .text.lv_obj_get_content_width
                0x08019704       0x40 build/release/lv_obj_pos.o
                0x08019704                lv_obj_get_content_width
 .text.lv_obj_get_content_height
                0x08019744       0x40 build/release/lv_obj_pos.o
                0x08019744                lv_obj_get_content_height
 .text.lv_obj_get_content_coords
                0x08019784       0x6e build/release/lv_obj_pos.o